Starting a Gradle Daemon, 2 stopped Daemons could not be reused, use --status for details
> Task :gradle-plugin:settings-plugin:checkKotlinGradlePluginConfigurationErrors SKIPPED
> Task :gradle-plugin:shared:checkKotlinGradlePluginConfigurationErrors SKIPPED
> Task :gradle-plugin:shared:compileKotlin UP-TO-DATE
> Task :gradle-plugin:shared:compileJava NO-SOURCE
> Task :gradle-plugin:shared:processResources NO-SOURCE
> Task :gradle-plugin:shared:classes UP-TO-DATE
> Task :gradle-plugin:shared:jar UP-TO-DATE
> Task :gradle-plugin:settings-plugin:compileKotlin UP-TO-DATE
> Task :gradle-plugin:settings-plugin:compileJava NO-SOURCE
> Task :gradle-plugin:settings-plugin:pluginDescriptors UP-TO-DATE
> Task :gradle-plugin:settings-plugin:processResources UP-TO-DATE
> Task :gradle-plugin:settings-plugin:classes UP-TO-DATE
> Task :gradle-plugin:settings-plugin:jar UP-TO-DATE
> Task :gradle-plugin:react-native-gradle-plugin:checkKotlinGradlePluginConfigurationErrors SKIPPED
> Task :gradle-plugin:react-native-gradle-plugin:compileKotlin UP-TO-DATE
> Task :gradle-plugin:react-native-gradle-plugin:compileJava NO-SOURCE
> Task :gradle-plugin:react-native-gradle-plugin:pluginDescriptors UP-TO-DATE
> Task :gradle-plugin:react-native-gradle-plugin:processResources UP-TO-DATE
> Task :gradle-plugin:react-native-gradle-plugin:classes UP-TO-DATE
> Task :gradle-plugin:react-native-gradle-plugin:jar UP-TO-DATE

> Configure project :app
WARNING: The option setting 'android.builtInKotlin=false' is deprecated.
The current default is 'true'.
It will be removed in version 10.0 of the Android Gradle plugin.
WARNING: The option setting 'android.newDsl=false' is deprecated.
The current default is 'true'.
It will be removed in version 10.0 of the Android Gradle plugin.
WARNING: API 'applicationVariants' is obsolete and has been replaced with 'AndroidComponentsExtension'.
It will be removed in version 10.0 of the Android Gradle plugin.
The legacy variant API is disabled by default in AGP 9.0, but can be re-enabled by adding 
    android.newDsl=false
to this project's gradle.properties file.
For more information, see http://developer.android.com/build/r/new-dsl.

To determine what is calling applicationVariants, use -Pandroid.debug.obsoleteApi=true on the command line to display more information.
WARNING: API 'testVariants' is obsolete and has been replaced with 'AndroidComponentsExtension'.
It will be removed in version 10.0 of the Android Gradle plugin.
The legacy variant API is disabled by default in AGP 9.0, but can be re-enabled by adding 
    android.newDsl=false
to this project's gradle.properties file.
For more information, see http://developer.android.com/build/r/new-dsl.

To determine what is calling testVariants, use -Pandroid.debug.obsoleteApi=true on the command line to display more information.
WARNING: API 'unitTestVariants' is obsolete and has been replaced with 'AndroidComponentsExtension'.
It will be removed in version 10.0 of the Android Gradle plugin.
The legacy variant API is disabled by default in AGP 9.0, but can be re-enabled by adding 
    android.newDsl=false
to this project's gradle.properties file.
For more information, see http://developer.android.com/build/r/new-dsl.

To determine what is calling unitTestVariants, use -Pandroid.debug.obsoleteApi=true on the command line to display more information.

> Configure project :invertase_react-native-apple-authentication
WARNING: API 'libraryVariants' is obsolete and has been replaced with 'AndroidComponentsExtension'.
It will be removed in version 10.0 of the Android Gradle plugin.
The legacy variant API is disabled by default in AGP 9.0, but can be re-enabled by adding 
    android.newDsl=false
to this project's gradle.properties file.
For more information, see http://developer.android.com/build/r/new-dsl.

To determine what is calling libraryVariants, use -Pandroid.debug.obsoleteApi=true on the command line to display more information.

> Configure project :react-native-firebase_app
:react-native-firebase_app package.json found at /Users/mostafamohamedelazab/Documents/lamma/node_modules/@react-native-firebase/app/package.json
:react-native-firebase_app:firebase.bom using default value: 34.18.0
:react-native-firebase_app:play.play-services-auth using default value: 21.5.0
:react-native-firebase_app package.json found at /Users/mostafamohamedelazab/Documents/lamma/node_modules/@react-native-firebase/app/package.json
:react-native-firebase_app:version set from package.json: 26.4.0 (26,4,0 - 26004000)
:react-native-firebase_app:android.compileSdk using custom value: 37
:react-native-firebase_app:android.targetSdk using custom value: 36
:react-native-firebase_app:android.minSdk using custom value: 24
:react-native-firebase_app:reactNativeAndroidDir /Users/mostafamohamedelazab/Documents/lamma/node_modules/react-native

> Configure project :react-native-firebase_auth
:react-native-firebase_auth package.json found at /Users/mostafamohamedelazab/Documents/lamma/node_modules/@react-native-firebase/auth/package.json
:react-native-firebase_app package.json found at /Users/mostafamohamedelazab/Documents/lamma/node_modules/@react-native-firebase/app/package.json
:react-native-firebase_auth:firebase.bom using default value: 34.18.0
:react-native-firebase_auth package.json found at /Users/mostafamohamedelazab/Documents/lamma/node_modules/@react-native-firebase/auth/package.json
:react-native-firebase_auth:version set from package.json: 26.4.0 (26,4,0 - 26004000)
:react-native-firebase_auth:android.compileSdk using custom value: 37
:react-native-firebase_auth:android.targetSdk using custom value: 36
:react-native-firebase_auth:android.minSdk using custom value: 24
:react-native-firebase_auth:reactNativeAndroidDir /Users/mostafamohamedelazab/Documents/lamma/node_modules/react-native

> Configure project :react-native-firebase_firestore
:react-native-firebase_firestore package.json found at /Users/mostafamohamedelazab/Documents/lamma/node_modules/@react-native-firebase/firestore/package.json
:react-native-firebase_app package.json found at /Users/mostafamohamedelazab/Documents/lamma/node_modules/@react-native-firebase/app/package.json
:react-native-firebase_firestore:firebase.bom using default value: 34.18.0
:react-native-firebase_firestore package.json found at /Users/mostafamohamedelazab/Documents/lamma/node_modules/@react-native-firebase/firestore/package.json
:react-native-firebase_firestore:version set from package.json: 26.4.0 (26,4,0 - 26004000)
:react-native-firebase_firestore:android.compileSdk using custom value: 37
:react-native-firebase_firestore:android.targetSdk using custom value: 36
:react-native-firebase_firestore:android.minSdk using custom value: 24
:react-native-firebase_firestore:reactNativeAndroidDir /Users/mostafamohamedelazab/Documents/lamma/node_modules/react-native

> Task :app:generateAutolinkingNewArchitectureFiles UP-TO-DATE
> Task :app:generateAutolinkingPackageList UP-TO-DATE
> Task :app:generateCodegenSchemaFromJavaScript SKIPPED
> Task :app:generateCodegenArtifactsFromSchema SKIPPED
> Task :app:generateReactNativeEntryPoint UP-TO-DATE
> Task :invertase_react-native-apple-authentication:preBuild UP-TO-DATE
> Task :react-native-async-storage_async-storage:generateCodegenSchemaFromJavaScript UP-TO-DATE
> Task :react-native-async-storage_async-storage:generateCodegenArtifactsFromSchema UP-TO-DATE
> Task :react-native-async-storage_async-storage:preBuild UP-TO-DATE
> Task :react-native-bootsplash:generateCodegenSchemaFromJavaScript UP-TO-DATE
> Task :react-native-bootsplash:generateCodegenArtifactsFromSchema UP-TO-DATE
> Task :react-native-bootsplash:preBuild UP-TO-DATE
> Task :react-native-clipboard_clipboard:generateCodegenSchemaFromJavaScript UP-TO-DATE
> Task :react-native-clipboard_clipboard:generateCodegenArtifactsFromSchema UP-TO-DATE
> Task :react-native-clipboard_clipboard:preBuild UP-TO-DATE
> Task :react-native-community_datetimepicker:generateCodegenSchemaFromJavaScript UP-TO-DATE
> Task :react-native-community_datetimepicker:generateCodegenArtifactsFromSchema UP-TO-DATE
> Task :react-native-community_datetimepicker:preBuild UP-TO-DATE
> Task :react-native-firebase_app:preBuild UP-TO-DATE
> Task :react-native-firebase_auth:preBuild UP-TO-DATE
> Task :react-native-firebase_firestore:preBuild UP-TO-DATE
> Task :react-native-gesture-handler:generateCodegenSchemaFromJavaScript UP-TO-DATE
> Task :react-native-gesture-handler:generateCodegenArtifactsFromSchema UP-TO-DATE
> Task :react-native-gesture-handler:preBuild UP-TO-DATE
> Task :react-native-google-signin_google-signin:generateCodegenSchemaFromJavaScript UP-TO-DATE
> Task :react-native-google-signin_google-signin:generateCodegenArtifactsFromSchema UP-TO-DATE
> Task :react-native-google-signin_google-signin:preBuild UP-TO-DATE
> Task :react-native-maps:generateCodegenSchemaFromJavaScript SKIPPED
> Task :react-native-maps:generateCodegenArtifactsFromSchema SKIPPED
> Task :react-native-maps:preBuild UP-TO-DATE
> Task :react-native-restart:generateCodegenSchemaFromJavaScript UP-TO-DATE
> Task :react-native-restart:generateCodegenArtifactsFromSchema UP-TO-DATE
> Task :react-native-restart:preBuild UP-TO-DATE
> Task :react-native-safe-area-context:generateCodegenSchemaFromJavaScript UP-TO-DATE
> Task :react-native-safe-area-context:generateCodegenArtifactsFromSchema UP-TO-DATE
> Task :react-native-safe-area-context:preBuild UP-TO-DATE
> Task :react-native-screens:generateCodegenSchemaFromJavaScript UP-TO-DATE
> Task :react-native-screens:generateCodegenArtifactsFromSchema UP-TO-DATE
> Task :react-native-screens:preBuild UP-TO-DATE
> Task :react-native-svg:generateCodegenSchemaFromJavaScript UP-TO-DATE
> Task :react-native-svg:generateCodegenArtifactsFromSchema UP-TO-DATE
> Task :react-native-svg:preBuild UP-TO-DATE
> Task :app:preBuild UP-TO-DATE
> Task :app:preDebugBuild UP-TO-DATE
> Task :app:mergeDebugNativeDebugMetadata NO-SOURCE
> Task :app:checkKotlinGradlePluginConfigurationErrors SKIPPED
> Task :app:generateDebugBuildConfig UP-TO-DATE
> Task :app:generateDebugResValues UP-TO-DATE
> Task :app:generateDebugResources UP-TO-DATE
> Task :app:injectCrashlyticsMappingFileIdDebug UP-TO-DATE
> Task :app:injectCrashlyticsVersionControlInfoDebug UP-TO-DATE
> Task :app:processDebugGoogleServices UP-TO-DATE
> Task :app:packageDebugResources UP-TO-DATE
> Task :invertase_react-native-apple-authentication:preDebugBuild UP-TO-DATE
> Task :invertase_react-native-apple-authentication:processDebugNavigationResources UP-TO-DATE
> Task :react-native-async-storage_async-storage:preDebugBuild UP-TO-DATE
> Task :react-native-async-storage_async-storage:processDebugNavigationResources UP-TO-DATE
> Task :react-native-bootsplash:preDebugBuild UP-TO-DATE
> Task :react-native-bootsplash:processDebugNavigationResources UP-TO-DATE
> Task :react-native-clipboard_clipboard:preDebugBuild UP-TO-DATE
> Task :react-native-clipboard_clipboard:processDebugNavigationResources UP-TO-DATE
> Task :react-native-community_datetimepicker:preDebugBuild UP-TO-DATE
> Task :react-native-community_datetimepicker:processDebugNavigationResources UP-TO-DATE
> Task :react-native-firebase_app:preDebugBuild UP-TO-DATE
> Task :react-native-firebase_app:processDebugNavigationResources UP-TO-DATE
> Task :react-native-firebase_auth:preDebugBuild UP-TO-DATE
> Task :react-native-firebase_auth:processDebugNavigationResources UP-TO-DATE
> Task :react-native-firebase_firestore:preDebugBuild UP-TO-DATE
> Task :react-native-firebase_firestore:processDebugNavigationResources UP-TO-DATE
> Task :react-native-gesture-handler:preDebugBuild UP-TO-DATE
> Task :react-native-gesture-handler:processDebugNavigationResources UP-TO-DATE
> Task :react-native-google-signin_google-signin:preDebugBuild UP-TO-DATE
> Task :react-native-google-signin_google-signin:processDebugNavigationResources UP-TO-DATE
> Task :react-native-maps:preDebugBuild UP-TO-DATE
> Task :react-native-maps:processDebugNavigationResources UP-TO-DATE
> Task :react-native-restart:preDebugBuild UP-TO-DATE
> Task :react-native-restart:processDebugNavigationResources UP-TO-DATE
> Task :react-native-safe-area-context:preDebugBuild UP-TO-DATE
> Task :react-native-safe-area-context:processDebugNavigationResources UP-TO-DATE
> Task :react-native-screens:preDebugBuild UP-TO-DATE
> Task :react-native-screens:processDebugNavigationResources UP-TO-DATE
> Task :react-native-svg:preDebugBuild UP-TO-DATE
> Task :react-native-svg:processDebugNavigationResources UP-TO-DATE
> Task :app:processDebugNavigationResources UP-TO-DATE
> Task :app:parseDebugLocalResources UP-TO-DATE
> Task :app:generateDebugRFile UP-TO-DATE
> Task :invertase_react-native-apple-authentication:checkKotlinGradlePluginConfigurationErrors SKIPPED
> Task :invertase_react-native-apple-authentication:generateDebugBuildConfig UP-TO-DATE
> Task :invertase_react-native-apple-authentication:generateDebugResources UP-TO-DATE
> Task :invertase_react-native-apple-authentication:packageDebugResources UP-TO-DATE
> Task :invertase_react-native-apple-authentication:parseDebugLocalResources UP-TO-DATE
> Task :invertase_react-native-apple-authentication:generateDebugRFile UP-TO-DATE
> Task :invertase_react-native-apple-authentication:compileDebugKotlin UP-TO-DATE
> Task :invertase_react-native-apple-authentication:javaPreCompileDebug UP-TO-DATE
> Task :invertase_react-native-apple-authentication:compileDebugJavaWithJavac UP-TO-DATE
> Task :invertase_react-native-apple-authentication:bundleLibCompileToJarDebug UP-TO-DATE
> Task :react-native-async-storage_async-storage:generateDebugBuildConfig UP-TO-DATE
> Task :react-native-async-storage_async-storage:generateDebugResources UP-TO-DATE
> Task :react-native-async-storage_async-storage:packageDebugResources UP-TO-DATE
> Task :react-native-async-storage_async-storage:parseDebugLocalResources UP-TO-DATE
> Task :react-native-async-storage_async-storage:generateDebugRFile UP-TO-DATE
> Task :react-native-async-storage_async-storage:javaPreCompileDebug UP-TO-DATE
> Task :react-native-async-storage_async-storage:compileDebugJavaWithJavac UP-TO-DATE
> Task :react-native-async-storage_async-storage:bundleLibCompileToJarDebug UP-TO-DATE
> Task :react-native-bootsplash:checkKotlinGradlePluginConfigurationErrors SKIPPED
> Task :react-native-bootsplash:generateDebugBuildConfig UP-TO-DATE
> Task :react-native-bootsplash:generateDebugResources UP-TO-DATE
> Task :react-native-bootsplash:packageDebugResources UP-TO-DATE
> Task :react-native-bootsplash:parseDebugLocalResources UP-TO-DATE
> Task :react-native-bootsplash:generateDebugRFile UP-TO-DATE
> Task :react-native-bootsplash:compileDebugKotlin UP-TO-DATE
> Task :react-native-bootsplash:javaPreCompileDebug UP-TO-DATE
> Task :react-native-bootsplash:compileDebugJavaWithJavac UP-TO-DATE
> Task :react-native-bootsplash:bundleLibCompileToJarDebug UP-TO-DATE
> Task :react-native-clipboard_clipboard:generateDebugBuildConfig UP-TO-DATE
> Task :react-native-clipboard_clipboard:generateDebugResources UP-TO-DATE
> Task :react-native-clipboard_clipboard:packageDebugResources UP-TO-DATE
> Task :react-native-clipboard_clipboard:parseDebugLocalResources UP-TO-DATE
> Task :react-native-clipboard_clipboard:generateDebugRFile UP-TO-DATE
> Task :react-native-clipboard_clipboard:javaPreCompileDebug UP-TO-DATE
> Task :react-native-clipboard_clipboard:compileDebugJavaWithJavac UP-TO-DATE
> Task :react-native-clipboard_clipboard:bundleLibCompileToJarDebug UP-TO-DATE
> Task :react-native-community_datetimepicker:checkKotlinGradlePluginConfigurationErrors SKIPPED
> Task :react-native-community_datetimepicker:generateDebugBuildConfig UP-TO-DATE
> Task :react-native-community_datetimepicker:generateDebugResources UP-TO-DATE
> Task :react-native-community_datetimepicker:packageDebugResources UP-TO-DATE
> Task :react-native-community_datetimepicker:parseDebugLocalResources UP-TO-DATE
> Task :react-native-community_datetimepicker:generateDebugRFile UP-TO-DATE
> Task :react-native-community_datetimepicker:compileDebugKotlin UP-TO-DATE
> Task :react-native-community_datetimepicker:javaPreCompileDebug UP-TO-DATE
> Task :react-native-community_datetimepicker:compileDebugJavaWithJavac UP-TO-DATE
> Task :react-native-community_datetimepicker:bundleLibCompileToJarDebug UP-TO-DATE
> Task :react-native-firebase_app:generateDebugBuildConfig UP-TO-DATE
> Task :react-native-firebase_app:generateDebugResources UP-TO-DATE
> Task :react-native-firebase_app:packageDebugResources UP-TO-DATE
> Task :react-native-firebase_app:parseDebugLocalResources UP-TO-DATE
> Task :react-native-firebase_app:generateDebugRFile UP-TO-DATE
> Task :react-native-firebase_app:javaPreCompileDebug UP-TO-DATE
> Task :react-native-firebase_app:compileDebugJavaWithJavac UP-TO-DATE
> Task :react-native-firebase_app:bundleLibCompileToJarDebug UP-TO-DATE
> Task :react-native-firebase_auth:generateDebugResources UP-TO-DATE
> Task :react-native-firebase_auth:packageDebugResources UP-TO-DATE
> Task :react-native-firebase_auth:parseDebugLocalResources UP-TO-DATE
> Task :react-native-firebase_auth:generateDebugRFile UP-TO-DATE
> Task :react-native-firebase_auth:javaPreCompileDebug UP-TO-DATE
> Task :react-native-firebase_auth:compileDebugJavaWithJavac UP-TO-DATE
> Task :react-native-firebase_auth:bundleLibCompileToJarDebug UP-TO-DATE
> Task :react-native-firebase_firestore:generateDebugResources UP-TO-DATE
> Task :react-native-firebase_firestore:packageDebugResources UP-TO-DATE
> Task :react-native-firebase_firestore:parseDebugLocalResources UP-TO-DATE
> Task :react-native-firebase_firestore:generateDebugRFile UP-TO-DATE
> Task :react-native-firebase_firestore:javaPreCompileDebug UP-TO-DATE
> Task :react-native-firebase_firestore:compileDebugJavaWithJavac UP-TO-DATE
> Task :react-native-firebase_firestore:bundleLibCompileToJarDebug UP-TO-DATE
> Task :react-native-gesture-handler:checkKotlinGradlePluginConfigurationErrors SKIPPED
> Task :react-native-gesture-handler:generateDebugBuildConfig UP-TO-DATE
> Task :react-native-gesture-handler:generateDebugResources UP-TO-DATE
> Task :react-native-gesture-handler:packageDebugResources UP-TO-DATE
> Task :react-native-gesture-handler:parseDebugLocalResources UP-TO-DATE
> Task :react-native-gesture-handler:generateDebugRFile UP-TO-DATE
> Task :react-native-svg:generateDebugBuildConfig UP-TO-DATE
> Task :react-native-svg:generateDebugResources UP-TO-DATE
> Task :react-native-svg:packageDebugResources UP-TO-DATE
> Task :react-native-svg:parseDebugLocalResources UP-TO-DATE
> Task :react-native-svg:generateDebugRFile UP-TO-DATE
> Task :react-native-svg:javaPreCompileDebug UP-TO-DATE
> Task :react-native-svg:compileDebugJavaWithJavac UP-TO-DATE
> Task :react-native-svg:bundleLibCompileToJarDebug UP-TO-DATE
> Task :react-native-gesture-handler:compileDebugKotlin UP-TO-DATE
> Task :react-native-gesture-handler:javaPreCompileDebug UP-TO-DATE
> Task :react-native-gesture-handler:compileDebugJavaWithJavac UP-TO-DATE
> Task :react-native-gesture-handler:bundleLibCompileToJarDebug UP-TO-DATE
> Task :react-native-google-signin_google-signin:checkKotlinGradlePluginConfigurationErrors SKIPPED
> Task :react-native-google-signin_google-signin:generateDebugBuildConfig UP-TO-DATE
> Task :react-native-google-signin_google-signin:generateDebugResources UP-TO-DATE
> Task :react-native-google-signin_google-signin:packageDebugResources UP-TO-DATE
> Task :react-native-google-signin_google-signin:parseDebugLocalResources UP-TO-DATE
> Task :react-native-google-signin_google-signin:generateDebugRFile UP-TO-DATE
> Task :react-native-google-signin_google-signin:compileDebugKotlin UP-TO-DATE
> Task :react-native-google-signin_google-signin:javaPreCompileDebug UP-TO-DATE
> Task :react-native-google-signin_google-signin:compileDebugJavaWithJavac UP-TO-DATE
> Task :react-native-google-signin_google-signin:bundleLibCompileToJarDebug UP-TO-DATE
> Task :react-native-maps:checkKotlinGradlePluginConfigurationErrors SKIPPED
> Task :react-native-maps:generateDebugBuildConfig UP-TO-DATE
> Task :react-native-maps:generateDebugResources UP-TO-DATE
> Task :react-native-maps:packageDebugResources UP-TO-DATE
> Task :react-native-maps:parseDebugLocalResources UP-TO-DATE
> Task :react-native-maps:generateDebugRFile UP-TO-DATE
> Task :react-native-maps:compileDebugKotlin NO-SOURCE
> Task :react-native-maps:javaPreCompileDebug UP-TO-DATE
> Task :react-native-maps:compileDebugJavaWithJavac UP-TO-DATE
> Task :react-native-maps:bundleLibCompileToJarDebug UP-TO-DATE
> Task :react-native-restart:generateDebugBuildConfig UP-TO-DATE
> Task :react-native-restart:generateDebugResources UP-TO-DATE
> Task :react-native-restart:packageDebugResources UP-TO-DATE
> Task :react-native-restart:parseDebugLocalResources UP-TO-DATE
> Task :react-native-restart:generateDebugRFile UP-TO-DATE
> Task :react-native-restart:javaPreCompileDebug UP-TO-DATE
> Task :react-native-restart:compileDebugJavaWithJavac UP-TO-DATE
> Task :react-native-restart:bundleLibCompileToJarDebug UP-TO-DATE
> Task :react-native-safe-area-context:checkKotlinGradlePluginConfigurationErrors SKIPPED
> Task :react-native-safe-area-context:generateDebugBuildConfig UP-TO-DATE
> Task :react-native-safe-area-context:generateDebugResources UP-TO-DATE
> Task :react-native-safe-area-context:packageDebugResources UP-TO-DATE
> Task :react-native-safe-area-context:parseDebugLocalResources UP-TO-DATE
> Task :react-native-safe-area-context:generateDebugRFile UP-TO-DATE
> Task :react-native-safe-area-context:compileDebugKotlin UP-TO-DATE
> Task :react-native-safe-area-context:javaPreCompileDebug UP-TO-DATE
> Task :react-native-safe-area-context:compileDebugJavaWithJavac UP-TO-DATE
> Task :react-native-safe-area-context:bundleLibCompileToJarDebug UP-TO-DATE
> Task :react-native-screens:checkKotlinGradlePluginConfigurationErrors SKIPPED
> Task :react-native-screens:generateDebugBuildConfig UP-TO-DATE
> Task :react-native-screens:generateDebugResources UP-TO-DATE
> Task :react-native-screens:packageDebugResources UP-TO-DATE
> Task :react-native-screens:parseDebugLocalResources UP-TO-DATE
> Task :react-native-screens:generateDebugRFile UP-TO-DATE
> Task :react-native-screens:compileDebugKotlin UP-TO-DATE
> Task :react-native-screens:javaPreCompileDebug UP-TO-DATE
> Task :react-native-screens:compileDebugJavaWithJavac UP-TO-DATE
> Task :react-native-screens:bundleLibCompileToJarDebug UP-TO-DATE
> Task :app:compileDebugKotlin UP-TO-DATE
> Task :app:javaPreCompileDebug UP-TO-DATE
> Task :app:compileDebugJavaWithJavac UP-TO-DATE
> Task :app:generateDebugAssets UP-TO-DATE
> Task :invertase_react-native-apple-authentication:generateDebugAssets UP-TO-DATE
> Task :invertase_react-native-apple-authentication:mergeDebugAssets UP-TO-DATE
> Task :react-native-async-storage_async-storage:generateDebugAssets UP-TO-DATE
> Task :react-native-async-storage_async-storage:mergeDebugAssets UP-TO-DATE
> Task :react-native-bootsplash:generateDebugAssets UP-TO-DATE
> Task :react-native-bootsplash:mergeDebugAssets UP-TO-DATE
> Task :react-native-clipboard_clipboard:generateDebugAssets UP-TO-DATE
> Task :react-native-clipboard_clipboard:mergeDebugAssets UP-TO-DATE
> Task :react-native-community_datetimepicker:generateDebugAssets UP-TO-DATE
> Task :react-native-community_datetimepicker:mergeDebugAssets UP-TO-DATE
> Task :react-native-firebase_app:generateDebugAssets UP-TO-DATE
> Task :react-native-firebase_app:mergeDebugAssets UP-TO-DATE
> Task :react-native-firebase_auth:generateDebugAssets UP-TO-DATE
> Task :react-native-firebase_auth:mergeDebugAssets UP-TO-DATE
> Task :react-native-firebase_firestore:generateDebugAssets UP-TO-DATE
> Task :react-native-firebase_firestore:mergeDebugAssets UP-TO-DATE
> Task :react-native-gesture-handler:generateDebugAssets UP-TO-DATE
> Task :react-native-gesture-handler:mergeDebugAssets UP-TO-DATE
> Task :react-native-google-signin_google-signin:generateDebugAssets UP-TO-DATE
> Task :react-native-google-signin_google-signin:mergeDebugAssets UP-TO-DATE
> Task :react-native-maps:generateDebugAssets UP-TO-DATE
> Task :react-native-maps:mergeDebugAssets UP-TO-DATE
> Task :react-native-restart:generateDebugAssets UP-TO-DATE
> Task :react-native-restart:mergeDebugAssets UP-TO-DATE
> Task :react-native-safe-area-context:generateDebugAssets UP-TO-DATE
> Task :react-native-safe-area-context:mergeDebugAssets UP-TO-DATE
> Task :react-native-screens:generateDebugAssets UP-TO-DATE
> Task :react-native-screens:mergeDebugAssets UP-TO-DATE
> Task :react-native-svg:generateDebugAssets UP-TO-DATE
> Task :react-native-svg:mergeDebugAssets UP-TO-DATE
> Task :app:mergeDebugAssets UP-TO-DATE
> Task :app:compressDebugAssets UP-TO-DATE
> Task :app:generateDebugGlobalSynthetics UP-TO-DATE
> Task :app:processDebugJavaRes UP-TO-DATE
> Task :invertase_react-native-apple-authentication:processDebugJavaRes UP-TO-DATE
> Task :react-native-async-storage_async-storage:processDebugJavaRes NO-SOURCE
> Task :react-native-bootsplash:processDebugJavaRes UP-TO-DATE
> Task :react-native-clipboard_clipboard:processDebugJavaRes NO-SOURCE
> Task :react-native-community_datetimepicker:processDebugJavaRes UP-TO-DATE
> Task :react-native-firebase_app:processDebugJavaRes NO-SOURCE
> Task :react-native-firebase_auth:processDebugJavaRes NO-SOURCE
> Task :react-native-firebase_firestore:processDebugJavaRes NO-SOURCE
> Task :react-native-gesture-handler:processDebugJavaRes UP-TO-DATE
> Task :react-native-google-signin_google-signin:processDebugJavaRes UP-TO-DATE
> Task :react-native-maps:processDebugJavaRes NO-SOURCE
> Task :react-native-restart:processDebugJavaRes NO-SOURCE
> Task :react-native-safe-area-context:processDebugJavaRes UP-TO-DATE
> Task :react-native-screens:processDebugJavaRes UP-TO-DATE
> Task :react-native-svg:processDebugJavaRes NO-SOURCE
> Task :app:mergeDebugJavaResource UP-TO-DATE
> Task :app:checkDebugDuplicateClasses UP-TO-DATE
> Task :app:desugarDebugFileDependencies UP-TO-DATE
> Task :app:mergeExtDexDebug UP-TO-DATE
> Task :invertase_react-native-apple-authentication:bundleLibRuntimeToDirDebug UP-TO-DATE
> Task :react-native-community_datetimepicker:bundleLibRuntimeToDirDebug UP-TO-DATE
> Task :react-native-google-signin_google-signin:bundleLibRuntimeToDirDebug UP-TO-DATE
> Task :react-native-bootsplash:bundleLibRuntimeToDirDebug UP-TO-DATE
> Task :react-native-gesture-handler:bundleLibRuntimeToDirDebug UP-TO-DATE
> Task :react-native-maps:bundleLibRuntimeToDirDebug UP-TO-DATE
> Task :react-native-safe-area-context:bundleLibRuntimeToDirDebug UP-TO-DATE
> Task :react-native-screens:bundleLibRuntimeToDirDebug UP-TO-DATE
> Task :react-native-async-storage_async-storage:bundleLibRuntimeToDirDebug UP-TO-DATE
> Task :react-native-clipboard_clipboard:bundleLibRuntimeToDirDebug UP-TO-DATE
> Task :react-native-firebase_auth:bundleLibRuntimeToDirDebug UP-TO-DATE
> Task :react-native-firebase_firestore:bundleLibRuntimeToDirDebug UP-TO-DATE
> Task :react-native-firebase_app:bundleLibRuntimeToDirDebug UP-TO-DATE
> Task :react-native-restart:bundleLibRuntimeToDirDebug UP-TO-DATE
> Task :react-native-svg:bundleLibRuntimeToDirDebug UP-TO-DATE
> Task :invertase_react-native-apple-authentication:writeDebugAarMetadata UP-TO-DATE
> Task :react-native-async-storage_async-storage:writeDebugAarMetadata UP-TO-DATE
> Task :react-native-bootsplash:writeDebugAarMetadata UP-TO-DATE
> Task :react-native-clipboard_clipboard:writeDebugAarMetadata UP-TO-DATE
> Task :react-native-community_datetimepicker:writeDebugAarMetadata UP-TO-DATE
> Task :react-native-firebase_app:writeDebugAarMetadata UP-TO-DATE
> Task :app:mergeLibDexDebug UP-TO-DATE
> Task :react-native-firebase_auth:writeDebugAarMetadata UP-TO-DATE
> Task :react-native-firebase_firestore:writeDebugAarMetadata UP-TO-DATE
> Task :react-native-gesture-handler:writeDebugAarMetadata UP-TO-DATE
> Task :react-native-google-signin_google-signin:writeDebugAarMetadata UP-TO-DATE
> Task :react-native-maps:writeDebugAarMetadata UP-TO-DATE
> Task :react-native-restart:writeDebugAarMetadata UP-TO-DATE
> Task :react-native-safe-area-context:writeDebugAarMetadata UP-TO-DATE
> Task :react-native-screens:writeDebugAarMetadata UP-TO-DATE
> Task :react-native-svg:writeDebugAarMetadata UP-TO-DATE
> Task :app:checkDebugAarMetadata UP-TO-DATE
> Task :app:mapDebugSourceSetPaths UP-TO-DATE
> Task :app:compileDebugNavigationResources UP-TO-DATE
> Task :app:mergeDebugResources UP-TO-DATE
> Task :app:createDebugCompatibleScreenManifests UP-TO-DATE
> Task :app:extractDeepLinksDebug UP-TO-DATE
> Task :invertase_react-native-apple-authentication:extractDeepLinksDebug UP-TO-DATE
> Task :invertase_react-native-apple-authentication:processDebugManifest UP-TO-DATE
> Task :react-native-async-storage_async-storage:extractDeepLinksDebug UP-TO-DATE
> Task :react-native-async-storage_async-storage:processDebugManifest UP-TO-DATE
> Task :react-native-bootsplash:extractDeepLinksDebug UP-TO-DATE
> Task :react-native-bootsplash:processDebugManifest UP-TO-DATE
> Task :react-native-clipboard_clipboard:extractDeepLinksDebug UP-TO-DATE
> Task :react-native-clipboard_clipboard:processDebugManifest UP-TO-DATE
> Task :react-native-community_datetimepicker:extractDeepLinksDebug UP-TO-DATE
> Task :react-native-community_datetimepicker:processDebugManifest UP-TO-DATE
> Task :react-native-firebase_app:extractDeepLinksDebug UP-TO-DATE
> Task :react-native-firebase_app:processDebugManifest UP-TO-DATE
> Task :react-native-firebase_auth:extractDeepLinksDebug UP-TO-DATE
> Task :react-native-firebase_auth:processDebugManifest UP-TO-DATE
> Task :react-native-firebase_firestore:extractDeepLinksDebug UP-TO-DATE
> Task :react-native-firebase_firestore:processDebugManifest UP-TO-DATE
> Task :react-native-gesture-handler:extractDeepLinksDebug UP-TO-DATE
> Task :react-native-gesture-handler:processDebugManifest UP-TO-DATE
> Task :react-native-google-signin_google-signin:extractDeepLinksDebug UP-TO-DATE
> Task :react-native-google-signin_google-signin:processDebugManifest UP-TO-DATE
> Task :react-native-maps:extractDeepLinksDebug UP-TO-DATE
> Task :react-native-maps:processDebugManifest UP-TO-DATE
> Task :react-native-restart:extractDeepLinksDebug UP-TO-DATE
> Task :react-native-restart:processDebugManifest UP-TO-DATE
> Task :react-native-safe-area-context:extractDeepLinksDebug UP-TO-DATE
> Task :react-native-safe-area-context:processDebugManifest UP-TO-DATE
> Task :react-native-screens:extractDeepLinksDebug UP-TO-DATE
> Task :react-native-screens:processDebugManifest UP-TO-DATE
> Task :react-native-svg:extractDeepLinksDebug UP-TO-DATE
> Task :react-native-svg:processDebugManifest UP-TO-DATE
> Task :app:processDebugMainManifest UP-TO-DATE
> Task :app:processDebugManifest UP-TO-DATE
> Task :app:processDebugManifestForPackage UP-TO-DATE
> Task :invertase_react-native-apple-authentication:mapDebugSourceSetPaths UP-TO-DATE
> Task :invertase_react-native-apple-authentication:compileDebugLibraryResources UP-TO-DATE
> Task :react-native-async-storage_async-storage:mapDebugSourceSetPaths UP-TO-DATE
> Task :react-native-async-storage_async-storage:compileDebugLibraryResources UP-TO-DATE
> Task :react-native-bootsplash:mapDebugSourceSetPaths UP-TO-DATE
> Task :react-native-bootsplash:compileDebugLibraryResources UP-TO-DATE
> Task :react-native-clipboard_clipboard:mapDebugSourceSetPaths UP-TO-DATE
> Task :react-native-clipboard_clipboard:compileDebugLibraryResources UP-TO-DATE
> Task :react-native-community_datetimepicker:mapDebugSourceSetPaths UP-TO-DATE
> Task :react-native-community_datetimepicker:compileDebugLibraryResources UP-TO-DATE
> Task :react-native-firebase_app:mapDebugSourceSetPaths UP-TO-DATE
> Task :react-native-firebase_app:compileDebugLibraryResources UP-TO-DATE
> Task :react-native-firebase_auth:mapDebugSourceSetPaths UP-TO-DATE
> Task :react-native-firebase_auth:compileDebugLibraryResources UP-TO-DATE
> Task :react-native-firebase_firestore:mapDebugSourceSetPaths UP-TO-DATE
> Task :react-native-firebase_firestore:compileDebugLibraryResources UP-TO-DATE
> Task :react-native-gesture-handler:mapDebugSourceSetPaths UP-TO-DATE
> Task :react-native-gesture-handler:compileDebugLibraryResources UP-TO-DATE
> Task :react-native-google-signin_google-signin:mapDebugSourceSetPaths UP-TO-DATE
> Task :react-native-google-signin_google-signin:compileDebugLibraryResources UP-TO-DATE
> Task :react-native-maps:mapDebugSourceSetPaths UP-TO-DATE
> Task :react-native-maps:compileDebugLibraryResources UP-TO-DATE
> Task :react-native-restart:mapDebugSourceSetPaths UP-TO-DATE
> Task :react-native-restart:compileDebugLibraryResources UP-TO-DATE
> Task :react-native-safe-area-context:mapDebugSourceSetPaths UP-TO-DATE
> Task :react-native-safe-area-context:compileDebugLibraryResources UP-TO-DATE
> Task :react-native-screens:mapDebugSourceSetPaths UP-TO-DATE
> Task :react-native-screens:compileDebugLibraryResources UP-TO-DATE
> Task :react-native-svg:mapDebugSourceSetPaths UP-TO-DATE
> Task :react-native-svg:compileDebugLibraryResources UP-TO-DATE
> Task :app:processDebugResources UP-TO-DATE
> Task :app:dexBuilderDebug UP-TO-DATE
> Task :app:mergeProjectDexDebug UP-TO-DATE
> Task :app:configureCMakeDebug[arm64-v8a]
> Task :app:buildCMakeDebug[arm64-v8a]
> Task :app:mergeDebugJniLibFolders
> Task :invertase_react-native-apple-authentication:mergeDebugJniLibFolders
> Task :invertase_react-native-apple-authentication:mergeDebugNativeLibs NO-SOURCE
> Task :invertase_react-native-apple-authentication:copyDebugJniLibsProjectOnly
> Task :react-native-async-storage_async-storage:mergeDebugJniLibFolders
> Task :react-native-async-storage_async-storage:mergeDebugNativeLibs NO-SOURCE
> Task :react-native-async-storage_async-storage:copyDebugJniLibsProjectOnly
> Task :react-native-bootsplash:mergeDebugJniLibFolders
> Task :react-native-bootsplash:mergeDebugNativeLibs NO-SOURCE
> Task :react-native-bootsplash:copyDebugJniLibsProjectOnly
> Task :react-native-clipboard_clipboard:mergeDebugJniLibFolders
> Task :react-native-clipboard_clipboard:mergeDebugNativeLibs NO-SOURCE
> Task :react-native-clipboard_clipboard:copyDebugJniLibsProjectOnly
> Task :react-native-community_datetimepicker:mergeDebugJniLibFolders
> Task :react-native-community_datetimepicker:mergeDebugNativeLibs NO-SOURCE
> Task :react-native-community_datetimepicker:copyDebugJniLibsProjectOnly
> Task :react-native-firebase_app:mergeDebugJniLibFolders
> Task :react-native-firebase_app:mergeDebugNativeLibs NO-SOURCE
> Task :react-native-firebase_app:copyDebugJniLibsProjectOnly
> Task :react-native-firebase_auth:mergeDebugJniLibFolders
> Task :react-native-firebase_auth:mergeDebugNativeLibs NO-SOURCE
> Task :react-native-firebase_auth:copyDebugJniLibsProjectOnly
> Task :react-native-firebase_firestore:mergeDebugJniLibFolders
> Task :react-native-firebase_firestore:mergeDebugNativeLibs NO-SOURCE
> Task :react-native-firebase_firestore:copyDebugJniLibsProjectOnly
> Task :react-native-gesture-handler:configureCMakeDebug[arm64-v8a]
> Task :react-native-gesture-handler:buildCMakeDebug[arm64-v8a]
> Task :react-native-gesture-handler:mergeDebugJniLibFolders
> Task :react-native-google-signin_google-signin:mergeDebugJniLibFolders
> Task :react-native-google-signin_google-signin:mergeDebugNativeLibs NO-SOURCE
> Task :react-native-google-signin_google-signin:copyDebugJniLibsProjectOnly
> Task :react-native-maps:mergeDebugJniLibFolders
> Task :react-native-maps:mergeDebugNativeLibs NO-SOURCE
> Task :react-native-maps:copyDebugJniLibsProjectOnly
> Task :react-native-restart:mergeDebugJniLibFolders
> Task :react-native-gesture-handler:mergeDebugNativeLibs
> Task :react-native-restart:mergeDebugNativeLibs NO-SOURCE
> Task :react-native-restart:copyDebugJniLibsProjectOnly
> Task :react-native-safe-area-context:mergeDebugJniLibFolders
> Task :react-native-safe-area-context:mergeDebugNativeLibs NO-SOURCE
> Task :react-native-safe-area-context:copyDebugJniLibsProjectOnly
> Task :react-native-gesture-handler:copyDebugJniLibsProjectOnly
> Task :react-native-screens:configureCMakeDebug[arm64-v8a]
> Task :react-native-screens:buildCMakeDebug[arm64-v8a]
> Task :react-native-screens:mergeDebugJniLibFolders
> Task :react-native-svg:mergeDebugJniLibFolders
> Task :react-native-svg:mergeDebugNativeLibs NO-SOURCE
> Task :react-native-svg:copyDebugJniLibsProjectOnly
> Task :app:validateSigningDebug
> Task :app:writeDebugAppMetadata
> Task :react-native-screens:mergeDebugNativeLibs
> Task :app:writeDebugSigningConfigVersions
> Task :react-native-screens:copyDebugJniLibsProjectOnly
> Task :invertase_react-native-apple-authentication:checkDebugAarMetadata
> Task :invertase_react-native-apple-authentication:stripDebugDebugSymbols NO-SOURCE
> Task :invertase_react-native-apple-authentication:copyDebugJniLibsProjectAndLocalJars
> Task :app:mergeDebugNativeLibs
> Task :invertase_react-native-apple-authentication:extractDebugAnnotations
> Task :invertase_react-native-apple-authentication:extractDeepLinksForAarDebug
> Task :invertase_react-native-apple-authentication:mergeDebugGeneratedProguardFiles
> Task :invertase_react-native-apple-authentication:mergeDebugConsumerProguardFiles
> Task :invertase_react-native-apple-authentication:prepareDebugArtProfile
> Task :react-native-async-storage_async-storage:stripDebugDebugSymbols NO-SOURCE
> Task :react-native-async-storage_async-storage:copyDebugJniLibsProjectAndLocalJars
> Task :invertase_react-native-apple-authentication:prepareLintJarForPublish
> Task :react-native-async-storage_async-storage:checkDebugAarMetadata
> Task :react-native-async-storage_async-storage:extractDebugAnnotations
> Task :react-native-async-storage_async-storage:extractDeepLinksForAarDebug
> Task :react-native-async-storage_async-storage:mergeDebugGeneratedProguardFiles
> Task :react-native-async-storage_async-storage:mergeDebugConsumerProguardFiles
> Task :react-native-async-storage_async-storage:prepareDebugArtProfile
> Task :react-native-async-storage_async-storage:prepareLintJarForPublish
> Task :react-native-bootsplash:stripDebugDebugSymbols NO-SOURCE
> Task :react-native-bootsplash:checkDebugAarMetadata
> Task :react-native-bootsplash:copyDebugJniLibsProjectAndLocalJars
> Task :react-native-bootsplash:extractDebugAnnotations
> Task :react-native-bootsplash:extractDeepLinksForAarDebug
> Task :react-native-bootsplash:mergeDebugGeneratedProguardFiles
> Task :react-native-bootsplash:mergeDebugConsumerProguardFiles
> Task :react-native-bootsplash:prepareDebugArtProfile
> Task :react-native-bootsplash:prepareLintJarForPublish
> Task :react-native-clipboard_clipboard:stripDebugDebugSymbols NO-SOURCE
> Task :react-native-clipboard_clipboard:copyDebugJniLibsProjectAndLocalJars
> Task :react-native-clipboard_clipboard:checkDebugAarMetadata
> Task :react-native-async-storage_async-storage:mergeDebugJavaResource
> Task :react-native-clipboard_clipboard:extractDebugAnnotations
> Task :react-native-bootsplash:mergeDebugJavaResource
> Task :invertase_react-native-apple-authentication:mergeDebugJavaResource
> Task :react-native-async-storage_async-storage:syncDebugLibJars
> Task :invertase_react-native-apple-authentication:syncDebugLibJars
> Task :invertase_react-native-apple-authentication:bundleDebugAar
> Task :invertase_react-native-apple-authentication:assembleDebug
> Task :react-native-async-storage_async-storage:bundleDebugAar
> Task :react-native-async-storage_async-storage:assembleDebug
> Task :react-native-bootsplash:syncDebugLibJars
> Task :react-native-bootsplash:bundleDebugAar
> Task :react-native-bootsplash:assembleDebug
> Task :react-native-clipboard_clipboard:extractDeepLinksForAarDebug
> Task :react-native-clipboard_clipboard:mergeDebugGeneratedProguardFiles
> Task :react-native-clipboard_clipboard:mergeDebugConsumerProguardFiles
> Task :react-native-clipboard_clipboard:prepareDebugArtProfile
> Task :react-native-clipboard_clipboard:prepareLintJarForPublish
> Task :react-native-clipboard_clipboard:mergeDebugJavaResource
> Task :app:stripDebugDebugSymbols
> Task :react-native-community_datetimepicker:checkDebugAarMetadata
> Task :react-native-clipboard_clipboard:syncDebugLibJars
> Task :react-native-clipboard_clipboard:bundleDebugAar
> Task :react-native-clipboard_clipboard:assembleDebug
> Task :react-native-community_datetimepicker:stripDebugDebugSymbols NO-SOURCE
> Task :react-native-community_datetimepicker:copyDebugJniLibsProjectAndLocalJars
> Task :react-native-community_datetimepicker:extractDebugAnnotations
> Task :react-native-community_datetimepicker:extractDeepLinksForAarDebug
> Task :react-native-community_datetimepicker:mergeDebugGeneratedProguardFiles
> Task :react-native-community_datetimepicker:mergeDebugConsumerProguardFiles
> Task :react-native-community_datetimepicker:prepareDebugArtProfile
> Task :react-native-community_datetimepicker:prepareLintJarForPublish
> Task :react-native-community_datetimepicker:mergeDebugJavaResource
> Task :react-native-firebase_app:checkDebugAarMetadata
> Task :react-native-community_datetimepicker:syncDebugLibJars
> Task :react-native-community_datetimepicker:bundleDebugAar
> Task :react-native-community_datetimepicker:assembleDebug
> Task :react-native-firebase_app:stripDebugDebugSymbols NO-SOURCE
> Task :react-native-firebase_app:copyDebugJniLibsProjectAndLocalJars
> Task :react-native-firebase_app:extractDebugAnnotations
> Task :react-native-firebase_app:extractDeepLinksForAarDebug
> Task :react-native-firebase_app:mergeDebugGeneratedProguardFiles
> Task :react-native-firebase_app:mergeDebugConsumerProguardFiles
> Task :react-native-firebase_app:prepareDebugArtProfile
> Task :react-native-firebase_app:prepareLintJarForPublish
> Task :react-native-firebase_app:mergeDebugJavaResource
> Task :react-native-firebase_auth:checkDebugAarMetadata
> Task :react-native-firebase_app:syncDebugLibJars
> Task :react-native-firebase_app:bundleDebugAar
> Task :react-native-firebase_app:assembleDebug
> Task :react-native-firebase_auth:stripDebugDebugSymbols NO-SOURCE
> Task :react-native-firebase_auth:copyDebugJniLibsProjectAndLocalJars
> Task :react-native-firebase_auth:extractDebugAnnotations
> Task :react-native-firebase_auth:extractDeepLinksForAarDebug
> Task :react-native-firebase_auth:mergeDebugGeneratedProguardFiles
> Task :react-native-firebase_auth:mergeDebugConsumerProguardFiles
> Task :react-native-firebase_auth:prepareDebugArtProfile
> Task :react-native-firebase_auth:prepareLintJarForPublish
> Task :react-native-firebase_auth:mergeDebugJavaResource
> Task :react-native-firebase_firestore:checkDebugAarMetadata
> Task :react-native-firebase_auth:syncDebugLibJars
> Task :react-native-firebase_auth:bundleDebugAar
> Task :react-native-firebase_auth:assembleDebug
> Task :react-native-firebase_firestore:stripDebugDebugSymbols NO-SOURCE
> Task :react-native-firebase_firestore:copyDebugJniLibsProjectAndLocalJars
> Task :react-native-firebase_firestore:extractDebugAnnotations
> Task :react-native-firebase_firestore:extractDeepLinksForAarDebug
> Task :react-native-firebase_firestore:mergeDebugGeneratedProguardFiles
> Task :react-native-firebase_firestore:mergeDebugConsumerProguardFiles
> Task :react-native-firebase_firestore:prepareDebugArtProfile
> Task :react-native-firebase_firestore:prepareLintJarForPublish
> Task :react-native-firebase_firestore:mergeDebugJavaResource
> Task :react-native-gesture-handler:checkDebugAarMetadata
> Task :react-native-firebase_firestore:syncDebugLibJars
> Task :react-native-firebase_firestore:bundleDebugAar
> Task :react-native-firebase_firestore:assembleDebug
> Task :react-native-gesture-handler:stripDebugDebugSymbols
> Task :app:packageDebug
> Task :app:createDebugApkListingFileRedirect
> Task :app:assembleDebug
> Task :react-native-gesture-handler:copyDebugJniLibsProjectAndLocalJars
> Task :react-native-gesture-handler:extractDebugAnnotations
> Task :react-native-gesture-handler:extractDeepLinksForAarDebug
> Task :react-native-gesture-handler:mergeDebugGeneratedProguardFiles
> Task :react-native-gesture-handler:mergeDebugConsumerProguardFiles
> Task :react-native-gesture-handler:prepareDebugArtProfile
> Task :react-native-gesture-handler:prepareLintJarForPublish
> Task :react-native-gesture-handler:mergeDebugJavaResource
> Task :react-native-google-signin_google-signin:checkDebugAarMetadata
> Task :react-native-gesture-handler:syncDebugLibJars
> Task :react-native-gesture-handler:bundleDebugAar
> Task :react-native-gesture-handler:assembleDebug
> Task :react-native-google-signin_google-signin:stripDebugDebugSymbols NO-SOURCE
> Task :react-native-google-signin_google-signin:copyDebugJniLibsProjectAndLocalJars
> Task :react-native-google-signin_google-signin:extractDebugAnnotations
> Task :react-native-google-signin_google-signin:extractDeepLinksForAarDebug
> Task :react-native-google-signin_google-signin:mergeDebugGeneratedProguardFiles
> Task :react-native-google-signin_google-signin:mergeDebugConsumerProguardFiles
> Task :react-native-google-signin_google-signin:prepareDebugArtProfile
> Task :react-native-google-signin_google-signin:prepareLintJarForPublish
> Task :react-native-google-signin_google-signin:mergeDebugJavaResource
> Task :react-native-maps:checkDebugAarMetadata
> Task :react-native-google-signin_google-signin:syncDebugLibJars
> Task :react-native-google-signin_google-signin:bundleDebugAar
> Task :react-native-google-signin_google-signin:assembleDebug
> Task :react-native-maps:stripDebugDebugSymbols NO-SOURCE
> Task :react-native-maps:copyDebugJniLibsProjectAndLocalJars
> Task :react-native-maps:extractDebugAnnotations
> Task :react-native-maps:extractDeepLinksForAarDebug
> Task :react-native-maps:mergeDebugGeneratedProguardFiles
> Task :react-native-maps:mergeDebugConsumerProguardFiles
> Task :react-native-maps:prepareDebugArtProfile
> Task :react-native-maps:prepareLintJarForPublish
> Task :react-native-maps:mergeDebugJavaResource
> Task :react-native-restart:checkDebugAarMetadata
> Task :react-native-maps:syncDebugLibJars
> Task :react-native-maps:bundleDebugAar
> Task :react-native-maps:assembleDebug
> Task :react-native-restart:stripDebugDebugSymbols NO-SOURCE
> Task :react-native-restart:copyDebugJniLibsProjectAndLocalJars
> Task :react-native-restart:extractDebugAnnotations
> Task :react-native-restart:extractDeepLinksForAarDebug
> Task :react-native-restart:mergeDebugGeneratedProguardFiles
> Task :react-native-restart:mergeDebugConsumerProguardFiles
> Task :react-native-restart:prepareDebugArtProfile
> Task :react-native-restart:prepareLintJarForPublish
> Task :react-native-restart:mergeDebugJavaResource
> Task :react-native-safe-area-context:checkDebugAarMetadata
> Task :react-native-restart:syncDebugLibJars
> Task :react-native-restart:bundleDebugAar
> Task :react-native-restart:assembleDebug
> Task :react-native-safe-area-context:stripDebugDebugSymbols NO-SOURCE
> Task :react-native-safe-area-context:copyDebugJniLibsProjectAndLocalJars
> Task :react-native-safe-area-context:extractDebugAnnotations
> Task :react-native-safe-area-context:extractDeepLinksForAarDebug
> Task :react-native-safe-area-context:mergeDebugGeneratedProguardFiles
> Task :react-native-safe-area-context:mergeDebugConsumerProguardFiles
> Task :react-native-safe-area-context:prepareDebugArtProfile
> Task :react-native-safe-area-context:prepareLintJarForPublish
> Task :react-native-safe-area-context:mergeDebugJavaResource
> Task :react-native-screens:checkDebugAarMetadata
> Task :react-native-safe-area-context:syncDebugLibJars
> Task :react-native-safe-area-context:bundleDebugAar
> Task :react-native-safe-area-context:assembleDebug
> Task :react-native-screens:stripDebugDebugSymbols
> Task :react-native-screens:extractDebugAnnotations
> Task :react-native-screens:extractDeepLinksForAarDebug
> Task :react-native-screens:copyDebugJniLibsProjectAndLocalJars
> Task :react-native-screens:mergeDebugGeneratedProguardFiles
> Task :react-native-screens:mergeDebugConsumerProguardFiles
> Task :react-native-screens:prepareDebugArtProfile
> Task :react-native-screens:prepareLintJarForPublish
> Task :react-native-screens:mergeDebugJavaResource
> Task :react-native-svg:checkDebugAarMetadata
> Task :react-native-screens:syncDebugLibJars
> Task :react-native-screens:bundleDebugAar
> Task :react-native-screens:assembleDebug
> Task :react-native-svg:stripDebugDebugSymbols NO-SOURCE
> Task :react-native-svg:copyDebugJniLibsProjectAndLocalJars
> Task :react-native-svg:extractDebugAnnotations
> Task :react-native-svg:extractDeepLinksForAarDebug
> Task :react-native-svg:mergeDebugGeneratedProguardFiles
> Task :react-native-svg:mergeDebugConsumerProguardFiles
> Task :react-native-svg:prepareDebugArtProfile
> Task :react-native-svg:prepareLintJarForPublish
> Task :react-native-svg:mergeDebugJavaResource
> Task :react-native-svg:syncDebugLibJars
> Task :react-native-svg:bundleDebugAar
> Task :react-native-svg:assembleDebug

[Incubating] Problems report is available at: file:///Users/mostafamohamedelazab/Documents/lamma/android/build/reports/problems/problems-report.html

Deprecated Gradle features were used in this build, making it incompatible with Gradle 10.

You can use '--warning-mode all' to show the individual deprecation warnings and determine if they come from your own scripts or plugins.

For more on this, please refer to https://docs.gradle.org/9.4.1/userguide/command_line_interface.html#sec:command_line_warnings in the Gradle documentation.

BUILD SUCCESSFUL in 1m 37s
532 actionable tasks: 213 executed, 319 up-to-date
Consider enabling configuration cache to speed up this build: https://docs.gradle.org/9.4.1/userguide/configuration_cache_enabling.html
