> Task :gradle-plugin:settings-plugin:checkKotlinGradlePluginConfigurationErrors SKIPPED
> Task :gradle-plugin:shared:checkKotlinGradlePluginConfigurationErrors SKIPPED
> Task :gradle-plugin:shared:processResources NO-SOURCE
> Task :gradle-plugin:settings-plugin:pluginDescriptors
> Task :gradle-plugin:settings-plugin:processResources
> Task :gradle-plugin:shared:compileKotlin
> Task :gradle-plugin:shared:compileJava NO-SOURCE
> Task :gradle-plugin:shared:classes UP-TO-DATE
> Task :gradle-plugin:shared:jar
> Task :gradle-plugin:settings-plugin:compileKotlin
> Task :gradle-plugin:settings-plugin:compileJava NO-SOURCE
> Task :gradle-plugin:settings-plugin:classes
> Task :gradle-plugin:settings-plugin:jar
> Task :gradle-plugin:react-native-gradle-plugin:checkKotlinGradlePluginConfigurationErrors SKIPPED
> Task :gradle-plugin:react-native-gradle-plugin:pluginDescriptors
> Task :gradle-plugin:react-native-gradle-plugin:processResources
> Task :gradle-plugin:react-native-gradle-plugin:compileKotlin
> Task :gradle-plugin:react-native-gradle-plugin:compileJava NO-SOURCE
> Task :gradle-plugin:react-native-gradle-plugin:classes
> Task :gradle-plugin:react-native-gradle-plugin:jar

> Configure project :app
WARNING: The option setting 'android.builtInKotlin=false' is deprecated.
The current default is 'true'.
It will be removed in version 10.0 of the Android Gradle plugin.
WARNING: The option setting 'android.newDsl=false' is deprecated.
The current default is 'true'.
It will be removed in version 10.0 of the Android Gradle plugin.
WARNING: API 'applicationVariants' is obsolete and has been replaced with 'AndroidComponentsExtension'.
It will be removed in version 10.0 of the Android Gradle plugin.
The legacy variant API is disabled by default in AGP 9.0, but can be re-enabled by adding 
    android.newDsl=false
to this project's gradle.properties file.
For more information, see http://developer.android.com/build/r/new-dsl.

To determine what is calling applicationVariants, use -Pandroid.debug.obsoleteApi=true on the command line to display more information.
WARNING: API 'testVariants' is obsolete and has been replaced with 'AndroidComponentsExtension'.
It will be removed in version 10.0 of the Android Gradle plugin.
The legacy variant API is disabled by default in AGP 9.0, but can be re-enabled by adding 
    android.newDsl=false
to this project's gradle.properties file.
For more information, see http://developer.android.com/build/r/new-dsl.

To determine what is calling testVariants, use -Pandroid.debug.obsoleteApi=true on the command line to display more information.
WARNING: API 'unitTestVariants' is obsolete and has been replaced with 'AndroidComponentsExtension'.
It will be removed in version 10.0 of the Android Gradle plugin.
The legacy variant API is disabled by default in AGP 9.0, but can be re-enabled by adding 
    android.newDsl=false
to this project's gradle.properties file.
For more information, see http://developer.android.com/build/r/new-dsl.

To determine what is calling unitTestVariants, use -Pandroid.debug.obsoleteApi=true on the command line to display more information.

> Configure project :invertase_react-native-apple-authentication
WARNING: API 'libraryVariants' is obsolete and has been replaced with 'AndroidComponentsExtension'.
It will be removed in version 10.0 of the Android Gradle plugin.
The legacy variant API is disabled by default in AGP 9.0, but can be re-enabled by adding 
    android.newDsl=false
to this project's gradle.properties file.
For more information, see http://developer.android.com/build/r/new-dsl.

To determine what is calling libraryVariants, use -Pandroid.debug.obsoleteApi=true on the command line to display more information.

> Configure project :react-native-firebase_analytics
:react-native-firebase_analytics package.json found at /Users/mostafamohamedelazab/Documents/lamma/node_modules/@react-native-firebase/analytics/package.json
:react-native-firebase_app package.json found at /Users/mostafamohamedelazab/Documents/lamma/node_modules/@react-native-firebase/app/package.json
:react-native-firebase_analytics:firebase.bom using default value: 34.18.0
:react-native-firebase_analytics package.json found at /Users/mostafamohamedelazab/Documents/lamma/node_modules/@react-native-firebase/analytics/package.json
:react-native-firebase_analytics:version set from package.json: 26.4.0 (26,4,0 - 26004000)
:react-native-firebase_analytics:android.compileSdk using custom value: 37
:react-native-firebase_analytics:android.targetSdk using custom value: 36
:react-native-firebase_analytics:android.minSdk using custom value: 24
:react-native-firebase_analytics:reactNativeAndroidDir /Users/mostafamohamedelazab/Documents/lamma/node_modules/react-native

> Configure project :react-native-firebase_app
:react-native-firebase_app package.json found at /Users/mostafamohamedelazab/Documents/lamma/node_modules/@react-native-firebase/app/package.json
:react-native-firebase_app:firebase.bom using default value: 34.18.0
:react-native-firebase_app:play.play-services-auth using default value: 21.5.0
:react-native-firebase_app package.json found at /Users/mostafamohamedelazab/Documents/lamma/node_modules/@react-native-firebase/app/package.json
:react-native-firebase_app:version set from package.json: 26.4.0 (26,4,0 - 26004000)
:react-native-firebase_app:android.compileSdk using custom value: 37
:react-native-firebase_app:android.targetSdk using custom value: 36
:react-native-firebase_app:android.minSdk using custom value: 24
:react-native-firebase_app:reactNativeAndroidDir /Users/mostafamohamedelazab/Documents/lamma/node_modules/react-native

> Configure project :react-native-firebase_auth
:react-native-firebase_auth package.json found at /Users/mostafamohamedelazab/Documents/lamma/node_modules/@react-native-firebase/auth/package.json
:react-native-firebase_app package.json found at /Users/mostafamohamedelazab/Documents/lamma/node_modules/@react-native-firebase/app/package.json
:react-native-firebase_auth:firebase.bom using default value: 34.18.0
:react-native-firebase_auth package.json found at /Users/mostafamohamedelazab/Documents/lamma/node_modules/@react-native-firebase/auth/package.json
:react-native-firebase_auth:version set from package.json: 26.4.0 (26,4,0 - 26004000)
:react-native-firebase_auth:android.compileSdk using custom value: 37
:react-native-firebase_auth:android.targetSdk using custom value: 36
:react-native-firebase_auth:android.minSdk using custom value: 24
:react-native-firebase_auth:reactNativeAndroidDir /Users/mostafamohamedelazab/Documents/lamma/node_modules/react-native

> Configure project :react-native-firebase_crashlytics
:react-native-firebase_crashlytics package.json found at /Users/mostafamohamedelazab/Documents/lamma/node_modules/@react-native-firebase/crashlytics/package.json
:react-native-firebase_app package.json found at /Users/mostafamohamedelazab/Documents/lamma/node_modules/@react-native-firebase/app/package.json
:react-native-firebase_crashlytics:firebase.bom using default value: 34.18.0
:react-native-firebase_crashlytics package.json found at /Users/mostafamohamedelazab/Documents/lamma/node_modules/@react-native-firebase/crashlytics/package.json
:react-native-firebase_crashlytics:version set from package.json: 26.4.0 (26,4,0 - 26004000)
:react-native-firebase_crashlytics:android.compileSdk using custom value: 37
:react-native-firebase_crashlytics:android.targetSdk using custom value: 36
:react-native-firebase_crashlytics:android.minSdk using custom value: 24
:react-native-firebase_crashlytics:reactNativeAndroidDir /Users/mostafamohamedelazab/Documents/lamma/node_modules/react-native

> Configure project :react-native-firebase_firestore
:react-native-firebase_firestore package.json found at /Users/mostafamohamedelazab/Documents/lamma/node_modules/@react-native-firebase/firestore/package.json
:react-native-firebase_app package.json found at /Users/mostafamohamedelazab/Documents/lamma/node_modules/@react-native-firebase/app/package.json
:react-native-firebase_firestore:firebase.bom using default value: 34.18.0
:react-native-firebase_firestore package.json found at /Users/mostafamohamedelazab/Documents/lamma/node_modules/@react-native-firebase/firestore/package.json
:react-native-firebase_firestore:version set from package.json: 26.4.0 (26,4,0 - 26004000)
:react-native-firebase_firestore:android.compileSdk using custom value: 37
:react-native-firebase_firestore:android.targetSdk using custom value: 36
:react-native-firebase_firestore:android.minSdk using custom value: 24
:react-native-firebase_firestore:reactNativeAndroidDir /Users/mostafamohamedelazab/Documents/lamma/node_modules/react-native

> Configure project :react-native-firebase_messaging
:react-native-firebase_messaging package.json found at /Users/mostafamohamedelazab/Documents/lamma/node_modules/@react-native-firebase/messaging/package.json
:react-native-firebase_app package.json found at /Users/mostafamohamedelazab/Documents/lamma/node_modules/@react-native-firebase/app/package.json
:react-native-firebase_messaging:firebase.bom using default value: 34.18.0
:react-native-firebase_messaging package.json found at /Users/mostafamohamedelazab/Documents/lamma/node_modules/@react-native-firebase/messaging/package.json
:react-native-firebase_messaging:version set from package.json: 26.4.0 (26,4,0 - 26004000)
:react-native-firebase_messaging:android.compileSdk using custom value: 37
:react-native-firebase_messaging:android.targetSdk using custom value: 36
:react-native-firebase_messaging:android.minSdk using custom value: 24
:react-native-firebase_messaging:reactNativeAndroidDir /Users/mostafamohamedelazab/Documents/lamma/node_modules/react-native

> Configure project :react-native-firebase_remote-config
:react-native-firebase_remote-config package.json found at /Users/mostafamohamedelazab/Documents/lamma/node_modules/@react-native-firebase/remote-config/package.json
:react-native-firebase_app package.json found at /Users/mostafamohamedelazab/Documents/lamma/node_modules/@react-native-firebase/app/package.json
:react-native-firebase_remote-config:firebase.bom using default value: 34.18.0
:react-native-firebase_remote-config package.json found at /Users/mostafamohamedelazab/Documents/lamma/node_modules/@react-native-firebase/remote-config/package.json
:react-native-firebase_remote-config:version set from package.json: 26.4.0 (26,4,0 - 26004000)
:react-native-firebase_remote-config:android.compileSdk using custom value: 37
:react-native-firebase_remote-config:android.targetSdk using custom value: 36
:react-native-firebase_remote-config:android.minSdk using custom value: 24
:react-native-firebase_remote-config:reactNativeAndroidDir /Users/mostafamohamedelazab/Documents/lamma/node_modules/react-native

> Task :app:generateAutolinkingNewArchitectureFiles
> Task :app:generateAutolinkingPackageList
> Task :app:generateCodegenSchemaFromJavaScript SKIPPED
> Task :app:generateCodegenArtifactsFromSchema SKIPPED
> Task :app:generateReactNativeEntryPoint
> Task :invertase_react-native-apple-authentication:preBuild UP-TO-DATE
> Task :react-native-async-storage_async-storage:generateCodegenSchemaFromJavaScript
> Task :react-native-async-storage_async-storage:generateCodegenArtifactsFromSchema
> Task :react-native-async-storage_async-storage:preBuild
> Task :react-native-bootsplash:generateCodegenSchemaFromJavaScript
> Task :react-native-bootsplash:generateCodegenArtifactsFromSchema
> Task :react-native-bootsplash:preBuild
> Task :react-native-clipboard_clipboard:generateCodegenSchemaFromJavaScript
> Task :react-native-clipboard_clipboard:generateCodegenArtifactsFromSchema
> Task :react-native-clipboard_clipboard:preBuild
> Task :react-native-community_datetimepicker:generateCodegenSchemaFromJavaScript
> Task :react-native-community_datetimepicker:generateCodegenArtifactsFromSchema
> Task :react-native-community_datetimepicker:preBuild
> Task :react-native-firebase_analytics:preBuild UP-TO-DATE
> Task :react-native-firebase_app:preBuild UP-TO-DATE
> Task :react-native-firebase_auth:preBuild UP-TO-DATE
> Task :react-native-firebase_crashlytics:preBuild UP-TO-DATE
> Task :react-native-firebase_firestore:preBuild UP-TO-DATE
> Task :react-native-firebase_messaging:preBuild UP-TO-DATE
> Task :react-native-firebase_remote-config:preBuild UP-TO-DATE
> Task :react-native-gesture-handler:generateCodegenSchemaFromJavaScript
> Task :react-native-gesture-handler:generateCodegenArtifactsFromSchema
> Task :react-native-gesture-handler:preBuild
> Task :react-native-google-signin_google-signin:generateCodegenSchemaFromJavaScript
> Task :react-native-google-signin_google-signin:generateCodegenArtifactsFromSchema
> Task :react-native-google-signin_google-signin:preBuild
> Task :react-native-maps:generateCodegenSchemaFromJavaScript SKIPPED
> Task :react-native-maps:generateCodegenArtifactsFromSchema SKIPPED
> Task :react-native-maps:preBuild UP-TO-DATE
> Task :react-native-restart:generateCodegenSchemaFromJavaScript
> Task :react-native-restart:generateCodegenArtifactsFromSchema
> Task :react-native-restart:preBuild
> Task :react-native-safe-area-context:generateCodegenSchemaFromJavaScript
> Task :react-native-safe-area-context:generateCodegenArtifactsFromSchema
> Task :react-native-safe-area-context:preBuild
> Task :react-native-screens:generateCodegenSchemaFromJavaScript
> Task :react-native-screens:generateCodegenArtifactsFromSchema
> Task :react-native-screens:preBuild
> Task :react-native-svg:generateCodegenSchemaFromJavaScript
> Task :react-native-svg:generateCodegenArtifactsFromSchema
> Task :react-native-svg:preBuild
> Task :app:preBuild
> Task :app:preDebugBuild
> Task :app:mergeDebugNativeDebugMetadata NO-SOURCE
> Task :app:checkKotlinGradlePluginConfigurationErrors SKIPPED
> Task :app:generateDebugBuildConfig
> Task :app:generateDebugResValues
> Task :app:generateDebugResources
> Task :app:injectCrashlyticsMappingFileIdDebug
> Task :app:injectCrashlyticsVersionControlInfoDebug
> Task :app:processDebugGoogleServices
> Task :app:packageDebugResources
> Task :invertase_react-native-apple-authentication:preDebugBuild UP-TO-DATE
> Task :invertase_react-native-apple-authentication:processDebugNavigationResources
> Task :react-native-async-storage_async-storage:preDebugBuild
> Task :react-native-async-storage_async-storage:processDebugNavigationResources
> Task :react-native-bootsplash:preDebugBuild
> Task :react-native-bootsplash:processDebugNavigationResources
> Task :react-native-clipboard_clipboard:preDebugBuild
> Task :react-native-clipboard_clipboard:processDebugNavigationResources
> Task :react-native-community_datetimepicker:preDebugBuild
> Task :react-native-community_datetimepicker:processDebugNavigationResources
> Task :react-native-firebase_analytics:preDebugBuild UP-TO-DATE
> Task :react-native-firebase_analytics:processDebugNavigationResources
> Task :react-native-firebase_app:preDebugBuild UP-TO-DATE
> Task :react-native-firebase_app:processDebugNavigationResources
> Task :react-native-firebase_auth:preDebugBuild UP-TO-DATE
> Task :react-native-firebase_auth:processDebugNavigationResources
> Task :react-native-firebase_crashlytics:preDebugBuild UP-TO-DATE
> Task :react-native-firebase_crashlytics:processDebugNavigationResources
> Task :react-native-firebase_firestore:preDebugBuild UP-TO-DATE
> Task :react-native-firebase_firestore:processDebugNavigationResources
> Task :react-native-firebase_messaging:preDebugBuild UP-TO-DATE
> Task :react-native-firebase_messaging:processDebugNavigationResources
> Task :react-native-firebase_remote-config:preDebugBuild UP-TO-DATE
> Task :react-native-firebase_remote-config:processDebugNavigationResources
> Task :react-native-gesture-handler:preDebugBuild
> Task :react-native-gesture-handler:processDebugNavigationResources
> Task :react-native-google-signin_google-signin:preDebugBuild
> Task :react-native-google-signin_google-signin:processDebugNavigationResources
> Task :react-native-maps:preDebugBuild UP-TO-DATE
> Task :react-native-maps:processDebugNavigationResources
> Task :react-native-restart:preDebugBuild
> Task :react-native-restart:processDebugNavigationResources
> Task :react-native-safe-area-context:preDebugBuild
> Task :react-native-safe-area-context:processDebugNavigationResources
> Task :react-native-screens:preDebugBuild
> Task :react-native-screens:processDebugNavigationResources
> Task :react-native-svg:preDebugBuild
> Task :react-native-svg:processDebugNavigationResources
> Task :app:processDebugNavigationResources
> Task :invertase_react-native-apple-authentication:checkKotlinGradlePluginConfigurationErrors SKIPPED
> Task :invertase_react-native-apple-authentication:generateDebugBuildConfig
> Task :invertase_react-native-apple-authentication:generateDebugResources
> Task :invertase_react-native-apple-authentication:packageDebugResources
> Task :invertase_react-native-apple-authentication:javaPreCompileDebug
> Task :react-native-async-storage_async-storage:generateDebugBuildConfig
> Task :react-native-async-storage_async-storage:generateDebugResources
> Task :react-native-async-storage_async-storage:packageDebugResources
> Task :react-native-bootsplash:checkKotlinGradlePluginConfigurationErrors SKIPPED
> Task :react-native-async-storage_async-storage:javaPreCompileDebug
> Task :react-native-bootsplash:generateDebugBuildConfig
> Task :react-native-bootsplash:generateDebugResources
> Task :react-native-async-storage_async-storage:parseDebugLocalResources
> Task :invertase_react-native-apple-authentication:parseDebugLocalResources
> Task :app:parseDebugLocalResources
> Task :react-native-bootsplash:packageDebugResources
> Task :react-native-bootsplash:javaPreCompileDebug
> Task :react-native-clipboard_clipboard:generateDebugBuildConfig
> Task :react-native-clipboard_clipboard:generateDebugResources
> Task :react-native-async-storage_async-storage:generateDebugRFile
> Task :invertase_react-native-apple-authentication:generateDebugRFile
> Task :react-native-bootsplash:parseDebugLocalResources
> Task :app:generateDebugRFile
> Task :react-native-clipboard_clipboard:packageDebugResources

> Task :react-native-async-storage_async-storage:compileDebugJavaWithJavac
Note: Some input files use or override a deprecated API.
Note: Recompile with -Xlint:deprecation for details.
Note: /Users/mostafamohamedelazab/Documents/lamma/node_modules/@react-native-async-storage/async-storage/android/src/javaPackage/java/com/reactnativecommunity/asyncstorage/AsyncStoragePackage.java uses unchecked or unsafe operations.
Note: Recompile with -Xlint:unchecked for details.

> Task :react-native-async-storage_async-storage:bundleLibCompileToJarDebug
> Task :react-native-community_datetimepicker:checkKotlinGradlePluginConfigurationErrors SKIPPED
> Task :react-native-clipboard_clipboard:javaPreCompileDebug
> Task :react-native-bootsplash:generateDebugRFile
> Task :react-native-clipboard_clipboard:parseDebugLocalResources
> Task :react-native-community_datetimepicker:generateDebugBuildConfig
> Task :react-native-community_datetimepicker:generateDebugResources
> Task :react-native-clipboard_clipboard:generateDebugRFile
> Task :react-native-community_datetimepicker:packageDebugResources

> Task :react-native-clipboard_clipboard:compileDebugJavaWithJavac
Note: Some input files use or override a deprecated API.
Note: Recompile with -Xlint:deprecation for details.
Note: /Users/mostafamohamedelazab/Documents/lamma/node_modules/@react-native-clipboard/clipboard/android/src/main/java/com/reactnativecommunity/clipboard/ClipboardPackage.java uses unchecked or unsafe operations.
Note: Recompile with -Xlint:unchecked for details.

> Task :react-native-clipboard_clipboard:bundleLibCompileToJarDebug
> Task :react-native-community_datetimepicker:javaPreCompileDebug
> Task :react-native-community_datetimepicker:parseDebugLocalResources
> Task :react-native-firebase_analytics:generateDebugBuildConfig
> Task :react-native-firebase_analytics:generateDebugResources
> Task :react-native-community_datetimepicker:generateDebugRFile
> Task :react-native-firebase_analytics:packageDebugResources
> Task :react-native-firebase_analytics:parseDebugLocalResources
> Task :react-native-firebase_analytics:javaPreCompileDebug
> Task :react-native-firebase_app:generateDebugBuildConfig
> Task :react-native-firebase_app:generateDebugResources
> Task :react-native-firebase_analytics:generateDebugRFile
> Task :react-native-firebase_app:packageDebugResources
> Task :react-native-firebase_app:javaPreCompileDebug
> Task :react-native-firebase_auth:generateDebugResources
> Task :react-native-firebase_app:parseDebugLocalResources
> Task :react-native-firebase_auth:packageDebugResources
> Task :react-native-firebase_app:generateDebugRFile

> Task :react-native-firebase_app:compileDebugJavaWithJavac
Note: Some input files use or override a deprecated API.
Note: Recompile with -Xlint:deprecation for details.

> Task :react-native-firebase_app:bundleLibCompileToJarDebug
> Task :react-native-firebase_auth:javaPreCompileDebug
> Task :react-native-firebase_auth:parseDebugLocalResources

> Task :react-native-firebase_analytics:compileDebugJavaWithJavac
Note: Some input files use or override a deprecated API.
Note: Recompile with -Xlint:deprecation for details.

> Task :react-native-community_datetimepicker:compileDebugKotlin

> Task :react-native-bootsplash:compileDebugKotlin
w: file:///Users/mostafamohamedelazab/Documents/lamma/node_modules/react-native-bootsplash/android/src/main/java/com/zoontek/rnbootsplash/RNBootSplashPackage.kt:3:8 'class TurboReactPackage : BaseReactPackage' is deprecated. Use BaseReactPackage instead.
w: file:///Users/mostafamohamedelazab/Documents/lamma/node_modules/react-native-bootsplash/android/src/main/java/com/zoontek/rnbootsplash/RNBootSplashPackage.kt:9:29 'class TurboReactPackage : BaseReactPackage' is deprecated. Use BaseReactPackage instead.

> Task :invertase_react-native-apple-authentication:compileDebugKotlin
w: file:///Users/mostafamohamedelazab/Documents/lamma/node_modules/@invertase/react-native-apple-authentication/android/src/main/java/com/RNAppleAuthentication/SignInWithAppleConfiguration.kt:3:41 Non-public primary constructor is exposed via the generated 'copy()' method of the 'data' class.

The generated 'copy()' will change its visibility in future releases.

To suppress the warning do one of the following:
- Annotate the data class with the '@ConsistentCopyVisibility' annotation.
- Use the '-Xconsistent-data-class-copy-visibility' compiler flag.
- Annotate the data class with the '@ExposedCopyVisibility' annotation 
  (Discouraged, but can be used to keep binary compatibility).

To learn more, see the documentation of the '@ConsistentCopyVisibility' and '@ExposedCopyVisibility' annotations.

This will become an error in language version 2.3.
w: file:///Users/mostafamohamedelazab/Documents/lamma/node_modules/@invertase/react-native-apple-authentication/android/src/main/java/com/RNAppleAuthentication/webview/SignInWebViewClient.kt:15:21 'constructor(): Handler' is deprecated. Deprecated in Java.
w: file:///Users/mostafamohamedelazab/Documents/lamma/node_modules/@invertase/react-native-apple-authentication/android/src/main/java/com/RNAppleAuthentication/webview/SignInWebViewDialogFragment.kt:44:40 'fun <T : Parcelable!> getParcelable(p0: String?): T?' is deprecated. Deprecated in Java.

> Task :invertase_react-native-apple-authentication:compileDebugJavaWithJavac
Note: Some input files use or override a deprecated API.
Note: Recompile with -Xlint:deprecation for details.

> Task :invertase_react-native-apple-authentication:bundleLibCompileToJarDebug
> Task :react-native-bootsplash:compileDebugJavaWithJavac
> Task :react-native-bootsplash:bundleLibCompileToJarDebug

> Task :react-native-community_datetimepicker:compileDebugJavaWithJavac
Note: Some input files use or override a deprecated API.
Note: Recompile with -Xlint:deprecation for details.

> Task :react-native-firebase_analytics:bundleLibCompileToJarDebug
> Task :react-native-community_datetimepicker:bundleLibCompileToJarDebug
> Task :react-native-firebase_crashlytics:generateDebugBuildConfig
> Task :react-native-firebase_auth:generateDebugRFile
> Task :react-native-firebase_crashlytics:generateDebugResources

> Task :react-native-firebase_auth:compileDebugJavaWithJavac
Note: Some input files use or override a deprecated API.
Note: Recompile with -Xlint:deprecation for details.
Note: /Users/mostafamohamedelazab/Documents/lamma/node_modules/@react-native-firebase/auth/android/src/main/java/io/invertase/firebase/auth/NativeRNFBTurboAuth.java uses unchecked or unsafe operations.
Note: Recompile with -Xlint:unchecked for details.

> Task :react-native-firebase_auth:bundleLibCompileToJarDebug
> Task :react-native-firebase_crashlytics:packageDebugResources
> Task :react-native-firebase_crashlytics:javaPreCompileDebug
> Task :react-native-firebase_firestore:generateDebugResources
> Task :react-native-firebase_crashlytics:parseDebugLocalResources
> Task :react-native-firebase_firestore:packageDebugResources
> Task :react-native-firebase_crashlytics:generateDebugRFile
> Task :react-native-firebase_firestore:javaPreCompileDebug
> Task :react-native-firebase_firestore:parseDebugLocalResources

> Task :react-native-firebase_crashlytics:compileDebugJavaWithJavac
Note: Some input files use or override a deprecated API.
Note: Recompile with -Xlint:deprecation for details.

> Task :react-native-firebase_crashlytics:bundleLibCompileToJarDebug
> Task :react-native-firebase_messaging:generateDebugBuildConfig
> Task :react-native-firebase_firestore:generateDebugRFile
> Task :react-native-firebase_messaging:generateDebugResources

> Task :react-native-firebase_firestore:compileDebugJavaWithJavac
Note: Some input files use or override a deprecated API.
Note: Recompile with -Xlint:deprecation for details.
Note: Some input files use unchecked or unsafe operations.
Note: Recompile with -Xlint:unchecked for details.

> Task :react-native-firebase_firestore:bundleLibCompileToJarDebug
> Task :react-native-firebase_messaging:packageDebugResources
> Task :react-native-firebase_messaging:javaPreCompileDebug
> Task :react-native-firebase_remote-config:generateDebugResources
> Task :react-native-firebase_messaging:parseDebugLocalResources
> Task :react-native-firebase_remote-config:packageDebugResources
> Task :react-native-gesture-handler:checkKotlinGradlePluginConfigurationErrors SKIPPED
> Task :react-native-firebase_remote-config:javaPreCompileDebug
> Task :react-native-firebase_remote-config:parseDebugLocalResources
> Task :react-native-gesture-handler:generateDebugBuildConfig
> Task :react-native-firebase_messaging:generateDebugRFile

> Task :react-native-firebase_messaging:compileDebugJavaWithJavac
Note: Some input files use or override a deprecated API.
Note: Recompile with -Xlint:deprecation for details.

> Task :react-native-firebase_messaging:bundleLibCompileToJarDebug
> Task :react-native-gesture-handler:generateDebugResources
> Task :react-native-firebase_remote-config:generateDebugRFile
> Task :react-native-gesture-handler:packageDebugResources

> Task :react-native-firebase_remote-config:compileDebugJavaWithJavac
Note: Some input files use or override a deprecated API.
Note: Recompile with -Xlint:deprecation for details.

> Task :react-native-firebase_remote-config:bundleLibCompileToJarDebug
> Task :react-native-svg:generateDebugBuildConfig
> Task :react-native-svg:generateDebugResources
> Task :react-native-gesture-handler:parseDebugLocalResources
> Task :react-native-svg:packageDebugResources
> Task :react-native-svg:javaPreCompileDebug
> Task :react-native-google-signin_google-signin:checkKotlinGradlePluginConfigurationErrors SKIPPED
> Task :react-native-gesture-handler:generateDebugRFile
> Task :react-native-gesture-handler:javaPreCompileDebug
> Task :react-native-svg:parseDebugLocalResources
> Task :react-native-google-signin_google-signin:generateDebugBuildConfig
> Task :react-native-google-signin_google-signin:generateDebugResources
> Task :react-native-svg:generateDebugRFile
> Task :react-native-google-signin_google-signin:packageDebugResources

> Task :react-native-svg:compileDebugJavaWithJavac
Note: Some input files use or override a deprecated API.
Note: Recompile with -Xlint:deprecation for details.
Note: Some input files use unchecked or unsafe operations.
Note: Recompile with -Xlint:unchecked for details.

> Task :react-native-maps:checkKotlinGradlePluginConfigurationErrors SKIPPED
> Task :react-native-google-signin_google-signin:javaPreCompileDebug
> Task :react-native-maps:generateDebugBuildConfig
> Task :react-native-google-signin_google-signin:parseDebugLocalResources
> Task :react-native-maps:generateDebugResources
> Task :react-native-svg:bundleLibCompileToJarDebug
> Task :react-native-google-signin_google-signin:generateDebugRFile
> Task :react-native-maps:packageDebugResources
> Task :react-native-maps:parseDebugLocalResources
> Task :react-native-maps:javaPreCompileDebug
> Task :react-native-restart:generateDebugBuildConfig
> Task :react-native-restart:generateDebugResources
> Task :react-native-maps:generateDebugRFile
> Task :react-native-restart:packageDebugResources
> Task :react-native-maps:compileDebugKotlin NO-SOURCE

> Task :react-native-google-signin_google-signin:compileDebugKotlin
w: file:///Users/mostafamohamedelazab/Documents/lamma/node_modules/@react-native-google-signin/google-signin/android/src/main/java/com/reactnativegooglesignin/ErrorDto.kt:3:8 'class GoogleSignInStatusCodes : CommonStatusCodes' is deprecated. Deprecated in Java.
w: file:///Users/mostafamohamedelazab/Documents/lamma/node_modules/@react-native-google-signin/google-signin/android/src/main/java/com/reactnativegooglesignin/ErrorDto.kt:23:31 Condition is always 'true'.
w: file:///Users/mostafamohamedelazab/Documents/lamma/node_modules/@react-native-google-signin/google-signin/android/src/main/java/com/reactnativegooglesignin/ErrorDto.kt:24:16 'class GoogleSignInStatusCodes : CommonStatusCodes' is deprecated. Deprecated in Java.
w: file:///Users/mostafamohamedelazab/Documents/lamma/node_modules/@react-native-google-signin/google-signin/android/src/main/java/com/reactnativegooglesignin/ErrorDto.kt:29:33 'class GoogleSignInStatusCodes : CommonStatusCodes' is deprecated. Deprecated in Java.
w: file:///Users/mostafamohamedelazab/Documents/lamma/node_modules/@react-native-google-signin/google-signin/android/src/main/java/com/reactnativegooglesignin/ErrorDto.kt:30:38 'class GoogleSignInStatusCodes : CommonStatusCodes' is deprecated. Deprecated in Java.

> Task :react-native-maps:compileDebugJavaWithJavac
Note: Some input files use or override a deprecated API.
Note: Recompile with -Xlint:deprecation for details.
Note: Some input files use unchecked or unsafe operations.
Note: Recompile with -Xlint:unchecked for details.

> Task :react-native-google-signin_google-signin:compileDebugJavaWithJavac
Note: Some input files use or override a deprecated API.
Note: Recompile with -Xlint:deprecation for details.
Note: /Users/mostafamohamedelazab/Documents/lamma/node_modules/@react-native-google-signin/google-signin/android/src/main/java/com/reactnativegooglesignin/RNGoogleSigninModule.java uses unchecked or unsafe operations.
Note: Recompile with -Xlint:unchecked for details.

> Task :react-native-google-signin_google-signin:bundleLibCompileToJarDebug
> Task :react-native-safe-area-context:checkKotlinGradlePluginConfigurationErrors SKIPPED
> Task :react-native-restart:javaPreCompileDebug
> Task :react-native-restart:parseDebugLocalResources
> Task :react-native-maps:bundleLibCompileToJarDebug
> Task :react-native-safe-area-context:generateDebugBuildConfig
> Task :react-native-safe-area-context:generateDebugResources
> Task :react-native-restart:generateDebugRFile
> Task :react-native-safe-area-context:packageDebugResources
> Task :react-native-restart:compileDebugJavaWithJavac
> Task :react-native-restart:bundleLibCompileToJarDebug
> Task :react-native-screens:checkKotlinGradlePluginConfigurationErrors SKIPPED
> Task :react-native-safe-area-context:javaPreCompileDebug
> Task :react-native-safe-area-context:parseDebugLocalResources
> Task :react-native-screens:generateDebugBuildConfig
> Task :react-native-screens:generateDebugResources
> Task :react-native-safe-area-context:generateDebugRFile
> Task :react-native-screens:packageDebugResources
> Task :react-native-screens:javaPreCompileDebug
> Task :app:generateDebugAssets UP-TO-DATE
> Task :invertase_react-native-apple-authentication:generateDebugAssets UP-TO-DATE
> Task :app:javaPreCompileDebug
> Task :invertase_react-native-apple-authentication:mergeDebugAssets
> Task :react-native-async-storage_async-storage:generateDebugAssets UP-TO-DATE
> Task :react-native-async-storage_async-storage:mergeDebugAssets
> Task :react-native-bootsplash:generateDebugAssets UP-TO-DATE
> Task :react-native-screens:parseDebugLocalResources
> Task :react-native-bootsplash:mergeDebugAssets
> Task :react-native-clipboard_clipboard:generateDebugAssets UP-TO-DATE
> Task :react-native-clipboard_clipboard:mergeDebugAssets
> Task :react-native-community_datetimepicker:generateDebugAssets UP-TO-DATE
> Task :react-native-community_datetimepicker:mergeDebugAssets
> Task :react-native-firebase_analytics:generateDebugAssets UP-TO-DATE
> Task :react-native-screens:generateDebugRFile
> Task :react-native-firebase_analytics:mergeDebugAssets
> Task :react-native-firebase_app:generateDebugAssets UP-TO-DATE
> Task :react-native-firebase_app:mergeDebugAssets
> Task :react-native-firebase_auth:generateDebugAssets UP-TO-DATE
> Task :react-native-firebase_auth:mergeDebugAssets
> Task :react-native-firebase_crashlytics:generateDebugAssets UP-TO-DATE
> Task :react-native-firebase_crashlytics:mergeDebugAssets
> Task :react-native-firebase_firestore:generateDebugAssets UP-TO-DATE
> Task :react-native-firebase_firestore:mergeDebugAssets
> Task :react-native-firebase_messaging:generateDebugAssets UP-TO-DATE
> Task :react-native-firebase_messaging:mergeDebugAssets
> Task :react-native-firebase_remote-config:generateDebugAssets UP-TO-DATE
> Task :react-native-firebase_remote-config:mergeDebugAssets
> Task :react-native-gesture-handler:generateDebugAssets UP-TO-DATE
> Task :react-native-gesture-handler:mergeDebugAssets
> Task :react-native-google-signin_google-signin:generateDebugAssets UP-TO-DATE
> Task :react-native-google-signin_google-signin:mergeDebugAssets
> Task :react-native-maps:generateDebugAssets UP-TO-DATE
> Task :react-native-maps:mergeDebugAssets
> Task :react-native-restart:generateDebugAssets UP-TO-DATE
> Task :react-native-restart:mergeDebugAssets
> Task :react-native-safe-area-context:generateDebugAssets UP-TO-DATE
> Task :react-native-safe-area-context:mergeDebugAssets
> Task :react-native-screens:generateDebugAssets UP-TO-DATE
> Task :react-native-screens:mergeDebugAssets
> Task :react-native-svg:generateDebugAssets UP-TO-DATE
> Task :react-native-svg:mergeDebugAssets
> Task :app:mergeDebugAssets
> Task :app:compressDebugAssets

> Task :react-native-safe-area-context:compileDebugKotlin
w: file:///Users/mostafamohamedelazab/Documents/lamma/node_modules/react-native-safe-area-context/android/src/main/java/com/th3rdwave/safeareacontext/SafeAreaProviderManager.kt:40:19 'fun getEventDispatcherForReactTag(context: ReactContext, reactTag: Int): EventDispatcher?' is deprecated. reactTag is no longer needed.
w: file:///Users/mostafamohamedelazab/Documents/lamma/node_modules/react-native-safe-area-context/android/src/main/java/com/th3rdwave/safeareacontext/SafeAreaView.kt:8:8 'class UIManagerModule : ReactContextBaseJavaModule, LifecycleEventListener, UIManager' is deprecated. This class is part of Legacy Architecture and will be removed in a future release.
w: file:///Users/mostafamohamedelazab/Documents/lamma/node_modules/react-native-safe-area-context/android/src/main/java/com/th3rdwave/safeareacontext/SafeAreaView.kt:46:54 'class UIManagerModule : ReactContextBaseJavaModule, LifecycleEventListener, UIManager' is deprecated. This class is part of Legacy Architecture and will be removed in a future release.
w: file:///Users/mostafamohamedelazab/Documents/lamma/node_modules/react-native-safe-area-context/android/src/main/java/com/th3rdwave/safeareacontext/SafeAreaViewShadowNode.kt:9:32 'class LayoutShadowNode : ReactShadowNodeImpl' is deprecated. This class is part of Legacy Architecture and will be removed in a future release.
w: file:///Users/mostafamohamedelazab/Documents/lamma/node_modules/react-native-safe-area-context/android/src/main/java/com/th3rdwave/safeareacontext/SafeAreaViewShadowNode.kt:110:61 'class NativeViewHierarchyOptimizer : Any' is deprecated. This class is part of Legacy Architecture and will be removed in a future release.

> Task :app:generateDebugGlobalSynthetics
> Task :react-native-safe-area-context:compileDebugJavaWithJavac
> Task :react-native-safe-area-context:bundleLibCompileToJarDebug
> Task :invertase_react-native-apple-authentication:processDebugJavaRes
> Task :react-native-async-storage_async-storage:processDebugJavaRes NO-SOURCE
> Task :react-native-bootsplash:processDebugJavaRes
> Task :react-native-clipboard_clipboard:processDebugJavaRes NO-SOURCE
> Task :react-native-community_datetimepicker:processDebugJavaRes
> Task :react-native-firebase_analytics:processDebugJavaRes NO-SOURCE
> Task :react-native-firebase_app:processDebugJavaRes NO-SOURCE
> Task :react-native-firebase_auth:processDebugJavaRes NO-SOURCE
> Task :react-native-firebase_crashlytics:processDebugJavaRes NO-SOURCE
> Task :react-native-firebase_firestore:processDebugJavaRes NO-SOURCE
> Task :react-native-firebase_messaging:processDebugJavaRes NO-SOURCE
> Task :react-native-firebase_remote-config:processDebugJavaRes NO-SOURCE
> Task :react-native-google-signin_google-signin:processDebugJavaRes
> Task :react-native-maps:processDebugJavaRes NO-SOURCE
> Task :react-native-restart:processDebugJavaRes NO-SOURCE
> Task :react-native-safe-area-context:processDebugJavaRes
> Task :react-native-svg:processDebugJavaRes NO-SOURCE
> Task :app:desugarDebugFileDependencies
> Task :react-native-bootsplash:bundleLibRuntimeToDirDebug
> Task :react-native-google-signin_google-signin:bundleLibRuntimeToDirDebug
> Task :invertase_react-native-apple-authentication:bundleLibRuntimeToDirDebug
> Task :react-native-community_datetimepicker:bundleLibRuntimeToDirDebug
> Task :app:checkDebugDuplicateClasses
> Task :react-native-maps:bundleLibRuntimeToDirDebug
> Task :react-native-gesture-handler:compileDebugKotlin
w: file:///Users/mostafamohamedelazab/Documents/lamma/node_modules/react-native-gesture-handler/android/src/main/java/com/swmansion/gesturehandler/react/Extensions.kt:8:8 'class UIManagerModule : ReactContextBaseJavaModule, LifecycleEventListener, UIManager' is deprecated. This class is part of Legacy Architecture and will be removed in a future release.
w: file:///Users/mostafamohamedelazab/Documents/lamma/node_modules/react-native-gesture-handler/android/src/main/java/com/swmansion/gesturehandler/react/Extensions.kt:13:29 'class UIManagerModule : ReactContextBaseJavaModule, LifecycleEventListener, UIManager' is deprecated. This class is part of Legacy Architecture and will be removed in a future release.
w: file:///Users/mostafamohamedelazab/Documents/lamma/node_modules/react-native-gesture-handler/android/src/main/java/com/swmansion/gesturehandler/react/Extensions.kt:14:32 'class UIManagerModule : ReactContextBaseJavaModule, LifecycleEventListener, UIManager' is deprecated. This class is part of Legacy Architecture and will be removed in a future release.

> Task :react-native-screens:compileDebugKotlin
> Task :react-native-gesture-handler:compileDebugJavaWithJavac
> Task :react-native-gesture-handler:processDebugJavaRes
> Task :react-native-gesture-handler:bundleLibCompileToJarDebug
> Task :react-native-clipboard_clipboard:bundleLibRuntimeToDirDebug
> Task :react-native-firebase_analytics:bundleLibRuntimeToDirDebug
> Task :react-native-async-storage_async-storage:bundleLibRuntimeToDirDebug
> Task :react-native-safe-area-context:bundleLibRuntimeToDirDebug
> Task :react-native-gesture-handler:bundleLibRuntimeToDirDebug
> Task :react-native-firebase_auth:bundleLibRuntimeToDirDebug
> Task :app:mergeExtDexDebug
> Task :react-native-firebase_crashlytics:bundleLibRuntimeToDirDebug
> Task :react-native-firebase_messaging:bundleLibRuntimeToDirDebug
> Task :react-native-firebase_remote-config:bundleLibRuntimeToDirDebug
> Task :react-native-firebase_firestore:bundleLibRuntimeToDirDebug
> Task :react-native-firebase_app:bundleLibRuntimeToDirDebug
> Task :react-native-restart:bundleLibRuntimeToDirDebug
> Task :invertase_react-native-apple-authentication:writeDebugAarMetadata
> Task :react-native-async-storage_async-storage:writeDebugAarMetadata
> Task :react-native-bootsplash:writeDebugAarMetadata
> Task :react-native-clipboard_clipboard:writeDebugAarMetadata
> Task :react-native-community_datetimepicker:writeDebugAarMetadata
> Task :react-native-firebase_analytics:writeDebugAarMetadata
> Task :react-native-firebase_app:writeDebugAarMetadata
> Task :react-native-firebase_auth:writeDebugAarMetadata
> Task :react-native-firebase_crashlytics:writeDebugAarMetadata
> Task :react-native-firebase_firestore:writeDebugAarMetadata
> Task :react-native-firebase_messaging:writeDebugAarMetadata
> Task :react-native-firebase_remote-config:writeDebugAarMetadata
> Task :react-native-gesture-handler:writeDebugAarMetadata
> Task :react-native-google-signin_google-signin:writeDebugAarMetadata
> Task :react-native-maps:writeDebugAarMetadata
> Task :react-native-restart:writeDebugAarMetadata
> Task :react-native-safe-area-context:writeDebugAarMetadata
> Task :react-native-screens:writeDebugAarMetadata
> Task :react-native-svg:writeDebugAarMetadata
> Task :react-native-svg:bundleLibRuntimeToDirDebug
> Task :app:mapDebugSourceSetPaths
> Task :app:checkDebugAarMetadata
> Task :app:compileDebugNavigationResources
> Task :app:createDebugCompatibleScreenManifests
> Task :app:extractDeepLinksDebug
> Task :invertase_react-native-apple-authentication:extractDeepLinksDebug
> Task :react-native-async-storage_async-storage:extractDeepLinksDebug
> Task :react-native-bootsplash:extractDeepLinksDebug
> Task :react-native-clipboard_clipboard:extractDeepLinksDebug

> Task :invertase_react-native-apple-authentication:processDebugManifest
package="com.RNAppleAuthentication" found in source AndroidManifest.xml: /Users/mostafamohamedelazab/Documents/lamma/node_modules/@invertase/react-native-apple-authentication/android/src/main/AndroidManifest.xml.
Setting the namespace via the package attribute in the source AndroidManifest.xml is no longer supported, and the value is ignored.
Recommendation: remove package="com.RNAppleAuthentication" from the source AndroidManifest.xml: /Users/mostafamohamedelazab/Documents/lamma/node_modules/@invertase/react-native-apple-authentication/android/src/main/AndroidManifest.xml.

> Task :react-native-bootsplash:processDebugManifest

> Task :react-native-async-storage_async-storage:processDebugManifest
package="com.reactnativecommunity.asyncstorage" found in source AndroidManifest.xml: /Users/mostafamohamedelazab/Documents/lamma/node_modules/@react-native-async-storage/async-storage/android/src/main/AndroidManifest.xml.
Setting the namespace via the package attribute in the source AndroidManifest.xml is no longer supported, and the value is ignored.
Recommendation: remove package="com.reactnativecommunity.asyncstorage" from the source AndroidManifest.xml: /Users/mostafamohamedelazab/Documents/lamma/node_modules/@react-native-async-storage/async-storage/android/src/main/AndroidManifest.xml.

> Task :react-native-clipboard_clipboard:processDebugManifest
> Task :react-native-community_datetimepicker:extractDeepLinksDebug
> Task :react-native-firebase_analytics:extractDeepLinksDebug
> Task :react-native-community_datetimepicker:processDebugManifest
> Task :react-native-firebase_app:extractDeepLinksDebug

> Task :react-native-firebase_analytics:processDebugManifest
package="io.invertase.firebase.analytics" found in source AndroidManifest.xml: /Users/mostafamohamedelazab/Documents/lamma/node_modules/@react-native-firebase/analytics/android/src/main/AndroidManifest.xml.
Setting the namespace via the package attribute in the source AndroidManifest.xml is no longer supported, and the value is ignored.
Recommendation: remove package="io.invertase.firebase.analytics" from the source AndroidManifest.xml: /Users/mostafamohamedelazab/Documents/lamma/node_modules/@react-native-firebase/analytics/android/src/main/AndroidManifest.xml.

> Task :react-native-firebase_auth:extractDeepLinksDebug

> Task :react-native-firebase_app:processDebugManifest
package="io.invertase.firebase" found in source AndroidManifest.xml: /Users/mostafamohamedelazab/Documents/lamma/node_modules/@react-native-firebase/app/android/src/main/AndroidManifest.xml.
Setting the namespace via the package attribute in the source AndroidManifest.xml is no longer supported, and the value is ignored.
Recommendation: remove package="io.invertase.firebase" from the source AndroidManifest.xml: /Users/mostafamohamedelazab/Documents/lamma/node_modules/@react-native-firebase/app/android/src/main/AndroidManifest.xml.

> Task :react-native-firebase_crashlytics:extractDeepLinksDebug

> Task :react-native-firebase_auth:processDebugManifest
package="io.invertase.firebase.auth" found in source AndroidManifest.xml: /Users/mostafamohamedelazab/Documents/lamma/node_modules/@react-native-firebase/auth/android/src/main/AndroidManifest.xml.
Setting the namespace via the package attribute in the source AndroidManifest.xml is no longer supported, and the value is ignored.
Recommendation: remove package="io.invertase.firebase.auth" from the source AndroidManifest.xml: /Users/mostafamohamedelazab/Documents/lamma/node_modules/@react-native-firebase/auth/android/src/main/AndroidManifest.xml.

> Task :react-native-firebase_firestore:extractDeepLinksDebug

> Task :react-native-firebase_crashlytics:processDebugManifest
package="io.invertase.firebase.crashlytics" found in source AndroidManifest.xml: /Users/mostafamohamedelazab/Documents/lamma/node_modules/@react-native-firebase/crashlytics/android/src/main/AndroidManifest.xml.
Setting the namespace via the package attribute in the source AndroidManifest.xml is no longer supported, and the value is ignored.
Recommendation: remove package="io.invertase.firebase.crashlytics" from the source AndroidManifest.xml: /Users/mostafamohamedelazab/Documents/lamma/node_modules/@react-native-firebase/crashlytics/android/src/main/AndroidManifest.xml.

> Task :react-native-firebase_messaging:extractDeepLinksDebug

> Task :react-native-firebase_firestore:processDebugManifest
package="io.invertase.firebase.firestore" found in source AndroidManifest.xml: /Users/mostafamohamedelazab/Documents/lamma/node_modules/@react-native-firebase/firestore/android/src/main/AndroidManifest.xml.
Setting the namespace via the package attribute in the source AndroidManifest.xml is no longer supported, and the value is ignored.
Recommendation: remove package="io.invertase.firebase.firestore" from the source AndroidManifest.xml: /Users/mostafamohamedelazab/Documents/lamma/node_modules/@react-native-firebase/firestore/android/src/main/AndroidManifest.xml.

> Task :react-native-firebase_remote-config:extractDeepLinksDebug

> Task :react-native-firebase_messaging:processDebugManifest
package="io.invertase.firebase.messaging" found in source AndroidManifest.xml: /Users/mostafamohamedelazab/Documents/lamma/node_modules/@react-native-firebase/messaging/android/src/main/AndroidManifest.xml.
Setting the namespace via the package attribute in the source AndroidManifest.xml is no longer supported, and the value is ignored.
Recommendation: remove package="io.invertase.firebase.messaging" from the source AndroidManifest.xml: /Users/mostafamohamedelazab/Documents/lamma/node_modules/@react-native-firebase/messaging/android/src/main/AndroidManifest.xml.

> Task :react-native-gesture-handler:extractDeepLinksDebug

> Task :react-native-firebase_remote-config:processDebugManifest
package="io.invertase.firebase.config" found in source AndroidManifest.xml: /Users/mostafamohamedelazab/Documents/lamma/node_modules/@react-native-firebase/remote-config/android/src/main/AndroidManifest.xml.
Setting the namespace via the package attribute in the source AndroidManifest.xml is no longer supported, and the value is ignored.
Recommendation: remove package="io.invertase.firebase.config" from the source AndroidManifest.xml: /Users/mostafamohamedelazab/Documents/lamma/node_modules/@react-native-firebase/remote-config/android/src/main/AndroidManifest.xml.

> Task :react-native-google-signin_google-signin:extractDeepLinksDebug
> Task :react-native-gesture-handler:processDebugManifest
> Task :react-native-maps:extractDeepLinksDebug
> Task :react-native-restart:extractDeepLinksDebug

> Task :react-native-google-signin_google-signin:processDebugManifest
package="com.reactnativegooglesignin" found in source AndroidManifest.xml: /Users/mostafamohamedelazab/Documents/lamma/node_modules/@react-native-google-signin/google-signin/android/src/main/AndroidManifest.xml.
Setting the namespace via the package attribute in the source AndroidManifest.xml is no longer supported, and the value is ignored.
Recommendation: remove package="com.reactnativegooglesignin" from the source AndroidManifest.xml: /Users/mostafamohamedelazab/Documents/lamma/node_modules/@react-native-google-signin/google-signin/android/src/main/AndroidManifest.xml.

> Task :react-native-maps:processDebugManifest

> Task :react-native-restart:processDebugManifest
package="com.reactnativerestart" found in source AndroidManifest.xml: /Users/mostafamohamedelazab/Documents/lamma/node_modules/react-native-restart/android/src/main/AndroidManifest.xml.
Setting the namespace via the package attribute in the source AndroidManifest.xml is no longer supported, and the value is ignored.
Recommendation: remove package="com.reactnativerestart" from the source AndroidManifest.xml: /Users/mostafamohamedelazab/Documents/lamma/node_modules/react-native-restart/android/src/main/AndroidManifest.xml.

> Task :react-native-safe-area-context:extractDeepLinksDebug
> Task :react-native-screens:extractDeepLinksDebug

> Task :react-native-safe-area-context:processDebugManifest
package="com.th3rdwave.safeareacontext" found in source AndroidManifest.xml: /Users/mostafamohamedelazab/Documents/lamma/node_modules/react-native-safe-area-context/android/src/main/AndroidManifest.xml.
Setting the namespace via the package attribute in the source AndroidManifest.xml is no longer supported, and the value is ignored.
Recommendation: remove package="com.th3rdwave.safeareacontext" from the source AndroidManifest.xml: /Users/mostafamohamedelazab/Documents/lamma/node_modules/react-native-safe-area-context/android/src/main/AndroidManifest.xml.

> Task :react-native-screens:processDebugManifest
> Task :react-native-svg:extractDeepLinksDebug
> Task :react-native-svg:processDebugManifest
> Task :invertase_react-native-apple-authentication:mapDebugSourceSetPaths
> Task :app:mergeDebugResources
> Task :app:processDebugMainManifest
> Task :app:processDebugManifest
> Task :app:processDebugManifestForPackage
> Task :invertase_react-native-apple-authentication:compileDebugLibraryResources
> Task :react-native-async-storage_async-storage:mapDebugSourceSetPaths
> Task :react-native-async-storage_async-storage:compileDebugLibraryResources
> Task :react-native-bootsplash:mapDebugSourceSetPaths
> Task :react-native-bootsplash:compileDebugLibraryResources
> Task :react-native-clipboard_clipboard:mapDebugSourceSetPaths
> Task :react-native-clipboard_clipboard:compileDebugLibraryResources
> Task :react-native-community_datetimepicker:mapDebugSourceSetPaths
> Task :react-native-community_datetimepicker:compileDebugLibraryResources
> Task :react-native-firebase_analytics:mapDebugSourceSetPaths
> Task :react-native-firebase_analytics:compileDebugLibraryResources
> Task :react-native-firebase_app:mapDebugSourceSetPaths
> Task :react-native-firebase_app:compileDebugLibraryResources
> Task :react-native-firebase_auth:mapDebugSourceSetPaths
> Task :react-native-firebase_auth:compileDebugLibraryResources
> Task :react-native-firebase_crashlytics:mapDebugSourceSetPaths
> Task :react-native-firebase_crashlytics:compileDebugLibraryResources
> Task :react-native-firebase_firestore:mapDebugSourceSetPaths
> Task :react-native-firebase_firestore:compileDebugLibraryResources
> Task :react-native-firebase_messaging:mapDebugSourceSetPaths
> Task :react-native-firebase_messaging:compileDebugLibraryResources
> Task :react-native-firebase_remote-config:mapDebugSourceSetPaths
> Task :react-native-firebase_remote-config:compileDebugLibraryResources
> Task :react-native-gesture-handler:mapDebugSourceSetPaths
> Task :react-native-gesture-handler:compileDebugLibraryResources
> Task :react-native-google-signin_google-signin:mapDebugSourceSetPaths
> Task :react-native-google-signin_google-signin:compileDebugLibraryResources
> Task :react-native-maps:mapDebugSourceSetPaths
> Task :react-native-maps:compileDebugLibraryResources
> Task :react-native-restart:mapDebugSourceSetPaths
> Task :react-native-restart:compileDebugLibraryResources
> Task :react-native-safe-area-context:mapDebugSourceSetPaths
> Task :react-native-safe-area-context:compileDebugLibraryResources
> Task :react-native-screens:mapDebugSourceSetPaths
> Task :react-native-svg:mapDebugSourceSetPaths
> Task :react-native-svg:compileDebugLibraryResources
> Task :react-native-screens:compileDebugLibraryResources
> Task :app:configureCMakeDebug[arm64-v8a]
> Task :app:processDebugResources
> Task :app:buildCMakeDebug[arm64-v8a]

> Task :react-native-screens:compileDebugKotlin
w: file:///Users/mostafamohamedelazab/Documents/lamma/node_modules/react-native-screens/android/src/main/java/com/swmansion/rnscreens/RNScreensPackage.kt:70:9 The corresponding parameter in the supertype 'BaseReactPackage' is named 'name'. This may cause problems when calling this function with named arguments.
w: file:///Users/mostafamohamedelazab/Documents/lamma/node_modules/react-native-screens/android/src/main/java/com/swmansion/rnscreens/RNScreensPackage.kt:71:9 The corresponding parameter in the supertype 'BaseReactPackage' is named 'reactContext'. This may cause problems when calling this function with named arguments.
w: file:///Users/mostafamohamedelazab/Documents/lamma/node_modules/react-native-screens/android/src/main/java/com/swmansion/rnscreens/RNScreensPackage.kt:83:17 'constructor(name: String, className: String, canOverrideExistingModule: Boolean, needsEagerInit: Boolean, hasConstants: Boolean, isCxxModule: Boolean, isTurboModule: Boolean): ReactModuleInfo' is deprecated. This constructor is deprecated and will be removed in the future. Use ReactModuleInfo(String, String, boolean, boolean, boolean, boolean)].
w: file:///Users/mostafamohamedelazab/Documents/lamma/node_modules/react-native-screens/android/src/main/java/com/swmansion/rnscreens/Screen.kt:54:77 Unchecked cast of '(CoordinatorLayout.Behavior<View!>?..CoordinatorLayout.Behavior<*>?)' to 'BottomSheetBehavior<Screen>'.
w: file:///Users/mostafamohamedelazab/Documents/lamma/node_modules/react-native-screens/android/src/main/java/com/swmansion/rnscreens/Screen.kt:59:33 'fun getEventDispatcherForReactTag(context: ReactContext, reactTag: Int): EventDispatcher?' is deprecated. reactTag is no longer needed.
w: file:///Users/mostafamohamedelazab/Documents/lamma/node_modules/react-native-screens/android/src/main/java/com/swmansion/rnscreens/Screen.kt:534:14 'fun getEventDispatcherForReactTag(context: ReactContext, reactTag: Int): EventDispatcher?' is deprecated. reactTag is no longer needed.
w: file:///Users/mostafamohamedelazab/Documents/lamma/node_modules/react-native-screens/android/src/main/java/com/swmansion/rnscreens/ScreenContainer.kt:71:74 'static field HIDE_NOT_ALWAYS: Int' is deprecated. Deprecated in Java.
w: file:///Users/mostafamohamedelazab/Documents/lamma/node_modules/react-native-screens/android/src/main/java/com/swmansion/rnscreens/ScreenContainer.kt:250:18 'fun getEventDispatcherForReactTag(context: ReactContext, reactTag: Int): EventDispatcher?' is deprecated. reactTag is no longer needed.
w: file:///Users/mostafamohamedelazab/Documents/lamma/node_modules/react-native-screens/android/src/main/java/com/swmansion/rnscreens/ScreenContainer.kt:260:18 'fun getEventDispatcherForReactTag(context: ReactContext, reactTag: Int): EventDispatcher?' is deprecated. reactTag is no longer needed.
w: file:///Users/mostafamohamedelazab/Documents/lamma/node_modules/react-native-screens/android/src/main/java/com/swmansion/rnscreens/ScreenFragment.kt:225:37 'fun getEventDispatcherForReactTag(context: ReactContext, reactTag: Int): EventDispatcher?' is deprecated. reactTag is no longer needed.
w: file:///Users/mostafamohamedelazab/Documents/lamma/node_modules/react-native-screens/android/src/main/java/com/swmansion/rnscreens/ScreenFragment.kt:242:14 'fun getEventDispatcherForReactTag(context: ReactContext, reactTag: Int): EventDispatcher?' is deprecated. reactTag is no longer needed.
w: file:///Users/mostafamohamedelazab/Documents/lamma/node_modules/react-native-screens/android/src/main/java/com/swmansion/rnscreens/ScreenFragment.kt:258:22 'fun getEventDispatcherForReactTag(context: ReactContext, reactTag: Int): EventDispatcher?' is deprecated. reactTag is no longer needed.
w: file:///Users/mostafamohamedelazab/Documents/lamma/node_modules/react-native-screens/android/src/main/java/com/swmansion/rnscreens/ScreenFragment.kt:327:22 'fun getEventDispatcherForReactTag(context: ReactContext, reactTag: Int): EventDispatcher?' is deprecated. reactTag is no longer needed.
w: file:///Users/mostafamohamedelazab/Documents/lamma/node_modules/react-native-screens/android/src/main/java/com/swmansion/rnscreens/ScreenModalFragment.kt:180:22 'fun getEventDispatcherForReactTag(context: ReactContext, reactTag: Int): EventDispatcher?' is deprecated. reactTag is no longer needed.
w: file:///Users/mostafamohamedelazab/Documents/lamma/node_modules/react-native-screens/android/src/main/java/com/swmansion/rnscreens/ScreenStack.kt:120:14 'fun getEventDispatcherForReactTag(context: ReactContext, reactTag: Int): EventDispatcher?' is deprecated. reactTag is no longer needed.
w: file:///Users/mostafamohamedelazab/Documents/lamma/node_modules/react-native-screens/android/src/main/java/com/swmansion/rnscreens/ScreenStackFragment.kt:179:18 'fun getEventDispatcherForReactTag(context: ReactContext, reactTag: Int): EventDispatcher?' is deprecated. reactTag is no longer needed.
w: file:///Users/mostafamohamedelazab/Documents/lamma/node_modules/react-native-screens/android/src/main/java/com/swmansion/rnscreens/ScreenStackFragment.kt:236:31 'var targetElevation: Float' is deprecated. Deprecated in Java.
w: file:///Users/mostafamohamedelazab/Documents/lamma/node_modules/react-native-screens/android/src/main/java/com/swmansion/rnscreens/ScreenStackFragment.kt:239:13 'fun setHasOptionsMenu(p0: Boolean): Unit' is deprecated. Deprecated in Java.
w: file:///Users/mostafamohamedelazab/Documents/lamma/node_modules/react-native-screens/android/src/main/java/com/swmansion/rnscreens/ScreenStackFragment.kt:450:18 This declaration overrides a deprecated member but is not marked as deprecated itself. Add the '@Deprecated' annotation or suppress the diagnostic.
w: file:///Users/mostafamohamedelazab/Documents/lamma/node_modules/react-native-screens/android/src/main/java/com/swmansion/rnscreens/ScreenStackFragment.kt:457:22 'fun onPrepareOptionsMenu(p0: Menu): Unit' is deprecated. Deprecated in Java.
w: file:///Users/mostafamohamedelazab/Documents/lamma/node_modules/react-native-screens/android/src/main/java/com/swmansion/rnscreens/ScreenStackFragment.kt:460:18 This declaration overrides a deprecated member but is not marked as deprecated itself. Add the '@Deprecated' annotation or suppress the diagnostic.
w: file:///Users/mostafamohamedelazab/Documents/lamma/node_modules/react-native-screens/android/src/main/java/com/swmansion/rnscreens/ScreenStackFragment.kt:465:22 'fun onCreateOptionsMenu(p0: Menu, p1: MenuInflater): Unit' is deprecated. Deprecated in Java.
w: file:///Users/mostafamohamedelazab/Documents/lamma/node_modules/react-native-screens/android/src/main/java/com/swmansion/rnscreens/ScreenStackHeaderConfig.kt:199:14 'fun getEventDispatcherForReactTag(context: ReactContext, reactTag: Int): EventDispatcher?' is deprecated. reactTag is no longer needed.
w: file:///Users/mostafamohamedelazab/Documents/lamma/node_modules/react-native-screens/android/src/main/java/com/swmansion/rnscreens/ScreenStackHeaderConfig.kt:209:14 'fun getEventDispatcherForReactTag(context: ReactContext, reactTag: Int): EventDispatcher?' is deprecated. reactTag is no longer needed.
w: file:///Users/mostafamohamedelazab/Documents/lamma/node_modules/react-native-screens/android/src/main/java/com/swmansion/rnscreens/ScreenWindowTraits.kt:48:42 'fun replaceSystemWindowInsets(p0: Int, p1: Int, p2: Int, p3: Int): @NonNull() WindowInsetsCompat' is deprecated. Deprecated in Java.
w: file:///Users/mostafamohamedelazab/Documents/lamma/node_modules/react-native-screens/android/src/main/java/com/swmansion/rnscreens/ScreenWindowTraits.kt:49:39 'val systemWindowInsetLeft: Int' is deprecated. Deprecated in Java.
w: file:///Users/mostafamohamedelazab/Documents/lamma/node_modules/react-native-screens/android/src/main/java/com/swmansion/rnscreens/ScreenWindowTraits.kt:51:39 'val systemWindowInsetRight: Int' is deprecated. Deprecated in Java.
w: file:///Users/mostafamohamedelazab/Documents/lamma/node_modules/react-native-screens/android/src/main/java/com/swmansion/rnscreens/ScreenWindowTraits.kt:52:39 'val systemWindowInsetBottom: Int' is deprecated. Deprecated in Java.
w: file:///Users/mostafamohamedelazab/Documents/lamma/node_modules/react-native-screens/android/src/main/java/com/swmansion/rnscreens/ScreensModule.kt:100:14 'fun getEventDispatcherForReactTag(context: ReactContext, reactTag: Int): EventDispatcher?' is deprecated. reactTag is no longer needed.
w: file:///Users/mostafamohamedelazab/Documents/lamma/node_modules/react-native-screens/android/src/main/java/com/swmansion/rnscreens/SearchBarView.kt:137:29 'fun getEventDispatcherForReactTag(context: ReactContext, reactTag: Int): EventDispatcher?' is deprecated. reactTag is no longer needed.
w: file:///Users/mostafamohamedelazab/Documents/lamma/node_modules/react-native-screens/android/src/main/java/com/swmansion/rnscreens/bottomsheet/BottomSheetDialogRootView.kt:7:8 'object ReactFeatureFlags : Any' is deprecated. Use com.facebook.react.internal.featureflags.ReactNativeFeatureFlags instead.
w: file:///Users/mostafamohamedelazab/Documents/lamma/node_modules/react-native-screens/android/src/main/java/com/swmansion/rnscreens/bottomsheet/BottomSheetDialogRootView.kt:25:13 'object ReactFeatureFlags : Any' is deprecated. Use com.facebook.react.internal.featureflags.ReactNativeFeatureFlags instead.
w: file:///Users/mostafamohamedelazab/Documents/lamma/node_modules/react-native-screens/android/src/main/java/com/swmansion/rnscreens/bottomsheet/BottomSheetDialogRootView.kt:32:9 The corresponding parameter in the supertype 'ReactViewGroup' is named 'left'. This may cause problems when calling this function with named arguments.
w: file:///Users/mostafamohamedelazab/Documents/lamma/node_modules/react-native-screens/android/src/main/java/com/swmansion/rnscreens/bottomsheet/BottomSheetDialogRootView.kt:33:9 The corresponding parameter in the supertype 'ReactViewGroup' is named 'top'. This may cause problems when calling this function with named arguments.
w: file:///Users/mostafamohamedelazab/Documents/lamma/node_modules/react-native-screens/android/src/main/java/com/swmansion/rnscreens/bottomsheet/BottomSheetDialogRootView.kt:34:9 The corresponding parameter in the supertype 'ReactViewGroup' is named 'right'. This may cause problems when calling this function with named arguments.
w: file:///Users/mostafamohamedelazab/Documents/lamma/node_modules/react-native-screens/android/src/main/java/com/swmansion/rnscreens/bottomsheet/BottomSheetDialogRootView.kt:35:9 The corresponding parameter in the supertype 'ReactViewGroup' is named 'bottom'. This may cause problems when calling this function with named arguments.
w: file:///Users/mostafamohamedelazab/Documents/lamma/node_modules/react-native-screens/android/src/main/java/com/swmansion/rnscreens/bottomsheet/BottomSheetDialogRootView.kt:71:9 The corresponding parameter in the supertype 'RootView' is named 'childView'. This may cause problems when calling this function with named arguments.
w: file:///Users/mostafamohamedelazab/Documents/lamma/node_modules/react-native-screens/android/src/main/java/com/swmansion/rnscreens/bottomsheet/BottomSheetDialogRootView.kt:72:9 The corresponding parameter in the supertype 'RootView' is named 'ev'. This may cause problems when calling this function with named arguments.
w: file:///Users/mostafamohamedelazab/Documents/lamma/node_modules/react-native-screens/android/src/main/java/com/swmansion/rnscreens/bottomsheet/BottomSheetDialogRootView.kt:79:46 The corresponding parameter in the supertype 'RootView' is named 'ev'. This may cause problems when calling this function with named arguments.
w: file:///Users/mostafamohamedelazab/Documents/lamma/node_modules/react-native-screens/android/src/main/java/com/swmansion/rnscreens/bottomsheet/BottomSheetDialogRootView.kt:83:9 The corresponding parameter in the supertype 'RootView' is named 'childView'. This may cause problems when calling this function with named arguments.
w: file:///Users/mostafamohamedelazab/Documents/lamma/node_modules/react-native-screens/android/src/main/java/com/swmansion/rnscreens/bottomsheet/BottomSheetDialogRootView.kt:84:9 The corresponding parameter in the supertype 'RootView' is named 'ev'. This may cause problems when calling this function with named arguments.
w: file:///Users/mostafamohamedelazab/Documents/lamma/node_modules/react-native-screens/android/src/main/java/com/swmansion/rnscreens/bottomsheet/BottomSheetDialogRootView.kt:95:34 The corresponding parameter in the supertype 'RootView' is named 't'. This may cause problems when calling this function with named arguments.
w: file:///Users/mostafamohamedelazab/Documents/lamma/node_modules/react-native-screens/android/src/main/java/com/swmansion/rnscreens/bottomsheet/DimmingView.kt:64:9 The corresponding parameter in the supertype 'ReactCompoundView' is named 'touchX'. This may cause problems when calling this function with named arguments.
w: file:///Users/mostafamohamedelazab/Documents/lamma/node_modules/react-native-screens/android/src/main/java/com/swmansion/rnscreens/bottomsheet/DimmingView.kt:65:9 The corresponding parameter in the supertype 'ReactCompoundView' is named 'touchY'. This may cause problems when calling this function with named arguments.
w: file:///Users/mostafamohamedelazab/Documents/lamma/node_modules/react-native-screens/android/src/main/java/com/swmansion/rnscreens/bottomsheet/DimmingView.kt:69:9 The corresponding parameter in the supertype 'ReactCompoundViewGroup' is named 'touchX'. This may cause problems when calling this function with named arguments.
w: file:///Users/mostafamohamedelazab/Documents/lamma/node_modules/react-native-screens/android/src/main/java/com/swmansion/rnscreens/bottomsheet/DimmingView.kt:70:9 The corresponding parameter in the supertype 'ReactCompoundViewGroup' is named 'touchY'. This may cause problems when calling this function with named arguments.
w: file:///Users/mostafamohamedelazab/Documents/lamma/node_modules/react-native-screens/android/src/main/java/com/swmansion/rnscreens/gamma/common/event/BaseEventEmitter.kt:12:38 'fun getEventDispatcherForReactTag(context: ReactContext, reactTag: Int): EventDispatcher?' is deprecated. reactTag is no longer needed.
w: file:///Users/mostafamohamedelazab/Documents/lamma/node_modules/react-native-screens/android/src/main/java/com/swmansion/rnscreens/gamma/modals/dimmingview/DimmingView.kt:64:9 The corresponding parameter in the supertype 'ReactCompoundView' is named 'touchX'. This may cause problems when calling this function with named arguments.
w: file:///Users/mostafamohamedelazab/Documents/lamma/node_modules/react-native-screens/android/src/main/java/com/swmansion/rnscreens/gamma/modals/dimmingview/DimmingView.kt:65:9 The corresponding parameter in the supertype 'ReactCompoundView' is named 'touchY'. This may cause problems when calling this function with named arguments.
w: file:///Users/mostafamohamedelazab/Documents/lamma/node_modules/react-native-screens/android/src/main/java/com/swmansion/rnscreens/gamma/modals/dimmingview/DimmingView.kt:69:9 The corresponding parameter in the supertype 'ReactCompoundViewGroup' is named 'touchX'. This may cause problems when calling this function with named arguments.
w: file:///Users/mostafamohamedelazab/Documents/lamma/node_modules/react-native-screens/android/src/main/java/com/swmansion/rnscreens/gamma/modals/dimmingview/DimmingView.kt:70:9 The corresponding parameter in the supertype 'ReactCompoundViewGroup' is named 'touchY'. This may cause problems when calling this function with named arguments.
w: file:///Users/mostafamohamedelazab/Documents/lamma/node_modules/react-native-screens/android/src/main/java/com/swmansion/rnscreens/gamma/modals/formsheet/FormSheetContentView.kt:11:8 'object ReactFeatureFlags : Any' is deprecated. Use com.facebook.react.internal.featureflags.ReactNativeFeatureFlags instead.
w: file:///Users/mostafamohamedelazab/Documents/lamma/node_modules/react-native-screens/android/src/main/java/com/swmansion/rnscreens/gamma/modals/formsheet/FormSheetContentView.kt:39:33 'fun getEventDispatcher(context: ReactContext, uiManagerType: Int): EventDispatcher?' is deprecated. UIManagerType is no longer needed.
w: file:///Users/mostafamohamedelazab/Documents/lamma/node_modules/react-native-screens/android/src/main/java/com/swmansion/rnscreens/gamma/modals/formsheet/FormSheetContentView.kt:44:13 'object ReactFeatureFlags : Any' is deprecated. Use com.facebook.react.internal.featureflags.ReactNativeFeatureFlags instead.
w: file:///Users/mostafamohamedelazab/Documents/lamma/node_modules/react-native-screens/android/src/main/java/com/swmansion/rnscreens/gamma/modals/formsheet/FormSheetHostViewManager.kt:38:9 The corresponding parameter in the supertype 'ViewGroupManager' is named 'view'. This may cause problems when calling this function with named arguments.
w: file:///Users/mostafamohamedelazab/Documents/lamma/node_modules/react-native-screens/android/src/main/java/com/swmansion/rnscreens/gamma/tabs/host/TabsHostViewManager.kt:44:9 The corresponding parameter in the supertype 'ViewGroupManager' is named 'view'. This may cause problems when calling this function with named arguments.
w: file:///Users/mostafamohamedelazab/Documents/lamma/node_modules/react-native-screens/android/src/main/java/com/swmansion/rnscreens/safearea/SafeAreaView.kt:143:45 'fun consumeDisplayCutout(): @NonNull() WindowInsetsCompat' is deprecated. Deprecated in Java.

> Task :react-native-screens:compileDebugJavaWithJavac
> Task :react-native-screens:processDebugJavaRes
> Task :app:mergeDebugJniLibFolders
> Task :invertase_react-native-apple-authentication:mergeDebugJniLibFolders
> Task :invertase_react-native-apple-authentication:mergeDebugNativeLibs NO-SOURCE
> Task :invertase_react-native-apple-authentication:copyDebugJniLibsProjectOnly
> Task :react-native-screens:bundleLibCompileToJarDebug
> Task :react-native-async-storage_async-storage:mergeDebugJniLibFolders
> Task :react-native-screens:bundleLibRuntimeToDirDebug
> Task :react-native-async-storage_async-storage:mergeDebugNativeLibs NO-SOURCE
> Task :react-native-async-storage_async-storage:copyDebugJniLibsProjectOnly
> Task :react-native-bootsplash:mergeDebugJniLibFolders
> Task :react-native-bootsplash:mergeDebugNativeLibs NO-SOURCE
> Task :react-native-bootsplash:copyDebugJniLibsProjectOnly
> Task :react-native-clipboard_clipboard:mergeDebugJniLibFolders
> Task :react-native-clipboard_clipboard:mergeDebugNativeLibs NO-SOURCE
> Task :react-native-clipboard_clipboard:copyDebugJniLibsProjectOnly
> Task :react-native-community_datetimepicker:mergeDebugJniLibFolders
> Task :react-native-community_datetimepicker:mergeDebugNativeLibs NO-SOURCE
> Task :react-native-community_datetimepicker:copyDebugJniLibsProjectOnly
> Task :react-native-firebase_analytics:mergeDebugJniLibFolders
> Task :react-native-firebase_analytics:mergeDebugNativeLibs NO-SOURCE
> Task :react-native-firebase_analytics:copyDebugJniLibsProjectOnly
> Task :react-native-firebase_app:mergeDebugJniLibFolders
> Task :react-native-firebase_app:mergeDebugNativeLibs NO-SOURCE
> Task :react-native-firebase_app:copyDebugJniLibsProjectOnly
> Task :react-native-firebase_auth:mergeDebugJniLibFolders
> Task :react-native-firebase_auth:mergeDebugNativeLibs NO-SOURCE
> Task :react-native-firebase_auth:copyDebugJniLibsProjectOnly
> Task :react-native-firebase_crashlytics:mergeDebugJniLibFolders
> Task :react-native-firebase_crashlytics:mergeDebugNativeLibs NO-SOURCE
> Task :react-native-firebase_crashlytics:copyDebugJniLibsProjectOnly
> Task :react-native-firebase_firestore:mergeDebugJniLibFolders
> Task :react-native-firebase_firestore:mergeDebugNativeLibs NO-SOURCE
> Task :react-native-firebase_firestore:copyDebugJniLibsProjectOnly
> Task :react-native-firebase_messaging:mergeDebugJniLibFolders
> Task :react-native-firebase_messaging:mergeDebugNativeLibs NO-SOURCE
> Task :react-native-firebase_messaging:copyDebugJniLibsProjectOnly
> Task :react-native-firebase_remote-config:mergeDebugJniLibFolders
> Task :react-native-firebase_remote-config:mergeDebugNativeLibs NO-SOURCE
> Task :react-native-firebase_remote-config:copyDebugJniLibsProjectOnly
> Task :react-native-gesture-handler:configureCMakeDebug[arm64-v8a]
> Task :react-native-gesture-handler:buildCMakeDebug[arm64-v8a]
> Task :react-native-gesture-handler:mergeDebugJniLibFolders
> Task :react-native-google-signin_google-signin:mergeDebugJniLibFolders
> Task :react-native-google-signin_google-signin:mergeDebugNativeLibs NO-SOURCE
> Task :react-native-gesture-handler:mergeDebugNativeLibs
> Task :react-native-google-signin_google-signin:copyDebugJniLibsProjectOnly
> Task :react-native-maps:mergeDebugJniLibFolders
> Task :react-native-maps:mergeDebugNativeLibs NO-SOURCE
> Task :react-native-gesture-handler:copyDebugJniLibsProjectOnly
> Task :react-native-maps:copyDebugJniLibsProjectOnly
> Task :react-native-restart:mergeDebugJniLibFolders
> Task :react-native-restart:mergeDebugNativeLibs NO-SOURCE
> Task :react-native-restart:copyDebugJniLibsProjectOnly
> Task :react-native-safe-area-context:mergeDebugJniLibFolders
> Task :react-native-safe-area-context:mergeDebugNativeLibs NO-SOURCE
> Task :react-native-safe-area-context:copyDebugJniLibsProjectOnly
> Task :react-native-screens:configureCMakeDebug[arm64-v8a]
> Task :react-native-screens:buildCMakeDebug[arm64-v8a]

> Task :app:compileDebugKotlin
w: file:///Users/mostafamohamedelazab/Documents/lamma/android/app/src/main/java/com/lamma/MainActivity.kt:29:7 'constructor(activity: ReactActivity, mainComponentName: String, fabricEnabled: Boolean): DefaultReactActivityDelegate' is deprecated. Creating DefaultReactActivityDelegate with flags is deprecated.
w: file:///Users/mostafamohamedelazab/Documents/lamma/android/app/src/main/java/com/lamma/MapConfigPackage.kt:9:16 This declaration overrides a deprecated member but is not marked as deprecated itself. Add the '@Deprecated' annotation or suppress the diagnostic.

> Task :react-native-screens:mergeDebugJniLibFolders
> Task :react-native-svg:mergeDebugJniLibFolders
> Task :react-native-svg:mergeDebugNativeLibs NO-SOURCE
> Task :react-native-svg:copyDebugJniLibsProjectOnly
> Task :app:validateSigningDebug
> Task :react-native-screens:mergeDebugNativeLibs
> Task :app:mergeLibDexDebug
> Task :app:compileDebugJavaWithJavac
> Task :app:processDebugJavaRes
> Task :app:dexBuilderDebug
> Task :app:writeDebugAppMetadata
> Task :app:writeDebugSigningConfigVersions
> Task :react-native-screens:copyDebugJniLibsProjectOnly
> Task :invertase_react-native-apple-authentication:checkDebugAarMetadata
> Task :invertase_react-native-apple-authentication:stripDebugDebugSymbols NO-SOURCE
> Task :invertase_react-native-apple-authentication:copyDebugJniLibsProjectAndLocalJars
> Task :app:mergeProjectDexDebug
> Task :invertase_react-native-apple-authentication:extractDebugAnnotations
> Task :invertase_react-native-apple-authentication:extractDeepLinksForAarDebug
> Task :invertase_react-native-apple-authentication:mergeDebugGeneratedProguardFiles
> Task :invertase_react-native-apple-authentication:mergeDebugConsumerProguardFiles
> Task :invertase_react-native-apple-authentication:prepareDebugArtProfile
> Task :invertase_react-native-apple-authentication:prepareLintJarForPublish
> Task :invertase_react-native-apple-authentication:mergeDebugJavaResource
> Task :react-native-async-storage_async-storage:checkDebugAarMetadata
> Task :invertase_react-native-apple-authentication:syncDebugLibJars
> Task :invertase_react-native-apple-authentication:bundleDebugAar
> Task :invertase_react-native-apple-authentication:assembleDebug
> Task :react-native-async-storage_async-storage:stripDebugDebugSymbols NO-SOURCE
> Task :react-native-async-storage_async-storage:copyDebugJniLibsProjectAndLocalJars
> Task :react-native-async-storage_async-storage:extractDebugAnnotations
> Task :react-native-async-storage_async-storage:extractDeepLinksForAarDebug
> Task :react-native-async-storage_async-storage:mergeDebugGeneratedProguardFiles
> Task :react-native-async-storage_async-storage:mergeDebugConsumerProguardFiles
> Task :react-native-async-storage_async-storage:prepareDebugArtProfile
> Task :react-native-async-storage_async-storage:prepareLintJarForPublish
> Task :react-native-async-storage_async-storage:mergeDebugJavaResource
> Task :react-native-bootsplash:checkDebugAarMetadata
> Task :react-native-async-storage_async-storage:syncDebugLibJars
> Task :react-native-async-storage_async-storage:bundleDebugAar
> Task :react-native-async-storage_async-storage:assembleDebug
> Task :react-native-bootsplash:stripDebugDebugSymbols NO-SOURCE
> Task :react-native-bootsplash:copyDebugJniLibsProjectAndLocalJars
> Task :react-native-bootsplash:extractDebugAnnotations
> Task :react-native-bootsplash:extractDeepLinksForAarDebug
> Task :react-native-bootsplash:mergeDebugGeneratedProguardFiles
> Task :react-native-bootsplash:mergeDebugConsumerProguardFiles
> Task :react-native-bootsplash:prepareDebugArtProfile
> Task :react-native-bootsplash:prepareLintJarForPublish
> Task :react-native-bootsplash:mergeDebugJavaResource
> Task :react-native-clipboard_clipboard:checkDebugAarMetadata
> Task :react-native-bootsplash:syncDebugLibJars
> Task :react-native-bootsplash:bundleDebugAar
> Task :react-native-bootsplash:assembleDebug
> Task :react-native-clipboard_clipboard:stripDebugDebugSymbols NO-SOURCE
> Task :react-native-clipboard_clipboard:copyDebugJniLibsProjectAndLocalJars
> Task :react-native-clipboard_clipboard:extractDebugAnnotations
> Task :react-native-clipboard_clipboard:extractDeepLinksForAarDebug
> Task :react-native-clipboard_clipboard:mergeDebugGeneratedProguardFiles
> Task :react-native-clipboard_clipboard:mergeDebugConsumerProguardFiles
> Task :react-native-clipboard_clipboard:prepareDebugArtProfile
> Task :react-native-clipboard_clipboard:prepareLintJarForPublish
> Task :react-native-clipboard_clipboard:mergeDebugJavaResource
> Task :react-native-community_datetimepicker:checkDebugAarMetadata
> Task :react-native-clipboard_clipboard:syncDebugLibJars
> Task :react-native-clipboard_clipboard:bundleDebugAar
> Task :react-native-clipboard_clipboard:assembleDebug
> Task :react-native-community_datetimepicker:stripDebugDebugSymbols NO-SOURCE
> Task :react-native-community_datetimepicker:copyDebugJniLibsProjectAndLocalJars
> Task :react-native-community_datetimepicker:extractDebugAnnotations
> Task :react-native-community_datetimepicker:extractDeepLinksForAarDebug
> Task :react-native-community_datetimepicker:mergeDebugGeneratedProguardFiles
> Task :react-native-community_datetimepicker:mergeDebugConsumerProguardFiles
> Task :react-native-community_datetimepicker:prepareDebugArtProfile
> Task :react-native-community_datetimepicker:prepareLintJarForPublish
> Task :react-native-community_datetimepicker:mergeDebugJavaResource
> Task :react-native-firebase_analytics:checkDebugAarMetadata
> Task :react-native-community_datetimepicker:syncDebugLibJars
> Task :react-native-community_datetimepicker:bundleDebugAar
> Task :react-native-community_datetimepicker:assembleDebug
> Task :react-native-firebase_analytics:stripDebugDebugSymbols NO-SOURCE
> Task :react-native-firebase_analytics:copyDebugJniLibsProjectAndLocalJars
> Task :react-native-firebase_analytics:extractDebugAnnotations
> Task :react-native-firebase_analytics:extractDeepLinksForAarDebug
> Task :react-native-firebase_analytics:mergeDebugGeneratedProguardFiles
> Task :react-native-firebase_analytics:mergeDebugConsumerProguardFiles
> Task :react-native-firebase_analytics:prepareDebugArtProfile
> Task :react-native-firebase_analytics:prepareLintJarForPublish
> Task :react-native-firebase_analytics:mergeDebugJavaResource
> Task :react-native-firebase_app:checkDebugAarMetadata
> Task :react-native-firebase_analytics:syncDebugLibJars
> Task :react-native-firebase_analytics:bundleDebugAar
> Task :react-native-firebase_analytics:assembleDebug
> Task :react-native-firebase_app:stripDebugDebugSymbols NO-SOURCE
> Task :react-native-firebase_app:copyDebugJniLibsProjectAndLocalJars
> Task :react-native-firebase_app:extractDebugAnnotations
> Task :react-native-firebase_app:extractDeepLinksForAarDebug
> Task :react-native-firebase_app:mergeDebugGeneratedProguardFiles
> Task :react-native-firebase_app:mergeDebugConsumerProguardFiles
> Task :react-native-firebase_app:prepareDebugArtProfile
> Task :react-native-firebase_app:prepareLintJarForPublish
> Task :react-native-firebase_app:mergeDebugJavaResource
> Task :react-native-firebase_auth:checkDebugAarMetadata
> Task :react-native-firebase_app:syncDebugLibJars
> Task :react-native-firebase_app:bundleDebugAar
> Task :react-native-firebase_app:assembleDebug
> Task :react-native-firebase_auth:stripDebugDebugSymbols NO-SOURCE
> Task :react-native-firebase_auth:copyDebugJniLibsProjectAndLocalJars
> Task :react-native-firebase_auth:extractDebugAnnotations
> Task :react-native-firebase_auth:extractDeepLinksForAarDebug
> Task :react-native-firebase_auth:mergeDebugGeneratedProguardFiles
> Task :react-native-firebase_auth:mergeDebugConsumerProguardFiles
> Task :react-native-firebase_auth:prepareDebugArtProfile
> Task :react-native-firebase_auth:prepareLintJarForPublish
> Task :react-native-firebase_auth:mergeDebugJavaResource
> Task :react-native-firebase_crashlytics:checkDebugAarMetadata
> Task :react-native-firebase_auth:syncDebugLibJars
> Task :react-native-firebase_auth:bundleDebugAar
> Task :react-native-firebase_auth:assembleDebug
> Task :react-native-firebase_crashlytics:stripDebugDebugSymbols NO-SOURCE
> Task :react-native-firebase_crashlytics:copyDebugJniLibsProjectAndLocalJars
> Task :react-native-firebase_crashlytics:extractDebugAnnotations
> Task :react-native-firebase_crashlytics:extractDeepLinksForAarDebug
> Task :react-native-firebase_crashlytics:mergeDebugGeneratedProguardFiles
> Task :react-native-firebase_crashlytics:mergeDebugConsumerProguardFiles
> Task :react-native-firebase_crashlytics:prepareDebugArtProfile
> Task :react-native-firebase_crashlytics:prepareLintJarForPublish
> Task :react-native-firebase_crashlytics:mergeDebugJavaResource
> Task :react-native-firebase_firestore:checkDebugAarMetadata
> Task :react-native-firebase_crashlytics:syncDebugLibJars
> Task :react-native-firebase_crashlytics:bundleDebugAar
> Task :react-native-firebase_crashlytics:assembleDebug
> Task :react-native-firebase_firestore:stripDebugDebugSymbols NO-SOURCE
> Task :react-native-firebase_firestore:copyDebugJniLibsProjectAndLocalJars
> Task :react-native-firebase_firestore:extractDebugAnnotations
> Task :react-native-firebase_firestore:extractDeepLinksForAarDebug
> Task :react-native-firebase_firestore:mergeDebugGeneratedProguardFiles
> Task :react-native-firebase_firestore:mergeDebugConsumerProguardFiles
> Task :react-native-firebase_firestore:prepareDebugArtProfile
> Task :react-native-firebase_firestore:prepareLintJarForPublish
> Task :react-native-firebase_firestore:mergeDebugJavaResource
> Task :app:mergeDebugJavaResource
> Task :react-native-firebase_messaging:checkDebugAarMetadata
> Task :react-native-firebase_firestore:syncDebugLibJars
> Task :react-native-firebase_firestore:bundleDebugAar
> Task :react-native-firebase_firestore:assembleDebug
> Task :react-native-firebase_messaging:stripDebugDebugSymbols NO-SOURCE
> Task :react-native-firebase_messaging:copyDebugJniLibsProjectAndLocalJars
> Task :app:mergeDebugNativeLibs
> Task :react-native-firebase_messaging:extractDebugAnnotations
> Task :react-native-firebase_messaging:extractDeepLinksForAarDebug
> Task :react-native-firebase_messaging:mergeDebugGeneratedProguardFiles
> Task :react-native-firebase_messaging:mergeDebugConsumerProguardFiles
> Task :react-native-firebase_messaging:prepareDebugArtProfile
> Task :react-native-firebase_messaging:prepareLintJarForPublish
> Task :react-native-firebase_messaging:mergeDebugJavaResource
> Task :react-native-firebase_messaging:syncDebugLibJars
> Task :react-native-firebase_remote-config:checkDebugAarMetadata
> Task :react-native-firebase_messaging:bundleDebugAar
> Task :react-native-firebase_messaging:assembleDebug
> Task :react-native-firebase_remote-config:stripDebugDebugSymbols NO-SOURCE
> Task :react-native-firebase_remote-config:copyDebugJniLibsProjectAndLocalJars
> Task :react-native-firebase_remote-config:extractDebugAnnotations
> Task :react-native-firebase_remote-config:extractDeepLinksForAarDebug
> Task :react-native-firebase_remote-config:mergeDebugGeneratedProguardFiles
> Task :react-native-firebase_remote-config:mergeDebugConsumerProguardFiles
> Task :react-native-firebase_remote-config:prepareDebugArtProfile
> Task :react-native-firebase_remote-config:prepareLintJarForPublish
> Task :react-native-firebase_remote-config:mergeDebugJavaResource
> Task :react-native-gesture-handler:checkDebugAarMetadata
> Task :react-native-firebase_remote-config:syncDebugLibJars
> Task :react-native-firebase_remote-config:bundleDebugAar
> Task :react-native-firebase_remote-config:assembleDebug
> Task :react-native-gesture-handler:stripDebugDebugSymbols
> Task :react-native-gesture-handler:extractDebugAnnotations
> Task :react-native-gesture-handler:extractDeepLinksForAarDebug
> Task :react-native-gesture-handler:mergeDebugGeneratedProguardFiles
> Task :react-native-gesture-handler:copyDebugJniLibsProjectAndLocalJars
> Task :app:stripDebugDebugSymbols
> Task :react-native-gesture-handler:mergeDebugConsumerProguardFiles
> Task :react-native-gesture-handler:prepareDebugArtProfile
> Task :react-native-gesture-handler:prepareLintJarForPublish
> Task :react-native-gesture-handler:mergeDebugJavaResource
> Task :react-native-google-signin_google-signin:checkDebugAarMetadata
> Task :react-native-gesture-handler:syncDebugLibJars
> Task :react-native-gesture-handler:bundleDebugAar
> Task :react-native-gesture-handler:assembleDebug
> Task :react-native-google-signin_google-signin:stripDebugDebugSymbols NO-SOURCE
> Task :react-native-google-signin_google-signin:copyDebugJniLibsProjectAndLocalJars
> Task :react-native-google-signin_google-signin:extractDebugAnnotations
> Task :react-native-google-signin_google-signin:extractDeepLinksForAarDebug
> Task :react-native-google-signin_google-signin:mergeDebugGeneratedProguardFiles
> Task :react-native-google-signin_google-signin:mergeDebugConsumerProguardFiles
> Task :react-native-google-signin_google-signin:prepareDebugArtProfile
> Task :react-native-google-signin_google-signin:prepareLintJarForPublish
> Task :react-native-google-signin_google-signin:mergeDebugJavaResource
> Task :react-native-maps:checkDebugAarMetadata
> Task :react-native-google-signin_google-signin:syncDebugLibJars
> Task :react-native-google-signin_google-signin:bundleDebugAar
> Task :react-native-google-signin_google-signin:assembleDebug
> Task :react-native-maps:stripDebugDebugSymbols NO-SOURCE
> Task :react-native-maps:copyDebugJniLibsProjectAndLocalJars
> Task :react-native-maps:extractDebugAnnotations
> Task :react-native-maps:extractDeepLinksForAarDebug
> Task :react-native-maps:mergeDebugGeneratedProguardFiles
> Task :react-native-maps:mergeDebugConsumerProguardFiles
> Task :react-native-maps:prepareDebugArtProfile
> Task :react-native-maps:prepareLintJarForPublish
> Task :react-native-maps:mergeDebugJavaResource
> Task :react-native-restart:checkDebugAarMetadata
> Task :react-native-maps:syncDebugLibJars
> Task :react-native-maps:bundleDebugAar
> Task :react-native-maps:assembleDebug
> Task :react-native-restart:stripDebugDebugSymbols NO-SOURCE
> Task :react-native-restart:copyDebugJniLibsProjectAndLocalJars
> Task :react-native-restart:extractDebugAnnotations
> Task :react-native-restart:extractDeepLinksForAarDebug
> Task :react-native-restart:mergeDebugGeneratedProguardFiles
> Task :react-native-restart:mergeDebugConsumerProguardFiles
> Task :react-native-restart:prepareDebugArtProfile
> Task :react-native-restart:prepareLintJarForPublish
> Task :react-native-restart:mergeDebugJavaResource
> Task :react-native-restart:syncDebugLibJars
> Task :react-native-safe-area-context:checkDebugAarMetadata
> Task :react-native-restart:bundleDebugAar
> Task :react-native-restart:assembleDebug
> Task :react-native-safe-area-context:stripDebugDebugSymbols NO-SOURCE
> Task :react-native-safe-area-context:copyDebugJniLibsProjectAndLocalJars
> Task :react-native-safe-area-context:extractDebugAnnotations
> Task :react-native-safe-area-context:extractDeepLinksForAarDebug
> Task :react-native-safe-area-context:mergeDebugGeneratedProguardFiles
> Task :react-native-safe-area-context:mergeDebugConsumerProguardFiles
> Task :react-native-safe-area-context:prepareDebugArtProfile
> Task :react-native-safe-area-context:prepareLintJarForPublish
> Task :react-native-safe-area-context:mergeDebugJavaResource
> Task :react-native-screens:checkDebugAarMetadata
> Task :react-native-safe-area-context:syncDebugLibJars
> Task :react-native-safe-area-context:bundleDebugAar
> Task :react-native-safe-area-context:assembleDebug
> Task :react-native-screens:stripDebugDebugSymbols
> Task :react-native-screens:extractDebugAnnotations
> Task :react-native-screens:extractDeepLinksForAarDebug
> Task :react-native-screens:copyDebugJniLibsProjectAndLocalJars
> Task :react-native-screens:mergeDebugGeneratedProguardFiles
> Task :react-native-screens:mergeDebugConsumerProguardFiles
> Task :react-native-screens:prepareDebugArtProfile
> Task :react-native-screens:prepareLintJarForPublish
> Task :app:packageDebug
> Task :app:createDebugApkListingFileRedirect
> Task :app:assembleDebug
> Task :react-native-screens:mergeDebugJavaResource
> Task :react-native-svg:checkDebugAarMetadata
> Task :react-native-screens:syncDebugLibJars
> Task :react-native-screens:bundleDebugAar
> Task :react-native-screens:assembleDebug
> Task :react-native-svg:stripDebugDebugSymbols NO-SOURCE
> Task :react-native-svg:copyDebugJniLibsProjectAndLocalJars
> Task :react-native-svg:extractDebugAnnotations
> Task :react-native-svg:extractDeepLinksForAarDebug
> Task :react-native-svg:mergeDebugGeneratedProguardFiles
> Task :react-native-svg:mergeDebugConsumerProguardFiles
> Task :react-native-svg:prepareDebugArtProfile
> Task :react-native-svg:prepareLintJarForPublish
> Task :react-native-svg:mergeDebugJavaResource
> Task :react-native-svg:syncDebugLibJars
> Task :react-native-svg:bundleDebugAar
> Task :react-native-svg:assembleDebug

[Incubating] Problems report is available at: file:///Users/mostafamohamedelazab/Documents/lamma/android/build/reports/problems/problems-report.html

Deprecated Gradle features were used in this build, making it incompatible with Gradle 10.

You can use '--warning-mode all' to show the individual deprecation warnings and determine if they come from your own scripts or plugins.

For more on this, please refer to https://docs.gradle.org/9.4.1/userguide/command_line_interface.html#sec:command_line_warnings in the Gradle documentation.

BUILD SUCCESSFUL in 10m 30s
647 actionable tasks: 647 executed
Consider enabling configuration cache to speed up this build: https://docs.gradle.org/9.4.1/userguide/configuration_cache_enabling.html
