> Task :gradle-plugin:settings-plugin:checkKotlinGradlePluginConfigurationErrors SKIPPED
> Task :gradle-plugin:shared:checkKotlinGradlePluginConfigurationErrors SKIPPED
> Task :gradle-plugin:shared:processResources NO-SOURCE
> Task :gradle-plugin:settings-plugin:pluginDescriptors
> Task :gradle-plugin:settings-plugin:processResources
> Task :gradle-plugin:shared:compileKotlin
> Task :gradle-plugin:shared:compileJava NO-SOURCE
> Task :gradle-plugin:shared:classes UP-TO-DATE
> Task :gradle-plugin:shared:jar
> Task :gradle-plugin:settings-plugin:compileKotlin
> Task :gradle-plugin:settings-plugin:compileJava NO-SOURCE
> Task :gradle-plugin:settings-plugin:classes
> Task :gradle-plugin:settings-plugin:jar
> Task :gradle-plugin:react-native-gradle-plugin:checkKotlinGradlePluginConfigurationErrors SKIPPED
> Task :gradle-plugin:react-native-gradle-plugin:pluginDescriptors
> Task :gradle-plugin:react-native-gradle-plugin:processResources
> Task :gradle-plugin:react-native-gradle-plugin:compileKotlin
> Task :gradle-plugin:react-native-gradle-plugin:compileJava NO-SOURCE
> Task :gradle-plugin:react-native-gradle-plugin:classes
> Task :gradle-plugin:react-native-gradle-plugin:jar

> Configure project :app
WARNING: The option setting 'android.builtInKotlin=false' is deprecated.
The current default is 'true'.
It will be removed in version 10.0 of the Android Gradle plugin.
WARNING: The option setting 'android.newDsl=false' is deprecated.
The current default is 'true'.
It will be removed in version 10.0 of the Android Gradle plugin.
WARNING: API 'applicationVariants' is obsolete and has been replaced with 'AndroidComponentsExtension'.
It will be removed in version 10.0 of the Android Gradle plugin.
The legacy variant API is disabled by default in AGP 9.0, but can be re-enabled by adding 
    android.newDsl=false
to this project's gradle.properties file.
For more information, see http://developer.android.com/build/r/new-dsl.

To determine what is calling applicationVariants, use -Pandroid.debug.obsoleteApi=true on the command line to display more information.
WARNING: API 'testVariants' is obsolete and has been replaced with 'AndroidComponentsExtension'.
It will be removed in version 10.0 of the Android Gradle plugin.
The legacy variant API is disabled by default in AGP 9.0, but can be re-enabled by adding 
    android.newDsl=false
to this project's gradle.properties file.
For more information, see http://developer.android.com/build/r/new-dsl.

To determine what is calling testVariants, use -Pandroid.debug.obsoleteApi=true on the command line to display more information.
WARNING: API 'unitTestVariants' is obsolete and has been replaced with 'AndroidComponentsExtension'.
It will be removed in version 10.0 of the Android Gradle plugin.
The legacy variant API is disabled by default in AGP 9.0, but can be re-enabled by adding 
    android.newDsl=false
to this project's gradle.properties file.
For more information, see http://developer.android.com/build/r/new-dsl.

To determine what is calling unitTestVariants, use -Pandroid.debug.obsoleteApi=true on the command line to display more information.

> Configure project :invertase_react-native-apple-authentication
WARNING: API 'libraryVariants' is obsolete and has been replaced with 'AndroidComponentsExtension'.
It will be removed in version 10.0 of the Android Gradle plugin.
The legacy variant API is disabled by default in AGP 9.0, but can be re-enabled by adding 
    android.newDsl=false
to this project's gradle.properties file.
For more information, see http://developer.android.com/build/r/new-dsl.

To determine what is calling libraryVariants, use -Pandroid.debug.obsoleteApi=true on the command line to display more information.

> Configure project :react-native-firebase_analytics
:react-native-firebase_analytics package.json found at /Users/mostafamohamedelazab/Documents/lamma/node_modules/@react-native-firebase/analytics/package.json
:react-native-firebase_app package.json found at /Users/mostafamohamedelazab/Documents/lamma/node_modules/@react-native-firebase/app/package.json
:react-native-firebase_analytics:firebase.bom using default value: 34.18.0
:react-native-firebase_analytics package.json found at /Users/mostafamohamedelazab/Documents/lamma/node_modules/@react-native-firebase/analytics/package.json
:react-native-firebase_analytics:version set from package.json: 26.4.0 (26,4,0 - 26004000)
:react-native-firebase_analytics:android.compileSdk using custom value: 37
:react-native-firebase_analytics:android.targetSdk using custom value: 36
:react-native-firebase_analytics:android.minSdk using custom value: 24
:react-native-firebase_analytics:reactNativeAndroidDir /Users/mostafamohamedelazab/Documents/lamma/node_modules/react-native

> Configure project :react-native-firebase_app
:react-native-firebase_app package.json found at /Users/mostafamohamedelazab/Documents/lamma/node_modules/@react-native-firebase/app/package.json
:react-native-firebase_app:firebase.bom using default value: 34.18.0
:react-native-firebase_app:play.play-services-auth using default value: 21.5.0
:react-native-firebase_app package.json found at /Users/mostafamohamedelazab/Documents/lamma/node_modules/@react-native-firebase/app/package.json
:react-native-firebase_app:version set from package.json: 26.4.0 (26,4,0 - 26004000)
:react-native-firebase_app:android.compileSdk using custom value: 37
:react-native-firebase_app:android.targetSdk using custom value: 36
:react-native-firebase_app:android.minSdk using custom value: 24
:react-native-firebase_app:reactNativeAndroidDir /Users/mostafamohamedelazab/Documents/lamma/node_modules/react-native

> Configure project :react-native-firebase_auth
:react-native-firebase_auth package.json found at /Users/mostafamohamedelazab/Documents/lamma/node_modules/@react-native-firebase/auth/package.json
:react-native-firebase_app package.json found at /Users/mostafamohamedelazab/Documents/lamma/node_modules/@react-native-firebase/app/package.json
:react-native-firebase_auth:firebase.bom using default value: 34.18.0
:react-native-firebase_auth package.json found at /Users/mostafamohamedelazab/Documents/lamma/node_modules/@react-native-firebase/auth/package.json
:react-native-firebase_auth:version set from package.json: 26.4.0 (26,4,0 - 26004000)
:react-native-firebase_auth:android.compileSdk using custom value: 37
:react-native-firebase_auth:android.targetSdk using custom value: 36
:react-native-firebase_auth:android.minSdk using custom value: 24
:react-native-firebase_auth:reactNativeAndroidDir /Users/mostafamohamedelazab/Documents/lamma/node_modules/react-native

> Configure project :react-native-firebase_crashlytics
:react-native-firebase_crashlytics package.json found at /Users/mostafamohamedelazab/Documents/lamma/node_modules/@react-native-firebase/crashlytics/package.json
:react-native-firebase_app package.json found at /Users/mostafamohamedelazab/Documents/lamma/node_modules/@react-native-firebase/app/package.json
:react-native-firebase_crashlytics:firebase.bom using default value: 34.18.0
:react-native-firebase_crashlytics package.json found at /Users/mostafamohamedelazab/Documents/lamma/node_modules/@react-native-firebase/crashlytics/package.json
:react-native-firebase_crashlytics:version set from package.json: 26.4.0 (26,4,0 - 26004000)
:react-native-firebase_crashlytics:android.compileSdk using custom value: 37
:react-native-firebase_crashlytics:android.targetSdk using custom value: 36
:react-native-firebase_crashlytics:android.minSdk using custom value: 24
:react-native-firebase_crashlytics:reactNativeAndroidDir /Users/mostafamohamedelazab/Documents/lamma/node_modules/react-native

> Configure project :react-native-firebase_firestore
:react-native-firebase_firestore package.json found at /Users/mostafamohamedelazab/Documents/lamma/node_modules/@react-native-firebase/firestore/package.json
:react-native-firebase_app package.json found at /Users/mostafamohamedelazab/Documents/lamma/node_modules/@react-native-firebase/app/package.json
:react-native-firebase_firestore:firebase.bom using default value: 34.18.0
:react-native-firebase_firestore package.json found at /Users/mostafamohamedelazab/Documents/lamma/node_modules/@react-native-firebase/firestore/package.json
:react-native-firebase_firestore:version set from package.json: 26.4.0 (26,4,0 - 26004000)
:react-native-firebase_firestore:android.compileSdk using custom value: 37
:react-native-firebase_firestore:android.targetSdk using custom value: 36
:react-native-firebase_firestore:android.minSdk using custom value: 24
:react-native-firebase_firestore:reactNativeAndroidDir /Users/mostafamohamedelazab/Documents/lamma/node_modules/react-native

> Configure project :react-native-firebase_messaging
:react-native-firebase_messaging package.json found at /Users/mostafamohamedelazab/Documents/lamma/node_modules/@react-native-firebase/messaging/package.json
:react-native-firebase_app package.json found at /Users/mostafamohamedelazab/Documents/lamma/node_modules/@react-native-firebase/app/package.json
:react-native-firebase_messaging:firebase.bom using default value: 34.18.0
:react-native-firebase_messaging package.json found at /Users/mostafamohamedelazab/Documents/lamma/node_modules/@react-native-firebase/messaging/package.json
:react-native-firebase_messaging:version set from package.json: 26.4.0 (26,4,0 - 26004000)
:react-native-firebase_messaging:android.compileSdk using custom value: 37
:react-native-firebase_messaging:android.targetSdk using custom value: 36
:react-native-firebase_messaging:android.minSdk using custom value: 24
:react-native-firebase_messaging:reactNativeAndroidDir /Users/mostafamohamedelazab/Documents/lamma/node_modules/react-native

> Configure project :react-native-firebase_remote-config
:react-native-firebase_remote-config package.json found at /Users/mostafamohamedelazab/Documents/lamma/node_modules/@react-native-firebase/remote-config/package.json
:react-native-firebase_app package.json found at /Users/mostafamohamedelazab/Documents/lamma/node_modules/@react-native-firebase/app/package.json
:react-native-firebase_remote-config:firebase.bom using default value: 34.18.0
:react-native-firebase_remote-config package.json found at /Users/mostafamohamedelazab/Documents/lamma/node_modules/@react-native-firebase/remote-config/package.json
:react-native-firebase_remote-config:version set from package.json: 26.4.0 (26,4,0 - 26004000)
:react-native-firebase_remote-config:android.compileSdk using custom value: 37
:react-native-firebase_remote-config:android.targetSdk using custom value: 36
:react-native-firebase_remote-config:android.minSdk using custom value: 24
:react-native-firebase_remote-config:reactNativeAndroidDir /Users/mostafamohamedelazab/Documents/lamma/node_modules/react-native

> Task :app:generateAutolinkingPackageList
> Task :app:generateAutolinkingNewArchitectureFiles

[Incubating] Problems report is available at: file:///Users/mostafamohamedelazab/Documents/lamma/android/build/reports/problems/problems-report.html

Deprecated Gradle features were used in this build, making it incompatible with Gradle 10.

You can use '--warning-mode all' to show the individual deprecation warnings and determine if they come from your own scripts or plugins.

For more on this, please refer to https://docs.gradle.org/9.4.1/userguide/command_line_interface.html#sec:command_line_warnings in the Gradle documentation.

BUILD SUCCESSFUL in 28s
12 actionable tasks: 12 executed
Consider enabling configuration cache to speed up this build: https://docs.gradle.org/9.4.1/userguide/configuration_cache_enabling.html
