info Building the app...
Starting a Gradle Daemon, 2 stopped Daemons could not be reused, use --status for details
> Task :gradle-plugin:settings-plugin:checkKotlinGradlePluginConfigurationErrors SKIPPED
> Task :gradle-plugin:shared:checkKotlinGradlePluginConfigurationErrors SKIPPED
> Task :gradle-plugin:shared:compileKotlin UP-TO-DATE
> Task :gradle-plugin:shared:compileJava NO-SOURCE
> Task :gradle-plugin:shared:processResources NO-SOURCE
> Task :gradle-plugin:shared:classes UP-TO-DATE
> Task :gradle-plugin:shared:jar UP-TO-DATE
> Task :gradle-plugin:settings-plugin:compileKotlin UP-TO-DATE
> Task :gradle-plugin:settings-plugin:compileJava NO-SOURCE
> Task :gradle-plugin:settings-plugin:pluginDescriptors UP-TO-DATE
> Task :gradle-plugin:settings-plugin:processResources UP-TO-DATE
> Task :gradle-plugin:settings-plugin:classes UP-TO-DATE
> Task :gradle-plugin:settings-plugin:jar UP-TO-DATE
> Task :gradle-plugin:react-native-gradle-plugin:checkKotlinGradlePluginConfigurationErrors SKIPPED
> Task :gradle-plugin:react-native-gradle-plugin:compileKotlin UP-TO-DATE
> Task :gradle-plugin:react-native-gradle-plugin:compileJava NO-SOURCE
> Task :gradle-plugin:react-native-gradle-plugin:pluginDescriptors UP-TO-DATE
> Task :gradle-plugin:react-native-gradle-plugin:processResources UP-TO-DATE
> Task :gradle-plugin:react-native-gradle-plugin:classes UP-TO-DATE
> Task :gradle-plugin:react-native-gradle-plugin:jar UP-TO-DATE

> Configure project :app
WARNING: The option setting 'android.builtInKotlin=false' is deprecated.
The current default is 'true'.
It will be removed in version 10.0 of the Android Gradle plugin.
WARNING: The option setting 'android.newDsl=false' is deprecated.
The current default is 'true'.
It will be removed in version 10.0 of the Android Gradle plugin.
WARNING: API 'applicationVariants' is obsolete and has been replaced with 'AndroidComponentsExtension'.
It will be removed in version 10.0 of the Android Gradle plugin.
The legacy variant API is disabled by default in AGP 9.0, but can be re-enabled by adding 
    android.newDsl=false
to this project's gradle.properties file.
For more information, see http://developer.android.com/build/r/new-dsl.

To determine what is calling applicationVariants, use -Pandroid.debug.obsoleteApi=true on the command line to display more information.
WARNING: API 'testVariants' is obsolete and has been replaced with 'AndroidComponentsExtension'.
It will be removed in version 10.0 of the Android Gradle plugin.
The legacy variant API is disabled by default in AGP 9.0, but can be re-enabled by adding 
    android.newDsl=false
to this project's gradle.properties file.
For more information, see http://developer.android.com/build/r/new-dsl.

To determine what is calling testVariants, use -Pandroid.debug.obsoleteApi=true on the command line to display more information.
WARNING: API 'unitTestVariants' is obsolete and has been replaced with 'AndroidComponentsExtension'.
It will be removed in version 10.0 of the Android Gradle plugin.
The legacy variant API is disabled by default in AGP 9.0, but can be re-enabled by adding 
    android.newDsl=false
to this project's gradle.properties file.
For more information, see http://developer.android.com/build/r/new-dsl.

To determine what is calling unitTestVariants, use -Pandroid.debug.obsoleteApi=true on the command line to display more information.

> Configure project :invertase_react-native-apple-authentication
WARNING: API 'libraryVariants' is obsolete and has been replaced with 'AndroidComponentsExtension'.
It will be removed in version 10.0 of the Android Gradle plugin.
The legacy variant API is disabled by default in AGP 9.0, but can be re-enabled by adding 
    android.newDsl=false
to this project's gradle.properties file.
For more information, see http://developer.android.com/build/r/new-dsl.

To determine what is calling libraryVariants, use -Pandroid.debug.obsoleteApi=true on the command line to display more information.

> Configure project :react-native-firebase_app
:react-native-firebase_app package.json found at /Users/mostafamohamedelazab/Documents/lamma/node_modules/@react-native-firebase/app/package.json
:react-native-firebase_app:firebase.bom using default value: 34.10.0
:react-native-firebase_app:play.play-services-auth using default value: 21.5.0
:react-native-firebase_app package.json found at /Users/mostafamohamedelazab/Documents/lamma/node_modules/@react-native-firebase/app/package.json
:react-native-firebase_app:version set from package.json: 23.8.8 (23,8,8 - 23008008)
:react-native-firebase_app:android.compileSdk using custom value: 37
:react-native-firebase_app:android.targetSdk using custom value: 36
:react-native-firebase_app:android.minSdk using custom value: 24
:react-native-firebase_app:reactNativeAndroidDir /Users/mostafamohamedelazab/Documents/lamma/node_modules/react-native

> Configure project :react-native-firebase_auth
:react-native-firebase_auth package.json found at /Users/mostafamohamedelazab/Documents/lamma/node_modules/@react-native-firebase/auth/package.json
:react-native-firebase_app package.json found at /Users/mostafamohamedelazab/Documents/lamma/node_modules/@react-native-firebase/app/package.json
:react-native-firebase_auth:firebase.bom using default value: 34.10.0
:react-native-firebase_auth package.json found at /Users/mostafamohamedelazab/Documents/lamma/node_modules/@react-native-firebase/auth/package.json
:react-native-firebase_auth:version set from package.json: 23.8.8 (23,8,8 - 23008008)
:react-native-firebase_auth:android.compileSdk using custom value: 37
:react-native-firebase_auth:android.targetSdk using custom value: 36
:react-native-firebase_auth:android.minSdk using custom value: 24
:react-native-firebase_auth:reactNativeAndroidDir /Users/mostafamohamedelazab/Documents/lamma/node_modules/react-native

> Configure project :react-native-firebase_firestore
:react-native-firebase_firestore package.json found at /Users/mostafamohamedelazab/Documents/lamma/node_modules/@react-native-firebase/firestore/package.json
:react-native-firebase_app package.json found at /Users/mostafamohamedelazab/Documents/lamma/node_modules/@react-native-firebase/app/package.json
:react-native-firebase_firestore:firebase.bom using default value: 34.10.0
:react-native-firebase_firestore package.json found at /Users/mostafamohamedelazab/Documents/lamma/node_modules/@react-native-firebase/firestore/package.json
:react-native-firebase_firestore:version set from package.json: 23.8.8 (23,8,8 - 23008008)
:react-native-firebase_firestore:android.compileSdk using custom value: 37
:react-native-firebase_firestore:android.targetSdk using custom value: 36
:react-native-firebase_firestore:android.minSdk using custom value: 24
:react-native-firebase_firestore:reactNativeAndroidDir /Users/mostafamohamedelazab/Documents/lamma/node_modules/react-native

> Task :app:generateAutolinkingNewArchitectureFiles
> Task :app:generateAutolinkingPackageList
> Task :app:generateCodegenSchemaFromJavaScript SKIPPED
> Task :app:generateCodegenArtifactsFromSchema SKIPPED
> Task :app:generateReactNativeEntryPoint
> Task :invertase_react-native-apple-authentication:preBuild UP-TO-DATE
> Task :react-native-async-storage_async-storage:generateCodegenSchemaFromJavaScript
> Task :react-native-async-storage_async-storage:generateCodegenArtifactsFromSchema
> Task :react-native-async-storage_async-storage:preBuild
> Task :react-native-clipboard_clipboard:generateCodegenSchemaFromJavaScript
> Task :react-native-clipboard_clipboard:generateCodegenArtifactsFromSchema
> Task :react-native-clipboard_clipboard:preBuild
> Task :react-native-firebase_app:preBuild UP-TO-DATE
> Task :react-native-firebase_auth:preBuild UP-TO-DATE
> Task :react-native-firebase_firestore:preBuild UP-TO-DATE
> Task :react-native-gesture-handler:generateCodegenSchemaFromJavaScript
> Task :react-native-gesture-handler:generateCodegenArtifactsFromSchema
> Task :react-native-gesture-handler:preBuild
> Task :react-native-google-signin_google-signin:generateCodegenSchemaFromJavaScript
> Task :react-native-google-signin_google-signin:generateCodegenArtifactsFromSchema
> Task :react-native-google-signin_google-signin:preBuild
> Task :react-native-safe-area-context:generateCodegenSchemaFromJavaScript
> Task :react-native-safe-area-context:generateCodegenArtifactsFromSchema
> Task :react-native-safe-area-context:preBuild
> Task :react-native-screens:generateCodegenSchemaFromJavaScript
> Task :react-native-screens:generateCodegenArtifactsFromSchema
> Task :react-native-screens:preBuild
> Task :react-native-svg:generateCodegenSchemaFromJavaScript
> Task :react-native-svg:generateCodegenArtifactsFromSchema
> Task :react-native-svg:preBuild
> Task :app:preBuild
> Task :app:preDebugBuild
> Task :app:mergeDebugNativeDebugMetadata NO-SOURCE
> Task :app:checkKotlinGradlePluginConfigurationErrors SKIPPED
> Task :app:generateDebugBuildConfig
> Task :app:generateDebugResValues
> Task :app:generateDebugResources
> Task :app:packageDebugResources
> Task :invertase_react-native-apple-authentication:preDebugBuild UP-TO-DATE
> Task :invertase_react-native-apple-authentication:processDebugNavigationResources
> Task :react-native-async-storage_async-storage:preDebugBuild
> Task :react-native-async-storage_async-storage:processDebugNavigationResources
> Task :react-native-clipboard_clipboard:preDebugBuild
> Task :react-native-clipboard_clipboard:processDebugNavigationResources
> Task :react-native-firebase_app:preDebugBuild UP-TO-DATE
> Task :react-native-firebase_app:processDebugNavigationResources
> Task :react-native-firebase_auth:preDebugBuild UP-TO-DATE
> Task :react-native-firebase_auth:processDebugNavigationResources
> Task :react-native-firebase_firestore:preDebugBuild UP-TO-DATE
> Task :react-native-firebase_firestore:processDebugNavigationResources
> Task :react-native-gesture-handler:preDebugBuild
> Task :react-native-gesture-handler:processDebugNavigationResources
> Task :react-native-google-signin_google-signin:preDebugBuild
> Task :react-native-google-signin_google-signin:processDebugNavigationResources
> Task :react-native-safe-area-context:preDebugBuild
> Task :react-native-safe-area-context:processDebugNavigationResources
> Task :react-native-screens:preDebugBuild
> Task :react-native-screens:processDebugNavigationResources
> Task :react-native-svg:preDebugBuild
> Task :react-native-svg:processDebugNavigationResources
> Task :app:processDebugNavigationResources
> Task :invertase_react-native-apple-authentication:checkKotlinGradlePluginConfigurationErrors SKIPPED
> Task :invertase_react-native-apple-authentication:generateDebugBuildConfig
> Task :invertase_react-native-apple-authentication:generateDebugResources
> Task :invertase_react-native-apple-authentication:packageDebugResources
> Task :react-native-async-storage_async-storage:generateDebugBuildConfig
> Task :invertase_react-native-apple-authentication:javaPreCompileDebug
> Task :react-native-async-storage_async-storage:generateDebugResources
> Task :react-native-async-storage_async-storage:packageDebugResources
> Task :invertase_react-native-apple-authentication:parseDebugLocalResources
> Task :app:parseDebugLocalResources
> Task :react-native-async-storage_async-storage:parseDebugLocalResources
> Task :react-native-async-storage_async-storage:javaPreCompileDebug
> Task :react-native-clipboard_clipboard:generateDebugBuildConfig
> Task :react-native-clipboard_clipboard:generateDebugResources
> Task :react-native-clipboard_clipboard:packageDebugResources
> Task :app:generateDebugRFile
> Task :invertase_react-native-apple-authentication:generateDebugRFile
> Task :react-native-async-storage_async-storage:generateDebugRFile
> Task :react-native-clipboard_clipboard:parseDebugLocalResources

> Task :react-native-async-storage_async-storage:compileDebugJavaWithJavac
Note: Some input files use or override a deprecated API.
Note: Recompile with -Xlint:deprecation for details.
Note: /Users/mostafamohamedelazab/Documents/lamma/node_modules/@react-native-async-storage/async-storage/android/src/javaPackage/java/com/reactnativecommunity/asyncstorage/AsyncStoragePackage.java uses unchecked or unsafe operations.
Note: Recompile with -Xlint:unchecked for details.

> Task :react-native-clipboard_clipboard:javaPreCompileDebug
> Task :react-native-clipboard_clipboard:generateDebugRFile
> Task :react-native-firebase_app:generateDebugBuildConfig
> Task :react-native-async-storage_async-storage:bundleLibCompileToJarDebug

> Task :react-native-clipboard_clipboard:compileDebugJavaWithJavac
Note: Some input files use or override a deprecated API.
Note: Recompile with -Xlint:deprecation for details.
Note: /Users/mostafamohamedelazab/Documents/lamma/node_modules/@react-native-clipboard/clipboard/android/src/main/java/com/reactnativecommunity/clipboard/ClipboardPackage.java uses unchecked or unsafe operations.
Note: Recompile with -Xlint:unchecked for details.

> Task :react-native-clipboard_clipboard:bundleLibCompileToJarDebug
> Task :react-native-firebase_app:generateDebugResources
> Task :react-native-firebase_app:packageDebugResources
> Task :react-native-firebase_app:javaPreCompileDebug
> Task :react-native-firebase_auth:generateDebugResources
> Task :react-native-firebase_app:parseDebugLocalResources
> Task :react-native-firebase_auth:packageDebugResources
> Task :react-native-firebase_auth:javaPreCompileDebug
> Task :react-native-firebase_app:generateDebugRFile
> Task :react-native-firebase_auth:parseDebugLocalResources
> Task :react-native-firebase_firestore:generateDebugResources

> Task :invertase_react-native-apple-authentication:compileDebugKotlin
w: file:///Users/mostafamohamedelazab/Documents/lamma/node_modules/@invertase/react-native-apple-authentication/android/src/main/java/com/RNAppleAuthentication/SignInWithAppleConfiguration.kt:3:41 Non-public primary constructor is exposed via the generated 'copy()' method of the 'data' class.

The generated 'copy()' will change its visibility in future releases.

To suppress the warning do one of the following:
- Annotate the data class with the '@ConsistentCopyVisibility' annotation.
- Use the '-Xconsistent-data-class-copy-visibility' compiler flag.
- Annotate the data class with the '@ExposedCopyVisibility' annotation 
  (Discouraged, but can be used to keep binary compatibility).

To learn more, see the documentation of the '@ConsistentCopyVisibility' and '@ExposedCopyVisibility' annotations.

This will become an error in language version 2.3.
w: file:///Users/mostafamohamedelazab/Documents/lamma/node_modules/@invertase/react-native-apple-authentication/android/src/main/java/com/RNAppleAuthentication/webview/SignInWebViewClient.kt:15:21 'constructor(): Handler' is deprecated. Deprecated in Java.
w: file:///Users/mostafamohamedelazab/Documents/lamma/node_modules/@invertase/react-native-apple-authentication/android/src/main/java/com/RNAppleAuthentication/webview/SignInWebViewDialogFragment.kt:44:40 'fun <T : Parcelable!> getParcelable(p0: String?): T?' is deprecated. Deprecated in Java.

> Task :react-native-firebase_app:compileDebugJavaWithJavac
Note: Some input files use or override a deprecated API.
Note: Recompile with -Xlint:deprecation for details.

> Task :invertase_react-native-apple-authentication:compileDebugJavaWithJavac
Note: Some input files use or override a deprecated API.
Note: Recompile with -Xlint:deprecation for details.

> Task :invertase_react-native-apple-authentication:bundleLibCompileToJarDebug
> Task :react-native-firebase_app:bundleLibCompileToJarDebug
> Task :react-native-firebase_auth:generateDebugRFile
> Task :react-native-firebase_firestore:packageDebugResources

> Task :react-native-firebase_auth:compileDebugJavaWithJavac
Note: Some input files use or override a deprecated API.
Note: Recompile with -Xlint:deprecation for details.
Note: /Users/mostafamohamedelazab/Documents/lamma/node_modules/@react-native-firebase/auth/android/src/main/java/io/invertase/firebase/auth/ReactNativeFirebaseAuthModule.java uses unchecked or unsafe operations.
Note: Recompile with -Xlint:unchecked for details.

> Task :react-native-firebase_auth:bundleLibCompileToJarDebug
> Task :react-native-gesture-handler:checkKotlinGradlePluginConfigurationErrors SKIPPED
> Task :react-native-firebase_firestore:parseDebugLocalResources
> Task :react-native-firebase_firestore:javaPreCompileDebug
> Task :react-native-gesture-handler:generateDebugBuildConfig
> Task :react-native-gesture-handler:generateDebugResources
> Task :react-native-firebase_firestore:generateDebugRFile
> Task :react-native-gesture-handler:packageDebugResources

> Task :react-native-firebase_firestore:compileDebugJavaWithJavac
Note: Some input files use or override a deprecated API.
Note: Recompile with -Xlint:deprecation for details.
Note: Some input files use unchecked or unsafe operations.
Note: Recompile with -Xlint:unchecked for details.

> Task :react-native-firebase_firestore:bundleLibCompileToJarDebug
> Task :react-native-svg:generateDebugBuildConfig
> Task :react-native-gesture-handler:parseDebugLocalResources
> Task :react-native-svg:generateDebugResources
> Task :react-native-gesture-handler:generateDebugRFile
> Task :react-native-svg:packageDebugResources
> Task :react-native-svg:parseDebugLocalResources
> Task :react-native-svg:javaPreCompileDebug
> Task :react-native-google-signin_google-signin:checkKotlinGradlePluginConfigurationErrors SKIPPED
> Task :react-native-gesture-handler:javaPreCompileDebug
> Task :react-native-svg:generateDebugRFile
> Task :react-native-google-signin_google-signin:generateDebugBuildConfig

> Task :react-native-svg:compileDebugJavaWithJavac
Note: Some input files use or override a deprecated API.
Note: Recompile with -Xlint:deprecation for details.
Note: Some input files use unchecked or unsafe operations.
Note: Recompile with -Xlint:unchecked for details.

> Task :react-native-svg:bundleLibCompileToJarDebug
> Task :react-native-google-signin_google-signin:generateDebugResources
> Task :react-native-google-signin_google-signin:packageDebugResources
> Task :react-native-safe-area-context:checkKotlinGradlePluginConfigurationErrors SKIPPED
> Task :react-native-safe-area-context:generateDebugBuildConfig
> Task :react-native-google-signin_google-signin:javaPreCompileDebug
> Task :react-native-safe-area-context:generateDebugResources
> Task :react-native-google-signin_google-signin:parseDebugLocalResources
> Task :react-native-safe-area-context:packageDebugResources
> Task :react-native-google-signin_google-signin:generateDebugRFile
> Task :react-native-safe-area-context:parseDebugLocalResources
> Task :react-native-safe-area-context:javaPreCompileDebug
> Task :react-native-screens:checkKotlinGradlePluginConfigurationErrors SKIPPED
> Task :react-native-safe-area-context:generateDebugRFile
> Task :react-native-screens:generateDebugBuildConfig
> Task :react-native-screens:generateDebugResources
> Task :react-native-screens:packageDebugResources
> Task :react-native-screens:javaPreCompileDebug
> Task :react-native-screens:parseDebugLocalResources
> Task :app:javaPreCompileDebug
> Task :app:generateDebugAssets UP-TO-DATE
> Task :invertase_react-native-apple-authentication:generateDebugAssets UP-TO-DATE
> Task :invertase_react-native-apple-authentication:mergeDebugAssets
> Task :react-native-async-storage_async-storage:generateDebugAssets UP-TO-DATE
> Task :react-native-async-storage_async-storage:mergeDebugAssets
> Task :react-native-clipboard_clipboard:generateDebugAssets UP-TO-DATE
> Task :react-native-screens:generateDebugRFile
> Task :react-native-clipboard_clipboard:mergeDebugAssets

> Task :react-native-google-signin_google-signin:compileDebugKotlin
w: file:///Users/mostafamohamedelazab/Documents/lamma/node_modules/@react-native-google-signin/google-signin/android/src/main/java/com/reactnativegooglesignin/ErrorDto.kt:3:8 'class GoogleSignInStatusCodes : CommonStatusCodes' is deprecated. Deprecated in Java.
w: file:///Users/mostafamohamedelazab/Documents/lamma/node_modules/@react-native-google-signin/google-signin/android/src/main/java/com/reactnativegooglesignin/ErrorDto.kt:23:31 Condition is always 'true'.
w: file:///Users/mostafamohamedelazab/Documents/lamma/node_modules/@react-native-google-signin/google-signin/android/src/main/java/com/reactnativegooglesignin/ErrorDto.kt:24:16 'class GoogleSignInStatusCodes : CommonStatusCodes' is deprecated. Deprecated in Java.
w: file:///Users/mostafamohamedelazab/Documents/lamma/node_modules/@react-native-google-signin/google-signin/android/src/main/java/com/reactnativegooglesignin/ErrorDto.kt:29:33 'class GoogleSignInStatusCodes : CommonStatusCodes' is deprecated. Deprecated in Java.
w: file:///Users/mostafamohamedelazab/Documents/lamma/node_modules/@react-native-google-signin/google-signin/android/src/main/java/com/reactnativegooglesignin/ErrorDto.kt:30:38 'class GoogleSignInStatusCodes : CommonStatusCodes' is deprecated. Deprecated in Java.

> Task :react-native-google-signin_google-signin:compileDebugJavaWithJavac
Note: Some input files use or override a deprecated API.
Note: Recompile with -Xlint:deprecation for details.
Note: /Users/mostafamohamedelazab/Documents/lamma/node_modules/@react-native-google-signin/google-signin/android/src/main/java/com/reactnativegooglesignin/RNGoogleSigninModule.java uses unchecked or unsafe operations.
Note: Recompile with -Xlint:unchecked for details.

> Task :react-native-firebase_app:generateDebugAssets UP-TO-DATE
> Task :react-native-google-signin_google-signin:bundleLibCompileToJarDebug
> Task :react-native-firebase_app:mergeDebugAssets
> Task :react-native-firebase_auth:generateDebugAssets UP-TO-DATE
> Task :react-native-firebase_auth:mergeDebugAssets
> Task :react-native-firebase_firestore:generateDebugAssets UP-TO-DATE
> Task :react-native-firebase_firestore:mergeDebugAssets
> Task :react-native-gesture-handler:generateDebugAssets UP-TO-DATE
> Task :react-native-gesture-handler:mergeDebugAssets
> Task :react-native-google-signin_google-signin:generateDebugAssets UP-TO-DATE
> Task :react-native-google-signin_google-signin:mergeDebugAssets
> Task :react-native-safe-area-context:generateDebugAssets UP-TO-DATE
> Task :react-native-safe-area-context:mergeDebugAssets
> Task :react-native-screens:generateDebugAssets UP-TO-DATE
> Task :react-native-screens:mergeDebugAssets
> Task :react-native-svg:generateDebugAssets UP-TO-DATE
> Task :react-native-svg:mergeDebugAssets
> Task :app:mergeDebugAssets
> Task :app:compressDebugAssets
> Task :react-native-gesture-handler:compileDebugKotlin

> Task :react-native-safe-area-context:compileDebugKotlin
w: file:///Users/mostafamohamedelazab/Documents/lamma/node_modules/react-native-safe-area-context/android/src/main/java/com/th3rdwave/safeareacontext/SafeAreaProviderManager.kt:40:19 'fun getEventDispatcherForReactTag(context: ReactContext, reactTag: Int): EventDispatcher?' is deprecated. reactTag is no longer needed.
w: file:///Users/mostafamohamedelazab/Documents/lamma/node_modules/react-native-safe-area-context/android/src/main/java/com/th3rdwave/safeareacontext/SafeAreaView.kt:8:8 'class UIManagerModule : ReactContextBaseJavaModule, LifecycleEventListener, UIManager' is deprecated. This class is part of Legacy Architecture and will be removed in a future release.
w: file:///Users/mostafamohamedelazab/Documents/lamma/node_modules/react-native-safe-area-context/android/src/main/java/com/th3rdwave/safeareacontext/SafeAreaView.kt:46:54 'class UIManagerModule : ReactContextBaseJavaModule, LifecycleEventListener, UIManager' is deprecated. This class is part of Legacy Architecture and will be removed in a future release.
w: file:///Users/mostafamohamedelazab/Documents/lamma/node_modules/react-native-safe-area-context/android/src/main/java/com/th3rdwave/safeareacontext/SafeAreaViewShadowNode.kt:9:32 'class LayoutShadowNode : ReactShadowNodeImpl' is deprecated. This class is part of Legacy Architecture and will be removed in a future release.
w: file:///Users/mostafamohamedelazab/Documents/lamma/node_modules/react-native-safe-area-context/android/src/main/java/com/th3rdwave/safeareacontext/SafeAreaViewShadowNode.kt:110:61 'class NativeViewHierarchyOptimizer : Any' is deprecated. This class is part of Legacy Architecture and will be removed in a future release.

> Task :app:generateDebugGlobalSynthetics
> Task :react-native-safe-area-context:compileDebugJavaWithJavac
> Task :react-native-safe-area-context:bundleLibCompileToJarDebug
> Task :invertase_react-native-apple-authentication:processDebugJavaRes
> Task :react-native-async-storage_async-storage:processDebugJavaRes NO-SOURCE
> Task :react-native-clipboard_clipboard:processDebugJavaRes NO-SOURCE
> Task :react-native-firebase_app:processDebugJavaRes NO-SOURCE
> Task :react-native-firebase_auth:processDebugJavaRes NO-SOURCE
> Task :react-native-firebase_firestore:processDebugJavaRes NO-SOURCE
> Task :react-native-google-signin_google-signin:processDebugJavaRes
> Task :react-native-safe-area-context:processDebugJavaRes
> Task :react-native-svg:processDebugJavaRes NO-SOURCE
> Task :react-native-screens:compileDebugKotlin
> Task :app:desugarDebugFileDependencies
> Task :react-native-async-storage_async-storage:bundleLibRuntimeToDirDebug
> Task :react-native-clipboard_clipboard:bundleLibRuntimeToDirDebug
> Task :react-native-google-signin_google-signin:bundleLibRuntimeToDirDebug
> Task :invertase_react-native-apple-authentication:bundleLibRuntimeToDirDebug
> Task :react-native-safe-area-context:bundleLibRuntimeToDirDebug
> Task :app:checkDebugDuplicateClasses

> Task :app:mergeExtDexDebug
WARNING: /Users/mostafamohamedelazab/.gradle/caches/9.4.1/transforms/2894f0d219a0d95e19bc0298c7888988/transformed/play-services-auth-21.5.0-runtime.jar: D8: Invalid stack map table at instruction index 2: invokespecial Ljava/lang/Object;<init>()V, error: Constructor mismatch, expected constructor from com.google.android.gms.auth.api.identity.zbd, but was java.lang.Object.<init>().
WARNING: /Users/mostafamohamedelazab/.gradle/caches/9.4.1/transforms/2894f0d219a0d95e19bc0298c7888988/transformed/play-services-auth-21.5.0-runtime.jar: D8: Invalid stack map table at instruction index 2: invokespecial Ljava/lang/Object;<init>()V, error: Constructor mismatch, expected constructor from com.google.android.gms.auth.api.identity.zbo, but was java.lang.Object.<init>().
WARNING: /Users/mostafamohamedelazab/.gradle/caches/9.4.1/transforms/2894f0d219a0d95e19bc0298c7888988/transformed/play-services-auth-21.5.0-runtime.jar: D8: Invalid stack map table at instruction index 2: invokespecial Ljava/lang/Object;<init>()V, error: Constructor mismatch, expected constructor from com.google.android.gms.auth.api.signin.zbb, but was java.lang.Object.<init>().
WARNING: /Users/mostafamohamedelazab/.gradle/caches/9.4.1/transforms/2894f0d219a0d95e19bc0298c7888988/transformed/play-services-auth-21.5.0-runtime.jar: D8: Invalid stack map table at instruction index 7: invokespecial Ljava/lang/Object;<init>()V, error: Constructor mismatch, expected constructor from com.google.android.gms.auth.api.identity.zbv, but was java.lang.Object.<init>().
WARNING: /Users/mostafamohamedelazab/.gradle/caches/9.4.1/transforms/2894f0d219a0d95e19bc0298c7888988/transformed/play-services-auth-21.5.0-runtime.jar: D8: Invalid stack map table at instruction index 7: invokespecial Ljava/lang/Object;<init>()V, error: Constructor mismatch, expected constructor from com.google.android.gms.auth.api.identity.zbv, but was java.lang.Object.<init>().
WARNING: /Users/mostafamohamedelazab/.gradle/caches/9.4.1/transforms/2894f0d219a0d95e19bc0298c7888988/transformed/play-services-auth-21.5.0-runtime.jar: D8: Invalid stack map table at instruction index 7: invokespecial Ljava/lang/Object;<init>()V, error: Constructor mismatch, expected constructor from com.google.android.gms.auth.api.identity.zbi, but was java.lang.Object.<init>().
WARNING: /Users/mostafamohamedelazab/.gradle/caches/9.4.1/transforms/2894f0d219a0d95e19bc0298c7888988/transformed/play-services-auth-21.5.0-runtime.jar: D8: Invalid stack map table at instruction index 7: invokespecial Ljava/lang/Object;<init>()V, error: Constructor mismatch, expected constructor from com.google.android.gms.auth.api.identity.zbi, but was java.lang.Object.<init>().
WARNING: /Users/mostafamohamedelazab/.gradle/caches/9.4.1/transforms/2894f0d219a0d95e19bc0298c7888988/transformed/play-services-auth-21.5.0-runtime.jar: D8: Invalid stack map table at instruction index 2: invokespecial Ljava/lang/Object;<init>()V, error: Constructor mismatch, expected constructor from com.google.android.gms.auth.api.identity.zbp, but was java.lang.Object.<init>().
WARNING: /Users/mostafamohamedelazab/.gradle/caches/9.4.1/transforms/2894f0d219a0d95e19bc0298c7888988/transformed/play-services-auth-21.5.0-runtime.jar: D8: Invalid stack map table at instruction index 2: invokespecial Ljava/lang/Object;<init>()V, error: Constructor mismatch, expected constructor from com.google.android.gms.auth.api.identity.zbs, but was java.lang.Object.<init>().
WARNING: /Users/mostafamohamedelazab/.gradle/caches/9.4.1/transforms/2894f0d219a0d95e19bc0298c7888988/transformed/play-services-auth-21.5.0-runtime.jar: D8: Invalid stack map table at instruction index 10: invokespecial Lcom/google/android/gms/common/api/Api$AbstractClientBuilder;<init>()V, error: Constructor mismatch, expected constructor from com.google.android.gms.auth.api.zba, but was com.google.android.gms.common.api.Api$AbstractClientBuilder.<init>().
WARNING: /Users/mostafamohamedelazab/.gradle/caches/9.4.1/transforms/2894f0d219a0d95e19bc0298c7888988/transformed/play-services-auth-21.5.0-runtime.jar: D8: Invalid stack map table at instruction index 2: invokespecial Ljava/lang/Object;<init>()V, error: Constructor mismatch, expected constructor from com.google.android.gms.auth.api.identity.zbl, but was java.lang.Object.<init>().
WARNING: /Users/mostafamohamedelazab/.gradle/caches/9.4.1/transforms/2894f0d219a0d95e19bc0298c7888988/transformed/play-services-auth-21.5.0-runtime.jar: D8: Invalid stack map table at instruction index 2: invokespecial Ljava/lang/Object;<init>()V, error: Constructor mismatch, expected constructor from com.google.android.gms.auth.api.identity.zbn, but was java.lang.Object.<init>().
WARNING: /Users/mostafamohamedelazab/.gradle/caches/9.4.1/transforms/2894f0d219a0d95e19bc0298c7888988/transformed/play-services-auth-21.5.0-runtime.jar: D8: Invalid stack map table at instruction index 2: invokespecial Ljava/lang/Object;<init>()V, error: Constructor mismatch, expected constructor from com.google.android.gms.auth.api.identity.zbu, but was java.lang.Object.<init>().
WARNING: /Users/mostafamohamedelazab/.gradle/caches/9.4.1/transforms/2894f0d219a0d95e19bc0298c7888988/transformed/play-services-auth-21.5.0-runtime.jar: D8: Invalid stack map table at instruction index 2: invokespecial Ljava/lang/Object;<init>()V, error: Constructor mismatch, expected constructor from com.google.android.gms.auth.api.identity.zbq, but was java.lang.Object.<init>().
WARNING: /Users/mostafamohamedelazab/.gradle/caches/9.4.1/transforms/2894f0d219a0d95e19bc0298c7888988/transformed/play-services-auth-21.5.0-runtime.jar: D8: Invalid stack map table at instruction index 6: invokespecial Lcom/google/android/gms/common/api/Api$AbstractClientBuilder;<init>()V, error: Constructor mismatch, expected constructor from com.google.android.gms.internal.auth-api.zbae, but was com.google.android.gms.common.api.Api$AbstractClientBuilder.<init>().
WARNING: /Users/mostafamohamedelazab/.gradle/caches/9.4.1/transforms/2894f0d219a0d95e19bc0298c7888988/transformed/play-services-auth-21.5.0-runtime.jar: D8: Invalid stack map table at instruction index 2: invokespecial Ljava/lang/Object;<init>()V, error: Constructor mismatch, expected constructor from com.google.android.gms.auth.api.identity.zbh, but was java.lang.Object.<init>().
WARNING: /Users/mostafamohamedelazab/.gradle/caches/9.4.1/transforms/2894f0d219a0d95e19bc0298c7888988/transformed/play-services-auth-21.5.0-runtime.jar: D8: Invalid stack map table at instruction index 2: invokespecial Ljava/lang/Object;<init>()V, error: Constructor mismatch, expected constructor from com.google.android.gms.auth.api.identity.zbg, but was java.lang.Object.<init>().
WARNING: /Users/mostafamohamedelazab/.gradle/caches/9.4.1/transforms/2894f0d219a0d95e19bc0298c7888988/transformed/play-services-auth-21.5.0-runtime.jar: D8: Invalid stack map table at instruction index 2: invokespecial Ljava/lang/Object;<init>()V, error: Constructor mismatch, expected constructor from com.google.android.gms.auth.api.identity.zbm, but was java.lang.Object.<init>().
WARNING: /Users/mostafamohamedelazab/.gradle/caches/9.4.1/transforms/2894f0d219a0d95e19bc0298c7888988/transformed/play-services-auth-21.5.0-runtime.jar: D8: Invalid stack map table at instruction index 2: invokespecial Ljava/lang/Object;<init>()V, error: Constructor mismatch, expected constructor from com.google.android.gms.auth.api.identity.zbk, but was java.lang.Object.<init>().
WARNING: /Users/mostafamohamedelazab/.gradle/caches/9.4.1/transforms/2894f0d219a0d95e19bc0298c7888988/transformed/play-services-auth-21.5.0-runtime.jar: D8: Invalid stack map table at instruction index 17: invokespecial Lcom/google/android/gms/auth/api/signin/internal/zbl;<init>(Lcom/google/android/gms/common/api/GoogleApiClient;)V, error: Constructor mismatch, expected constructor from com.google.android.gms.auth.api.signin.internal.zbi, but was com.google.android.gms.auth.api.signin.internal.zbl.<init>(com.google.android.gms.common.api.GoogleApiClient).
WARNING: /Users/mostafamohamedelazab/.gradle/caches/9.4.1/transforms/2894f0d219a0d95e19bc0298c7888988/transformed/play-services-auth-21.5.0-runtime.jar: D8: Invalid stack map table at instruction index 20: invokespecial Lcom/google/android/gms/auth/api/signin/internal/zbl;<init>(Lcom/google/android/gms/common/api/GoogleApiClient;)V, error: Constructor mismatch, expected constructor from com.google.android.gms.auth.api.signin.internal.zbk, but was com.google.android.gms.auth.api.signin.internal.zbl.<init>(com.google.android.gms.common.api.GoogleApiClient).
WARNING: /Users/mostafamohamedelazab/.gradle/caches/9.4.1/transforms/2894f0d219a0d95e19bc0298c7888988/transformed/play-services-auth-21.5.0-runtime.jar: D8: Invalid stack map table at instruction index 2: invokespecial Ljava/lang/Object;<init>()V, error: Constructor mismatch, expected constructor from com.google.android.gms.auth.api.identity.zbw, but was java.lang.Object.<init>().
WARNING: /Users/mostafamohamedelazab/.gradle/caches/9.4.1/transforms/2894f0d219a0d95e19bc0298c7888988/transformed/play-services-auth-21.5.0-runtime.jar: D8: Invalid stack map table at instruction index 2: invokespecial Ljava/lang/Object;<init>()V, error: Constructor mismatch, expected constructor from com.google.android.gms.auth.api.identity.zbc, but was java.lang.Object.<init>().
WARNING: /Users/mostafamohamedelazab/.gradle/caches/9.4.1/transforms/2894f0d219a0d95e19bc0298c7888988/transformed/play-services-auth-21.5.0-runtime.jar: D8: Invalid stack map table at instruction index 2: invokespecial Ljava/lang/Object;<init>()V, error: Constructor mismatch, expected constructor from com.google.android.gms.auth.api.identity.zbe, but was java.lang.Object.<init>().
WARNING: /Users/mostafamohamedelazab/.gradle/caches/9.4.1/transforms/2894f0d219a0d95e19bc0298c7888988/transformed/play-services-auth-21.5.0-runtime.jar: D8: Invalid stack map table at instruction index 2: invokespecial Ljava/lang/Object;<init>()V, error: Constructor mismatch, expected constructor from com.google.android.gms.auth.api.identity.zbj, but was java.lang.Object.<init>().
WARNING: /Users/mostafamohamedelazab/.gradle/caches/9.4.1/transforms/2894f0d219a0d95e19bc0298c7888988/transformed/play-services-auth-21.5.0-runtime.jar: D8: Invalid stack map table at instruction index 2: invokespecial Ljava/lang/Object;<init>()V, error: Constructor mismatch, expected constructor from com.google.android.gms.auth.api.identity.zbr, but was java.lang.Object.<init>().
WARNING: /Users/mostafamohamedelazab/.gradle/caches/9.4.1/transforms/2894f0d219a0d95e19bc0298c7888988/transformed/play-services-auth-21.5.0-runtime.jar: D8: Invalid stack map table at instruction index 2: invokespecial Ljava/lang/Object;<init>()V, error: Constructor mismatch, expected constructor from com.google.android.gms.internal.auth-api.zbay, but was java.lang.Object.<init>().
WARNING: /Users/mostafamohamedelazab/.gradle/caches/9.4.1/transforms/2894f0d219a0d95e19bc0298c7888988/transformed/play-services-auth-21.5.0-runtime.jar: D8: Invalid stack map table at instruction index 6: invokespecial Lcom/google/android/gms/common/api/Api$AbstractClientBuilder;<init>()V, error: Constructor mismatch, expected constructor from com.google.android.gms.internal.auth-api.zbak, but was com.google.android.gms.common.api.Api$AbstractClientBuilder.<init>().
WARNING: /Users/mostafamohamedelazab/.gradle/caches/9.4.1/transforms/2894f0d219a0d95e19bc0298c7888988/transformed/play-services-auth-21.5.0-runtime.jar: D8: Invalid stack map table at instruction index 2: invokespecial Ljava/lang/Object;<init>()V, error: Constructor mismatch, expected constructor from com.google.android.gms.auth.api.identity.zbt, but was java.lang.Object.<init>().
WARNING: /Users/mostafamohamedelazab/.gradle/caches/9.4.1/transforms/2894f0d219a0d95e19bc0298c7888988/transformed/play-services-auth-21.5.0-runtime.jar: D8: Invalid stack map table at instruction index 2: invokespecial Ljava/lang/Object;<init>()V, error: Constructor mismatch, expected constructor from com.google.android.gms.auth.api.signin.internal.zbu, but was java.lang.Object.<init>().
WARNING: /Users/mostafamohamedelazab/.gradle/caches/9.4.1/transforms/2894f0d219a0d95e19bc0298c7888988/transformed/play-services-auth-21.5.0-runtime.jar: D8: Invalid stack map table at instruction index 2: invokespecial Ljava/lang/Object;<init>()V, error: Constructor mismatch, expected constructor from com.google.android.gms.auth.api.identity.zbb, but was java.lang.Object.<init>().
WARNING: /Users/mostafamohamedelazab/.gradle/caches/9.4.1/transforms/2894f0d219a0d95e19bc0298c7888988/transformed/play-services-auth-21.5.0-runtime.jar: D8: Invalid stack map table at instruction index 6: invokespecial Lcom/google/android/gms/common/api/Api$AbstractClientBuilder;<init>()V, error: Constructor mismatch, expected constructor from com.google.android.gms.internal.auth-api.zbw, but was com.google.android.gms.common.api.Api$AbstractClientBuilder.<init>().

> Task :react-native-gesture-handler:compileDebugKotlin
w: file:///Users/mostafamohamedelazab/Documents/lamma/node_modules/react-native-gesture-handler/android/src/main/java/com/swmansion/gesturehandler/react/Extensions.kt:8:8 'class UIManagerModule : ReactContextBaseJavaModule, LifecycleEventListener, UIManager' is deprecated. This class is part of Legacy Architecture and will be removed in a future release.
w: file:///Users/mostafamohamedelazab/Documents/lamma/node_modules/react-native-gesture-handler/android/src/main/java/com/swmansion/gesturehandler/react/Extensions.kt:13:29 'class UIManagerModule : ReactContextBaseJavaModule, LifecycleEventListener, UIManager' is deprecated. This class is part of Legacy Architecture and will be removed in a future release.
w: file:///Users/mostafamohamedelazab/Documents/lamma/node_modules/react-native-gesture-handler/android/src/main/java/com/swmansion/gesturehandler/react/Extensions.kt:14:32 'class UIManagerModule : ReactContextBaseJavaModule, LifecycleEventListener, UIManager' is deprecated. This class is part of Legacy Architecture and will be removed in a future release.

> Task :react-native-screens:compileDebugKotlin
w: file:///Users/mostafamohamedelazab/Documents/lamma/node_modules/react-native-screens/android/src/main/java/com/swmansion/rnscreens/RNScreensPackage.kt:70:9 The corresponding parameter in the supertype 'BaseReactPackage' is named 'name'. This may cause problems when calling this function with named arguments.
w: file:///Users/mostafamohamedelazab/Documents/lamma/node_modules/react-native-screens/android/src/main/java/com/swmansion/rnscreens/RNScreensPackage.kt:71:9 The corresponding parameter in the supertype 'BaseReactPackage' is named 'reactContext'. This may cause problems when calling this function with named arguments.
w: file:///Users/mostafamohamedelazab/Documents/lamma/node_modules/react-native-screens/android/src/main/java/com/swmansion/rnscreens/RNScreensPackage.kt:83:17 'constructor(name: String, className: String, canOverrideExistingModule: Boolean, needsEagerInit: Boolean, hasConstants: Boolean, isCxxModule: Boolean, isTurboModule: Boolean): ReactModuleInfo' is deprecated. This constructor is deprecated and will be removed in the future. Use ReactModuleInfo(String, String, boolean, boolean, boolean, boolean)].
w: file:///Users/mostafamohamedelazab/Documents/lamma/node_modules/react-native-screens/android/src/main/java/com/swmansion/rnscreens/Screen.kt:54:77 Unchecked cast of '(CoordinatorLayout.Behavior<View!>?..CoordinatorLayout.Behavior<*>?)' to 'BottomSheetBehavior<Screen>'.
w: file:///Users/mostafamohamedelazab/Documents/lamma/node_modules/react-native-screens/android/src/main/java/com/swmansion/rnscreens/Screen.kt:59:33 'fun getEventDispatcherForReactTag(context: ReactContext, reactTag: Int): EventDispatcher?' is deprecated. reactTag is no longer needed.
w: file:///Users/mostafamohamedelazab/Documents/lamma/node_modules/react-native-screens/android/src/main/java/com/swmansion/rnscreens/Screen.kt:534:14 'fun getEventDispatcherForReactTag(context: ReactContext, reactTag: Int): EventDispatcher?' is deprecated. reactTag is no longer needed.
w: file:///Users/mostafamohamedelazab/Documents/lamma/node_modules/react-native-screens/android/src/main/java/com/swmansion/rnscreens/ScreenContainer.kt:71:74 'static field HIDE_NOT_ALWAYS: Int' is deprecated. Deprecated in Java.
w: file:///Users/mostafamohamedelazab/Documents/lamma/node_modules/react-native-screens/android/src/main/java/com/swmansion/rnscreens/ScreenContainer.kt:250:18 'fun getEventDispatcherForReactTag(context: ReactContext, reactTag: Int): EventDispatcher?' is deprecated. reactTag is no longer needed.
w: file:///Users/mostafamohamedelazab/Documents/lamma/node_modules/react-native-screens/android/src/main/java/com/swmansion/rnscreens/ScreenContainer.kt:260:18 'fun getEventDispatcherForReactTag(context: ReactContext, reactTag: Int): EventDispatcher?' is deprecated. reactTag is no longer needed.
w: file:///Users/mostafamohamedelazab/Documents/lamma/node_modules/react-native-screens/android/src/main/java/com/swmansion/rnscreens/ScreenFragment.kt:225:37 'fun getEventDispatcherForReactTag(context: ReactContext, reactTag: Int): EventDispatcher?' is deprecated. reactTag is no longer needed.
w: file:///Users/mostafamohamedelazab/Documents/lamma/node_modules/react-native-screens/android/src/main/java/com/swmansion/rnscreens/ScreenFragment.kt:242:14 'fun getEventDispatcherForReactTag(context: ReactContext, reactTag: Int): EventDispatcher?' is deprecated. reactTag is no longer needed.
w: file:///Users/mostafamohamedelazab/Documents/lamma/node_modules/react-native-screens/android/src/main/java/com/swmansion/rnscreens/ScreenFragment.kt:258:22 'fun getEventDispatcherForReactTag(context: ReactContext, reactTag: Int): EventDispatcher?' is deprecated. reactTag is no longer needed.
w: file:///Users/mostafamohamedelazab/Documents/lamma/node_modules/react-native-screens/android/src/main/java/com/swmansion/rnscreens/ScreenFragment.kt:327:22 'fun getEventDispatcherForReactTag(context: ReactContext, reactTag: Int): EventDispatcher?' is deprecated. reactTag is no longer needed.
w: file:///Users/mostafamohamedelazab/Documents/lamma/node_modules/react-native-screens/android/src/main/java/com/swmansion/rnscreens/ScreenModalFragment.kt:180:22 'fun getEventDispatcherForReactTag(context: ReactContext, reactTag: Int): EventDispatcher?' is deprecated. reactTag is no longer needed.
w: file:///Users/mostafamohamedelazab/Documents/lamma/node_modules/react-native-screens/android/src/main/java/com/swmansion/rnscreens/ScreenStack.kt:120:14 'fun getEventDispatcherForReactTag(context: ReactContext, reactTag: Int): EventDispatcher?' is deprecated. reactTag is no longer needed.
w: file:///Users/mostafamohamedelazab/Documents/lamma/node_modules/react-native-screens/android/src/main/java/com/swmansion/rnscreens/ScreenStackFragment.kt:179:18 'fun getEventDispatcherForReactTag(context: ReactContext, reactTag: Int): EventDispatcher?' is deprecated. reactTag is no longer needed.
w: file:///Users/mostafamohamedelazab/Documents/lamma/node_modules/react-native-screens/android/src/main/java/com/swmansion/rnscreens/ScreenStackFragment.kt:236:31 'var targetElevation: Float' is deprecated. Deprecated in Java.
w: file:///Users/mostafamohamedelazab/Documents/lamma/node_modules/react-native-screens/android/src/main/java/com/swmansion/rnscreens/ScreenStackFragment.kt:239:13 'fun setHasOptionsMenu(p0: Boolean): Unit' is deprecated. Deprecated in Java.
w: file:///Users/mostafamohamedelazab/Documents/lamma/node_modules/react-native-screens/android/src/main/java/com/swmansion/rnscreens/ScreenStackFragment.kt:450:18 This declaration overrides a deprecated member but is not marked as deprecated itself. Add the '@Deprecated' annotation or suppress the diagnostic.
w: file:///Users/mostafamohamedelazab/Documents/lamma/node_modules/react-native-screens/android/src/main/java/com/swmansion/rnscreens/ScreenStackFragment.kt:457:22 'fun onPrepareOptionsMenu(p0: Menu): Unit' is deprecated. Deprecated in Java.
w: file:///Users/mostafamohamedelazab/Documents/lamma/node_modules/react-native-screens/android/src/main/java/com/swmansion/rnscreens/ScreenStackFragment.kt:460:18 This declaration overrides a deprecated member but is not marked as deprecated itself. Add the '@Deprecated' annotation or suppress the diagnostic.
w: file:///Users/mostafamohamedelazab/Documents/lamma/node_modules/react-native-screens/android/src/main/java/com/swmansion/rnscreens/ScreenStackFragment.kt:465:22 'fun onCreateOptionsMenu(p0: Menu, p1: MenuInflater): Unit' is deprecated. Deprecated in Java.
w: file:///Users/mostafamohamedelazab/Documents/lamma/node_modules/react-native-screens/android/src/main/java/com/swmansion/rnscreens/ScreenStackHeaderConfig.kt:199:14 'fun getEventDispatcherForReactTag(context: ReactContext, reactTag: Int): EventDispatcher?' is deprecated. reactTag is no longer needed.
w: file:///Users/mostafamohamedelazab/Documents/lamma/node_modules/react-native-screens/android/src/main/java/com/swmansion/rnscreens/ScreenStackHeaderConfig.kt:209:14 'fun getEventDispatcherForReactTag(context: ReactContext, reactTag: Int): EventDispatcher?' is deprecated. reactTag is no longer needed.
w: file:///Users/mostafamohamedelazab/Documents/lamma/node_modules/react-native-screens/android/src/main/java/com/swmansion/rnscreens/ScreenWindowTraits.kt:48:42 'fun replaceSystemWindowInsets(p0: Int, p1: Int, p2: Int, p3: Int): @NonNull() WindowInsetsCompat' is deprecated. Deprecated in Java.
w: file:///Users/mostafamohamedelazab/Documents/lamma/node_modules/react-native-screens/android/src/main/java/com/swmansion/rnscreens/ScreenWindowTraits.kt:49:39 'val systemWindowInsetLeft: Int' is deprecated. Deprecated in Java.
w: file:///Users/mostafamohamedelazab/Documents/lamma/node_modules/react-native-screens/android/src/main/java/com/swmansion/rnscreens/ScreenWindowTraits.kt:51:39 'val systemWindowInsetRight: Int' is deprecated. Deprecated in Java.
w: file:///Users/mostafamohamedelazab/Documents/lamma/node_modules/react-native-screens/android/src/main/java/com/swmansion/rnscreens/ScreenWindowTraits.kt:52:39 'val systemWindowInsetBottom: Int' is deprecated. Deprecated in Java.
w: file:///Users/mostafamohamedelazab/Documents/lamma/node_modules/react-native-screens/android/src/main/java/com/swmansion/rnscreens/ScreensModule.kt:100:14 'fun getEventDispatcherForReactTag(context: ReactContext, reactTag: Int): EventDispatcher?' is deprecated. reactTag is no longer needed.
w: file:///Users/mostafamohamedelazab/Documents/lamma/node_modules/react-native-screens/android/src/main/java/com/swmansion/rnscreens/SearchBarView.kt:137:29 'fun getEventDispatcherForReactTag(context: ReactContext, reactTag: Int): EventDispatcher?' is deprecated. reactTag is no longer needed.
w: file:///Users/mostafamohamedelazab/Documents/lamma/node_modules/react-native-screens/android/src/main/java/com/swmansion/rnscreens/bottomsheet/BottomSheetDialogRootView.kt:7:8 'object ReactFeatureFlags : Any' is deprecated. Use com.facebook.react.internal.featureflags.ReactNativeFeatureFlags instead.
w: file:///Users/mostafamohamedelazab/Documents/lamma/node_modules/react-native-screens/android/src/main/java/com/swmansion/rnscreens/bottomsheet/BottomSheetDialogRootView.kt:25:13 'object ReactFeatureFlags : Any' is deprecated. Use com.facebook.react.internal.featureflags.ReactNativeFeatureFlags instead.
w: file:///Users/mostafamohamedelazab/Documents/lamma/node_modules/react-native-screens/android/src/main/java/com/swmansion/rnscreens/bottomsheet/BottomSheetDialogRootView.kt:32:9 The corresponding parameter in the supertype 'ReactViewGroup' is named 'left'. This may cause problems when calling this function with named arguments.
w: file:///Users/mostafamohamedelazab/Documents/lamma/node_modules/react-native-screens/android/src/main/java/com/swmansion/rnscreens/bottomsheet/BottomSheetDialogRootView.kt:33:9 The corresponding parameter in the supertype 'ReactViewGroup' is named 'top'. This may cause problems when calling this function with named arguments.
w: file:///Users/mostafamohamedelazab/Documents/lamma/node_modules/react-native-screens/android/src/main/java/com/swmansion/rnscreens/bottomsheet/BottomSheetDialogRootView.kt:34:9 The corresponding parameter in the supertype 'ReactViewGroup' is named 'right'. This may cause problems when calling this function with named arguments.
w: file:///Users/mostafamohamedelazab/Documents/lamma/node_modules/react-native-screens/android/src/main/java/com/swmansion/rnscreens/bottomsheet/BottomSheetDialogRootView.kt:35:9 The corresponding parameter in the supertype 'ReactViewGroup' is named 'bottom'. This may cause problems when calling this function with named arguments.
w: file:///Users/mostafamohamedelazab/Documents/lamma/node_modules/react-native-screens/android/src/main/java/com/swmansion/rnscreens/bottomsheet/BottomSheetDialogRootView.kt:71:9 The corresponding parameter in the supertype 'RootView' is named 'childView'. This may cause problems when calling this function with named arguments.
w: file:///Users/mostafamohamedelazab/Documents/lamma/node_modules/react-native-screens/android/src/main/java/com/swmansion/rnscreens/bottomsheet/BottomSheetDialogRootView.kt:72:9 The corresponding parameter in the supertype 'RootView' is named 'ev'. This may cause problems when calling this function with named arguments.
w: file:///Users/mostafamohamedelazab/Documents/lamma/node_modules/react-native-screens/android/src/main/java/com/swmansion/rnscreens/bottomsheet/BottomSheetDialogRootView.kt:79:46 The corresponding parameter in the supertype 'RootView' is named 'ev'. This may cause problems when calling this function with named arguments.
w: file:///Users/mostafamohamedelazab/Documents/lamma/node_modules/react-native-screens/android/src/main/java/com/swmansion/rnscreens/bottomsheet/BottomSheetDialogRootView.kt:83:9 The corresponding parameter in the supertype 'RootView' is named 'childView'. This may cause problems when calling this function with named arguments.
w: file:///Users/mostafamohamedelazab/Documents/lamma/node_modules/react-native-screens/android/src/main/java/com/swmansion/rnscreens/bottomsheet/BottomSheetDialogRootView.kt:84:9 The corresponding parameter in the supertype 'RootView' is named 'ev'. This may cause problems when calling this function with named arguments.
w: file:///Users/mostafamohamedelazab/Documents/lamma/node_modules/react-native-screens/android/src/main/java/com/swmansion/rnscreens/bottomsheet/BottomSheetDialogRootView.kt:95:34 The corresponding parameter in the supertype 'RootView' is named 't'. This may cause problems when calling this function with named arguments.
w: file:///Users/mostafamohamedelazab/Documents/lamma/node_modules/react-native-screens/android/src/main/java/com/swmansion/rnscreens/bottomsheet/DimmingView.kt:64:9 The corresponding parameter in the supertype 'ReactCompoundView' is named 'touchX'. This may cause problems when calling this function with named arguments.
w: file:///Users/mostafamohamedelazab/Documents/lamma/node_modules/react-native-screens/android/src/main/java/com/swmansion/rnscreens/bottomsheet/DimmingView.kt:65:9 The corresponding parameter in the supertype 'ReactCompoundView' is named 'touchY'. This may cause problems when calling this function with named arguments.
w: file:///Users/mostafamohamedelazab/Documents/lamma/node_modules/react-native-screens/android/src/main/java/com/swmansion/rnscreens/bottomsheet/DimmingView.kt:69:9 The corresponding parameter in the supertype 'ReactCompoundViewGroup' is named 'touchX'. This may cause problems when calling this function with named arguments.
w: file:///Users/mostafamohamedelazab/Documents/lamma/node_modules/react-native-screens/android/src/main/java/com/swmansion/rnscreens/bottomsheet/DimmingView.kt:70:9 The corresponding parameter in the supertype 'ReactCompoundViewGroup' is named 'touchY'. This may cause problems when calling this function with named arguments.
w: file:///Users/mostafamohamedelazab/Documents/lamma/node_modules/react-native-screens/android/src/main/java/com/swmansion/rnscreens/gamma/common/event/BaseEventEmitter.kt:12:38 'fun getEventDispatcherForReactTag(context: ReactContext, reactTag: Int): EventDispatcher?' is deprecated. reactTag is no longer needed.
w: file:///Users/mostafamohamedelazab/Documents/lamma/node_modules/react-native-screens/android/src/main/java/com/swmansion/rnscreens/gamma/modals/dimmingview/DimmingView.kt:64:9 The corresponding parameter in the supertype 'ReactCompoundView' is named 'touchX'. This may cause problems when calling this function with named arguments.
w: file:///Users/mostafamohamedelazab/Documents/lamma/node_modules/react-native-screens/android/src/main/java/com/swmansion/rnscreens/gamma/modals/dimmingview/DimmingView.kt:65:9 The corresponding parameter in the supertype 'ReactCompoundView' is named 'touchY'. This may cause problems when calling this function with named arguments.
w: file:///Users/mostafamohamedelazab/Documents/lamma/node_modules/react-native-screens/android/src/main/java/com/swmansion/rnscreens/gamma/modals/dimmingview/DimmingView.kt:69:9 The corresponding parameter in the supertype 'ReactCompoundViewGroup' is named 'touchX'. This may cause problems when calling this function with named arguments.
w: file:///Users/mostafamohamedelazab/Documents/lamma/node_modules/react-native-screens/android/src/main/java/com/swmansion/rnscreens/gamma/modals/dimmingview/DimmingView.kt:70:9 The corresponding parameter in the supertype 'ReactCompoundViewGroup' is named 'touchY'. This may cause problems when calling this function with named arguments.
w: file:///Users/mostafamohamedelazab/Documents/lamma/node_modules/react-native-screens/android/src/main/java/com/swmansion/rnscreens/gamma/modals/formsheet/FormSheetContentView.kt:11:8 'object ReactFeatureFlags : Any' is deprecated. Use com.facebook.react.internal.featureflags.ReactNativeFeatureFlags instead.
w: file:///Users/mostafamohamedelazab/Documents/lamma/node_modules/react-native-screens/android/src/main/java/com/swmansion/rnscreens/gamma/modals/formsheet/FormSheetContentView.kt:39:33 'fun getEventDispatcher(context: ReactContext, uiManagerType: Int): EventDispatcher?' is deprecated. UIManagerType is no longer needed.
w: file:///Users/mostafamohamedelazab/Documents/lamma/node_modules/react-native-screens/android/src/main/java/com/swmansion/rnscreens/gamma/modals/formsheet/FormSheetContentView.kt:44:13 'object ReactFeatureFlags : Any' is deprecated. Use com.facebook.react.internal.featureflags.ReactNativeFeatureFlags instead.
w: file:///Users/mostafamohamedelazab/Documents/lamma/node_modules/react-native-screens/android/src/main/java/com/swmansion/rnscreens/gamma/modals/formsheet/FormSheetHostViewManager.kt:38:9 The corresponding parameter in the supertype 'ViewGroupManager' is named 'view'. This may cause problems when calling this function with named arguments.
w: file:///Users/mostafamohamedelazab/Documents/lamma/node_modules/react-native-screens/android/src/main/java/com/swmansion/rnscreens/gamma/tabs/host/TabsHostViewManager.kt:44:9 The corresponding parameter in the supertype 'ViewGroupManager' is named 'view'. This may cause problems when calling this function with named arguments.
w: file:///Users/mostafamohamedelazab/Documents/lamma/node_modules/react-native-screens/android/src/main/java/com/swmansion/rnscreens/safearea/SafeAreaView.kt:143:45 'fun consumeDisplayCutout(): @NonNull() WindowInsetsCompat' is deprecated. Deprecated in Java.

> Task :react-native-gesture-handler:compileDebugJavaWithJavac
> Task :react-native-gesture-handler:bundleLibCompileToJarDebug
> Task :react-native-screens:compileDebugJavaWithJavac
> Task :react-native-gesture-handler:processDebugJavaRes
> Task :react-native-screens:processDebugJavaRes
> Task :react-native-screens:bundleLibCompileToJarDebug
> Task :react-native-firebase_auth:bundleLibRuntimeToDirDebug
> Task :react-native-gesture-handler:bundleLibRuntimeToDirDebug
> Task :react-native-screens:bundleLibRuntimeToDirDebug
> Task :invertase_react-native-apple-authentication:writeDebugAarMetadata
> Task :react-native-firebase_firestore:bundleLibRuntimeToDirDebug
> Task :react-native-firebase_app:bundleLibRuntimeToDirDebug
> Task :react-native-async-storage_async-storage:writeDebugAarMetadata
> Task :react-native-clipboard_clipboard:writeDebugAarMetadata
> Task :react-native-firebase_app:writeDebugAarMetadata
> Task :react-native-firebase_auth:writeDebugAarMetadata
> Task :react-native-firebase_firestore:writeDebugAarMetadata
> Task :react-native-gesture-handler:writeDebugAarMetadata
> Task :react-native-google-signin_google-signin:writeDebugAarMetadata
> Task :react-native-safe-area-context:writeDebugAarMetadata
> Task :react-native-screens:writeDebugAarMetadata
> Task :react-native-svg:writeDebugAarMetadata
> Task :react-native-svg:bundleLibRuntimeToDirDebug
> Task :app:mapDebugSourceSetPaths
> Task :app:checkDebugAarMetadata

> Task :app:compileDebugKotlin
w: file:///Users/mostafamohamedelazab/Documents/lamma/android/app/src/main/java/com/lamma/MainActivity.kt:21:7 'constructor(activity: ReactActivity, mainComponentName: String, fabricEnabled: Boolean): DefaultReactActivityDelegate' is deprecated. Creating DefaultReactActivityDelegate with flags is deprecated.

> Task :app:compileDebugNavigationResources
> Task :app:compileDebugJavaWithJavac
> Task :app:processDebugJavaRes
> Task :app:mergeLibDexDebug
> Task :app:mergeDebugJavaResource
> Task :app:createDebugCompatibleScreenManifests
> Task :app:extractDeepLinksDebug
> Task :invertase_react-native-apple-authentication:extractDeepLinksDebug
> Task :react-native-async-storage_async-storage:extractDeepLinksDebug
> Task :react-native-clipboard_clipboard:extractDeepLinksDebug
> Task :react-native-firebase_app:extractDeepLinksDebug
> Task :react-native-firebase_auth:extractDeepLinksDebug
> Task :react-native-firebase_firestore:extractDeepLinksDebug
> Task :react-native-gesture-handler:extractDeepLinksDebug

> Task :invertase_react-native-apple-authentication:processDebugManifest
package="com.RNAppleAuthentication" found in source AndroidManifest.xml: /Users/mostafamohamedelazab/Documents/lamma/node_modules/@invertase/react-native-apple-authentication/android/src/main/AndroidManifest.xml.
Setting the namespace via the package attribute in the source AndroidManifest.xml is no longer supported, and the value is ignored.
Recommendation: remove package="com.RNAppleAuthentication" from the source AndroidManifest.xml: /Users/mostafamohamedelazab/Documents/lamma/node_modules/@invertase/react-native-apple-authentication/android/src/main/AndroidManifest.xml.

> Task :react-native-firebase_auth:processDebugManifest
package="io.invertase.firebase.auth" found in source AndroidManifest.xml: /Users/mostafamohamedelazab/Documents/lamma/node_modules/@react-native-firebase/auth/android/src/main/AndroidManifest.xml.
Setting the namespace via the package attribute in the source AndroidManifest.xml is no longer supported, and the value is ignored.
Recommendation: remove package="io.invertase.firebase.auth" from the source AndroidManifest.xml: /Users/mostafamohamedelazab/Documents/lamma/node_modules/@react-native-firebase/auth/android/src/main/AndroidManifest.xml.

> Task :react-native-gesture-handler:processDebugManifest
> Task :react-native-clipboard_clipboard:processDebugManifest

> Task :react-native-async-storage_async-storage:processDebugManifest
package="com.reactnativecommunity.asyncstorage" found in source AndroidManifest.xml: /Users/mostafamohamedelazab/Documents/lamma/node_modules/@react-native-async-storage/async-storage/android/src/main/AndroidManifest.xml.
Setting the namespace via the package attribute in the source AndroidManifest.xml is no longer supported, and the value is ignored.
Recommendation: remove package="com.reactnativecommunity.asyncstorage" from the source AndroidManifest.xml: /Users/mostafamohamedelazab/Documents/lamma/node_modules/@react-native-async-storage/async-storage/android/src/main/AndroidManifest.xml.

> Task :react-native-firebase_firestore:processDebugManifest
package="io.invertase.firebase.firestore" found in source AndroidManifest.xml: /Users/mostafamohamedelazab/Documents/lamma/node_modules/@react-native-firebase/firestore/android/src/main/AndroidManifest.xml.
Setting the namespace via the package attribute in the source AndroidManifest.xml is no longer supported, and the value is ignored.
Recommendation: remove package="io.invertase.firebase.firestore" from the source AndroidManifest.xml: /Users/mostafamohamedelazab/Documents/lamma/node_modules/@react-native-firebase/firestore/android/src/main/AndroidManifest.xml.

> Task :react-native-firebase_app:processDebugManifest
package="io.invertase.firebase" found in source AndroidManifest.xml: /Users/mostafamohamedelazab/Documents/lamma/node_modules/@react-native-firebase/app/android/src/main/AndroidManifest.xml.
Setting the namespace via the package attribute in the source AndroidManifest.xml is no longer supported, and the value is ignored.
Recommendation: remove package="io.invertase.firebase" from the source AndroidManifest.xml: /Users/mostafamohamedelazab/Documents/lamma/node_modules/@react-native-firebase/app/android/src/main/AndroidManifest.xml.

> Task :react-native-google-signin_google-signin:extractDeepLinksDebug

> Task :react-native-google-signin_google-signin:processDebugManifest
package="com.reactnativegooglesignin" found in source AndroidManifest.xml: /Users/mostafamohamedelazab/Documents/lamma/node_modules/@react-native-google-signin/google-signin/android/src/main/AndroidManifest.xml.
Setting the namespace via the package attribute in the source AndroidManifest.xml is no longer supported, and the value is ignored.
Recommendation: remove package="com.reactnativegooglesignin" from the source AndroidManifest.xml: /Users/mostafamohamedelazab/Documents/lamma/node_modules/@react-native-google-signin/google-signin/android/src/main/AndroidManifest.xml.

> Task :react-native-safe-area-context:extractDeepLinksDebug
> Task :react-native-screens:extractDeepLinksDebug

> Task :react-native-safe-area-context:processDebugManifest
package="com.th3rdwave.safeareacontext" found in source AndroidManifest.xml: /Users/mostafamohamedelazab/Documents/lamma/node_modules/react-native-safe-area-context/android/src/main/AndroidManifest.xml.
Setting the namespace via the package attribute in the source AndroidManifest.xml is no longer supported, and the value is ignored.
Recommendation: remove package="com.th3rdwave.safeareacontext" from the source AndroidManifest.xml: /Users/mostafamohamedelazab/Documents/lamma/node_modules/react-native-safe-area-context/android/src/main/AndroidManifest.xml.

> Task :react-native-svg:extractDeepLinksDebug
> Task :react-native-screens:processDebugManifest
> Task :react-native-svg:processDebugManifest
> Task :invertase_react-native-apple-authentication:mapDebugSourceSetPaths
> Task :app:mergeDebugResources
> Task :app:processDebugMainManifest
> Task :app:processDebugManifest
> Task :invertase_react-native-apple-authentication:compileDebugLibraryResources
> Task :react-native-async-storage_async-storage:mapDebugSourceSetPaths
> Task :react-native-async-storage_async-storage:compileDebugLibraryResources
> Task :react-native-clipboard_clipboard:mapDebugSourceSetPaths
> Task :react-native-clipboard_clipboard:compileDebugLibraryResources
> Task :react-native-firebase_app:mapDebugSourceSetPaths
> Task :react-native-firebase_app:compileDebugLibraryResources
> Task :react-native-firebase_auth:mapDebugSourceSetPaths
> Task :react-native-firebase_auth:compileDebugLibraryResources
> Task :react-native-firebase_firestore:mapDebugSourceSetPaths
> Task :react-native-firebase_firestore:compileDebugLibraryResources
> Task :react-native-gesture-handler:mapDebugSourceSetPaths
> Task :react-native-gesture-handler:compileDebugLibraryResources
> Task :react-native-google-signin_google-signin:mapDebugSourceSetPaths
> Task :react-native-google-signin_google-signin:compileDebugLibraryResources
> Task :react-native-safe-area-context:mapDebugSourceSetPaths
> Task :react-native-safe-area-context:compileDebugLibraryResources
> Task :react-native-screens:mapDebugSourceSetPaths
> Task :react-native-svg:mapDebugSourceSetPaths
> Task :react-native-svg:compileDebugLibraryResources
> Task :react-native-screens:compileDebugLibraryResources
> Task :app:configureCMakeDebug[arm64-v8a]
> Task :app:processDebugManifestForPackage
> Task :app:buildCMakeDebug[arm64-v8a]
> Task :app:configureCMakeDebug[armeabi-v7a]
> Task :app:buildCMakeDebug[armeabi-v7a]
> Task :app:configureCMakeDebug[x86]
> Task :app:buildCMakeDebug[x86]
> Task :app:configureCMakeDebug[x86_64]
> Task :app:buildCMakeDebug[x86_64]
> Task :app:mergeDebugJniLibFolders
> Task :invertase_react-native-apple-authentication:mergeDebugJniLibFolders
> Task :invertase_react-native-apple-authentication:mergeDebugNativeLibs NO-SOURCE
> Task :react-native-async-storage_async-storage:mergeDebugJniLibFolders
> Task :react-native-async-storage_async-storage:mergeDebugNativeLibs NO-SOURCE
> Task :react-native-clipboard_clipboard:mergeDebugJniLibFolders
> Task :invertase_react-native-apple-authentication:copyDebugJniLibsProjectOnly
> Task :react-native-async-storage_async-storage:copyDebugJniLibsProjectOnly
> Task :react-native-clipboard_clipboard:mergeDebugNativeLibs NO-SOURCE
> Task :react-native-clipboard_clipboard:copyDebugJniLibsProjectOnly
> Task :react-native-firebase_app:mergeDebugJniLibFolders
> Task :react-native-firebase_app:mergeDebugNativeLibs NO-SOURCE
> Task :react-native-firebase_app:copyDebugJniLibsProjectOnly
> Task :react-native-firebase_auth:mergeDebugJniLibFolders
> Task :react-native-firebase_auth:mergeDebugNativeLibs NO-SOURCE
> Task :react-native-firebase_auth:copyDebugJniLibsProjectOnly
> Task :react-native-firebase_firestore:mergeDebugJniLibFolders
> Task :react-native-firebase_firestore:mergeDebugNativeLibs NO-SOURCE
> Task :react-native-firebase_firestore:copyDebugJniLibsProjectOnly
> Task :app:processDebugResources
> Task :react-native-gesture-handler:configureCMakeDebug[arm64-v8a]
> Task :app:dexBuilderDebug
> Task :app:mergeProjectDexDebug
> Task :react-native-gesture-handler:buildCMakeDebug[arm64-v8a]
> Task :react-native-gesture-handler:configureCMakeDebug[armeabi-v7a]
> Task :react-native-gesture-handler:buildCMakeDebug[armeabi-v7a]
> Task :react-native-gesture-handler:configureCMakeDebug[x86]
> Task :react-native-gesture-handler:buildCMakeDebug[x86]
> Task :react-native-gesture-handler:configureCMakeDebug[x86_64]
> Task :react-native-gesture-handler:buildCMakeDebug[x86_64]
> Task :react-native-gesture-handler:mergeDebugJniLibFolders
> Task :react-native-google-signin_google-signin:mergeDebugJniLibFolders
> Task :react-native-google-signin_google-signin:mergeDebugNativeLibs NO-SOURCE
> Task :react-native-google-signin_google-signin:copyDebugJniLibsProjectOnly
> Task :react-native-safe-area-context:mergeDebugJniLibFolders
> Task :react-native-safe-area-context:mergeDebugNativeLibs NO-SOURCE
> Task :react-native-safe-area-context:copyDebugJniLibsProjectOnly
> Task :react-native-gesture-handler:mergeDebugNativeLibs
> Task :react-native-screens:configureCMakeDebug[arm64-v8a]
> Task :react-native-gesture-handler:copyDebugJniLibsProjectOnly
> Task :react-native-screens:buildCMakeDebug[arm64-v8a]
> Task :react-native-screens:configureCMakeDebug[armeabi-v7a]
> Task :react-native-screens:buildCMakeDebug[armeabi-v7a]
> Task :react-native-screens:configureCMakeDebug[x86]
> Task :react-native-screens:buildCMakeDebug[x86]
> Task :react-native-screens:configureCMakeDebug[x86_64]
> Task :react-native-screens:buildCMakeDebug[x86_64]
> Task :react-native-screens:mergeDebugJniLibFolders
> Task :react-native-svg:mergeDebugJniLibFolders
> Task :react-native-svg:mergeDebugNativeLibs NO-SOURCE
> Task :react-native-svg:copyDebugJniLibsProjectOnly
> Task :app:validateSigningDebug
> Task :app:writeDebugAppMetadata
> Task :app:writeDebugSigningConfigVersions
> Task :react-native-screens:mergeDebugNativeLibs
> Task :react-native-screens:copyDebugJniLibsProjectOnly
> Task :app:mergeDebugNativeLibs
> Task :app:stripDebugDebugSymbols
> Task :app:packageDebug
> Task :app:createDebugApkListingFileRedirect
> Task :app:assembleDebug

[Incubating] Problems report is available at: file:///Users/mostafamohamedelazab/Documents/lamma/android/build/reports/problems/problems-report.html

Deprecated Gradle features were used in this build, making it incompatible with Gradle 10.

You can use '--warning-mode all' to show the individual deprecation warnings and determine if they come from your own scripts or plugins.

For more on this, please refer to https://docs.gradle.org/9.4.1/userguide/command_line_interface.html#sec:command_line_warnings in the Gradle documentation.

BUILD SUCCESSFUL in 19m 57s
298 actionable tasks: 288 executed, 10 up-to-date
Consider enabling configuration cache to speed up this build: https://docs.gradle.org/9.4.1/userguide/configuration_cache_enabling.html
info Connecting to the development server...
8081
info Installing the app on the device "R8MRHEEYW4MJSKXO"...
Performing Streamed Install
Success
info Starting the app on "R8MRHEEYW4MJSKXO"...
Starting: Intent { act=android.intent.action.MAIN cat=[android.intent.category.LAUNCHER] cmp=com.lamma/.MainActivity }
